Java HotSpot(TM) 64-Bit Server VM (25.60-b23) for bsd-amd64 JRE (1.8.0_60-b27), built on Aug  4 2015 10:47:24 by "java_re" with gcc 4.2.1 (Based on Apple Inc. build 5658) (LLVM build 2336.11.00)
Memory: 4k page, physical 16777216k(1139684k free)

/proc/meminfo:

CommandLine flags: -XX:CMSInitiatingOccupancyFraction=50 -XX:CMSMaxAbortablePrecleanTime=6000 -XX:+CMSParallelRemarkEnabled -XX:+CMSScavengeBeforeRemark -XX:ConcGCThreads=4 -XX:InitialHeapSize=536870912 -XX:MaxHeapSize=536870912 -XX:MaxTenuringThreshold=8 -XX:NewRatio=3 -XX:OldPLABSize=16 -XX:ParallelGCThreads=4 -XX:+ParallelRefProcEnabled -XX:PretenureSizeThreshold=67108864 -XX:+PrintGC -XX:+PrintGCApplicationStoppedTime -XX:+PrintGCDateStamps -XX:+PrintGCDetails -XX:+PrintGCTimeStamps -XX:+PrintHeapAtGC -XX:+PrintTenuringDistribution -XX:SurvivorRatio=4 -XX:TargetSurvivorRatio=90 -XX:ThreadStackSize=256 -XX:+UseCMSInitiatingOccupancyOnly -XX:+UseCompressedClassPointers -XX:+UseCompressedOops -XX:+UseConcMarkSweepGC -XX:+UseParNewGC 
2015-09-01T16:25:09.015-0530: 0.344: Total time for which application threads were stopped: 0.0001545 seconds, Stopping threads took: 0.0000135 seconds
2015-09-01T16:25:09.109-0530: 0.438: Total time for which application threads were stopped: 0.0001413 seconds, Stopping threads took: 0.0000173 seconds
2015-09-01T16:25:09.253-0530: 0.582: Total time for which application threads were stopped: 0.0001325 seconds, Stopping threads took: 0.0000134 seconds
2015-09-01T16:25:09.311-0530: 0.639: Total time for which application threads were stopped: 0.0001686 seconds, Stopping threads took: 0.0000154 seconds
2015-09-01T16:25:09.331-0530: 0.659: Total time for which application threads were stopped: 0.0002388 seconds, Stopping threads took: 0.0000313 seconds
2015-09-01T16:25:09.348-0530: 0.676: Total time for which application threads were stopped: 0.0002106 seconds, Stopping threads took: 0.0000186 seconds
{Heap before GC invocations=0 (full 0):
 par new generation   total 109248K, used 87424K [0x00000007a0000000, 0x00000007a8000000, 0x00000007a8000000)
  eden space 87424K, 100% used [0x00000007a0000000, 0x00000007a5560000, 0x00000007a5560000)
  from space 21824K,   0% used [0x00000007a5560000, 0x00000007a5560000, 0x00000007a6ab0000)
  to   space 21824K,   0% used [0x00000007a6ab0000, 0x00000007a6ab0000, 0x00000007a8000000)
 concurrent mark-sweep generation total 393216K, used 0K [0x00000007a8000000, 0x00000007c0000000, 0x00000007c0000000)
 Metaspace       used 10050K, capacity 10258K, committed 10496K, reserved 1058816K
  class space    used 1140K, capacity 1209K, committed 1280K, reserved 1048576K
2015-09-01T16:25:09.629-0530: 0.958: [GC (Allocation Failure) 2015-09-01T16:25:09.630-0530: 0.958: [ParNew
Desired survivor size 20112992 bytes, new threshold 8 (max 8)
- age   1:    5475808 bytes,    5475808 total
: 87424K->5403K(109248K), 0.0083303 secs] 87424K->5403K(502464K), 0.0084350 secs] [Times: user=0.03 sys=0.00, real=0.01 secs] 
Heap after GC invocations=1 (full 0):
 par new generation   total 109248K, used 5403K [0x00000007a0000000, 0x00000007a8000000, 0x00000007a8000000)
  eden space 87424K,   0% used [0x00000007a0000000, 0x00000007a0000000, 0x00000007a5560000)
  from space 21824K,  24% used [0x00000007a6ab0000, 0x00000007a6ff6c08, 0x00000007a8000000)
  to   space 21824K,   0% used [0x00000007a5560000, 0x00000007a5560000, 0x00000007a6ab0000)
 concurrent mark-sweep generation total 393216K, used 0K [0x00000007a8000000, 0x00000007c0000000, 0x00000007c0000000)
 Metaspace       used 10050K, capacity 10258K, committed 10496K, reserved 1058816K
  class space    used 1140K, capacity 1209K, committed 1280K, reserved 1048576K
}
2015-09-01T16:25:09.638-0530: 0.966: Total time for which application threads were stopped: 0.0086697 seconds, Stopping threads took: 0.0000420 seconds
2015-09-01T16:25:09.731-0530: 1.059: Total time for which application threads were stopped: 0.0001829 seconds, Stopping threads took: 0.0000148 seconds
2015-09-01T16:25:10.057-0530: 1.386: Total time for which application threads were stopped: 0.0003216 seconds, Stopping threads took: 0.0000189 seconds
2015-09-01T16:25:10.059-0530: 1.387: Total time for which application threads were stopped: 0.0001752 seconds, Stopping threads took: 0.0000111 seconds
2015-09-01T16:25:10.063-0530: 1.391: Total time for which application threads were stopped: 0.0002074 seconds, Stopping threads took: 0.0000138 seconds
2015-09-01T16:25:11.067-0530: 2.395: Total time for which application threads were stopped: 0.0002452 seconds, Stopping threads took: 0.0000421 seconds
2015-09-01T16:25:12.784-0530: 4.113: Total time for which application threads were stopped: 0.0003686 seconds, Stopping threads took: 0.0000427 seconds
2015-09-01T16:25:14.514-0530: 5.843: Total time for which application threads were stopped: 0.0000898 seconds, Stopping threads took: 0.0000184 seconds
2015-09-01T16:25:14.519-0530: 5.848: Total time for which application threads were stopped: 0.0000862 seconds, Stopping threads took: 0.0000210 seconds
2015-09-01T16:25:14.547-0530: 5.875: Total time for which application threads were stopped: 0.0002619 seconds, Stopping threads took: 0.0000172 seconds
2015-09-01T16:25:14.566-0530: 5.895: Total time for which application threads were stopped: 0.0000744 seconds, Stopping threads took: 0.0000175 seconds
2015-09-01T16:25:14.584-0530: 5.913: Total time for which application threads were stopped: 0.0003433 seconds, Stopping threads took: 0.0000218 seconds
2015-09-01T16:25:14.631-0530: 5.960: Total time for which application threads were stopped: 0.0002453 seconds, Stopping threads took: 0.0000149 seconds
2015-09-01T16:25:14.633-0530: 5.961: Total time for which application threads were stopped: 0.0001008 seconds, Stopping threads took: 0.0000376 seconds
2015-09-01T16:25:14.633-0530: 5.961: Total time for which application threads were stopped: 0.0000604 seconds, Stopping threads took: 0.0000236 seconds
2015-09-01T16:25:14.633-0530: 5.961: Total time for which application threads were stopped: 0.0000623 seconds, Stopping threads took: 0.0000346 seconds
2015-09-01T16:25:14.633-0530: 5.962: Total time for which application threads were stopped: 0.0000427 seconds, Stopping threads took: 0.0000073 seconds
2015-09-01T16:25:14.633-0530: 5.962: Total time for which application threads were stopped: 0.0000562 seconds, Stopping threads took: 0.0000222 seconds
2015-09-01T16:25:14.640-0530: 5.968: Total time for which application threads were stopped: 0.0001017 seconds, Stopping threads took: 0.0000401 seconds
2015-09-01T16:25:14.640-0530: 5.968: Total time for which application threads were stopped: 0.0000873 seconds, Stopping threads took: 0.0000423 seconds
2015-09-01T16:25:14.640-0530: 5.969: Total time for which application threads were stopped: 0.0000507 seconds, Stopping threads took: 0.0000202 seconds
2015-09-01T16:25:14.640-0530: 5.969: Total time for which application threads were stopped: 0.0000574 seconds, Stopping threads took: 0.0000192 seconds
2015-09-01T16:25:14.640-0530: 5.969: Total time for which application threads were stopped: 0.0000534 seconds, Stopping threads took: 0.0000216 seconds
2015-09-01T16:25:14.682-0530: 6.010: Total time for which application threads were stopped: 0.0000747 seconds, Stopping threads took: 0.0000176 seconds
2015-09-01T16:25:14.682-0530: 6.011: Total time for which application threads were stopped: 0.0000650 seconds, Stopping threads took: 0.0000117 seconds
2015-09-01T16:25:14.686-0530: 6.015: Total time for which application threads were stopped: 0.0001462 seconds, Stopping threads took: 0.0000342 seconds
2015-09-01T16:25:14.686-0530: 6.015: Total time for which application threads were stopped: 0.0000487 seconds, Stopping threads took: 0.0000095 seconds
2015-09-01T16:25:14.687-0530: 6.015: Total time for which application threads were stopped: 0.0000525 seconds, Stopping threads took: 0.0000173 seconds
2015-09-01T16:25:14.691-0530: 6.019: Total time for which application threads were stopped: 0.0001051 seconds, Stopping threads took: 0.0000416 seconds
2015-09-01T16:25:14.691-0530: 6.019: Total time for which application threads were stopped: 0.0000871 seconds, Stopping threads took: 0.0000358 seconds
2015-09-01T16:25:14.693-0530: 6.022: Total time for which application threads were stopped: 0.0000717 seconds, Stopping threads took: 0.0000166 seconds
2015-09-01T16:25:14.693-0530: 6.022: Total time for which application threads were stopped: 0.0000377 seconds, Stopping threads took: 0.0000080 seconds
2015-09-01T16:25:14.694-0530: 6.023: Total time for which application threads were stopped: 0.0000695 seconds, Stopping threads took: 0.0000291 seconds
2015-09-01T16:25:14.700-0530: 6.028: Total time for which application threads were stopped: 0.0000936 seconds, Stopping threads took: 0.0000174 seconds
2015-09-01T16:25:14.700-0530: 6.028: Total time for which application threads were stopped: 0.0000911 seconds, Stopping threads took: 0.0000501 seconds
2015-09-01T16:25:14.700-0530: 6.029: Total time for which application threads were stopped: 0.0000742 seconds, Stopping threads took: 0.0000378 seconds
2015-09-01T16:25:14.700-0530: 6.029: Total time for which application threads were stopped: 0.0000749 seconds, Stopping threads took: 0.0000260 seconds
2015-09-01T16:25:14.700-0530: 6.029: Total time for which application threads were stopped: 0.0000653 seconds, Stopping threads took: 0.0000101 seconds
2015-09-01T16:25:14.707-0530: 6.035: Total time for which application threads were stopped: 0.0001079 seconds, Stopping threads took: 0.0000329 seconds
2015-09-01T16:25:14.707-0530: 6.035: Total time for which application threads were stopped: 0.0001213 seconds, Stopping threads took: 0.0000278 seconds
2015-09-01T16:25:14.707-0530: 6.035: Total time for which application threads were stopped: 0.0000586 seconds, Stopping threads took: 0.0000207 seconds
2015-09-01T16:25:14.713-0530: 6.042: Total time for which application threads were stopped: 0.0000875 seconds, Stopping threads took: 0.0000192 seconds
2015-09-01T16:25:14.713-0530: 6.042: Total time for which application threads were stopped: 0.0000571 seconds, Stopping threads took: 0.0000119 seconds
2015-09-01T16:25:14.714-0530: 6.043: Total time for which application threads were stopped: 0.0000669 seconds, Stopping threads took: 0.0000294 seconds
2015-09-01T16:25:14.720-0530: 6.049: Total time for which application threads were stopped: 0.0001224 seconds, Stopping threads took: 0.0000389 seconds
2015-09-01T16:25:14.720-0530: 6.049: Total time for which application threads were stopped: 0.0000592 seconds, Stopping threads took: 0.0000093 seconds
2015-09-01T16:25:14.720-0530: 6.049: Total time for which application threads were stopped: 0.0000638 seconds, Stopping threads took: 0.0000096 seconds
2015-09-01T16:25:14.720-0530: 6.049: Total time for which application threads were stopped: 0.0000586 seconds, Stopping threads took: 0.0000073 seconds
2015-09-01T16:25:14.720-0530: 6.049: Total time for which application threads were stopped: 0.0000553 seconds, Stopping threads took: 0.0000073 seconds
2015-09-01T16:25:14.727-0530: 6.056: Total time for which application threads were stopped: 0.0001167 seconds, Stopping threads took: 0.0000408 seconds
2015-09-01T16:25:14.727-0530: 6.056: Total time for which application threads were stopped: 0.0000895 seconds, Stopping threads took: 0.0000285 seconds
2015-09-01T16:25:14.727-0530: 6.056: Total time for which application threads were stopped: 0.0000763 seconds, Stopping threads took: 0.0000280 seconds
2015-09-01T16:25:14.727-0530: 6.056: Total time for which application threads were stopped: 0.0000926 seconds, Stopping threads took: 0.0000298 seconds
2015-09-01T16:25:14.728-0530: 6.056: Total time for which application threads were stopped: 0.0000838 seconds, Stopping threads took: 0.0000246 seconds
2015-09-01T16:25:14.733-0530: 6.062: Total time for which application threads were stopped: 0.0002627 seconds, Stopping threads took: 0.0001863 seconds
2015-09-01T16:25:14.734-0530: 6.062: Total time for which application threads were stopped: 0.0001790 seconds, Stopping threads took: 0.0000206 seconds
2015-09-01T16:25:14.734-0530: 6.063: Total time for which application threads were stopped: 0.0000633 seconds, Stopping threads took: 0.0000127 seconds
2015-09-01T16:25:14.735-0530: 6.063: Total time for which application threads were stopped: 0.0000797 seconds, Stopping threads took: 0.0000169 seconds
2015-09-01T16:25:14.741-0530: 6.070: Total time for which application threads were stopped: 0.0001955 seconds, Stopping threads took: 0.0000391 seconds
2015-09-01T16:25:14.742-0530: 6.071: Total time for which application threads were stopped: 0.0001284 seconds, Stopping threads took: 0.0000191 seconds
2015-09-01T16:25:14.867-0530: 6.196: Total time for which application threads were stopped: 0.0000905 seconds, Stopping threads took: 0.0000197 seconds
2015-09-01T16:25:14.868-0530: 6.196: Total time for which application threads were stopped: 0.0000549 seconds, Stopping threads took: 0.0000103 seconds
2015-09-01T16:25:14.868-0530: 6.197: Total time for which application threads were stopped: 0.0001062 seconds, Stopping threads took: 0.0000412 seconds
2015-09-01T16:25:14.892-0530: 6.221: Total time for which application threads were stopped: 0.0003733 seconds, Stopping threads took: 0.0000176 seconds
{Heap before GC invocations=1 (full 0):
 par new generation   total 109248K, used 92827K [0x00000007a0000000, 0x00000007a8000000, 0x00000007a8000000)
  eden space 87424K, 100% used [0x00000007a0000000, 0x00000007a5560000, 0x00000007a5560000)
  from space 21824K,  24% used [0x00000007a6ab0000, 0x00000007a6ff6c08, 0x00000007a8000000)
  to   space 21824K,   0% used [0x00000007a5560000, 0x00000007a5560000, 0x00000007a6ab0000)
 concurrent mark-sweep generation total 393216K, used 0K [0x00000007a8000000, 0x00000007c0000000, 0x00000007c0000000)
 Metaspace       used 20266K, capacity 20684K, committed 21120K, reserved 1067008K
  class space    used 2421K, capacity 2565K, committed 2688K, reserved 1048576K
2015-09-01T16:25:14.959-0530: 6.287: [GC (Allocation Failure) 2015-09-01T16:25:14.959-0530: 6.287: [ParNew
Desired survivor size 20112992 bytes, new threshold 8 (max 8)
- age   1:    9105328 bytes,    9105328 total
- age   2:    2469936 bytes,   11575264 total
: 92827K->13021K(109248K), 0.0158898 secs] 92827K->13021K(502464K), 0.0160012 secs] [Times: user=0.04 sys=0.01, real=0.02 secs] 
Heap after GC invocations=2 (full 0):
 par new generation   total 109248K, used 13021K [0x00000007a0000000, 0x00000007a8000000, 0x00000007a8000000)
  eden space 87424K,   0% used [0x00000007a0000000, 0x00000007a0000000, 0x00000007a5560000)
  from space 21824K,  59% used [0x00000007a5560000, 0x00000007a6217528, 0x00000007a6ab0000)
  to   space 21824K,   0% used [0x00000007a6ab0000, 0x00000007a6ab0000, 0x00000007a8000000)
 concurrent mark-sweep generation total 393216K, used 0K [0x00000007a8000000, 0x00000007c0000000, 0x00000007c0000000)
 Metaspace       used 20266K, capacity 20684K, committed 21120K, reserved 1067008K
  class space    used 2421K, capacity 2565K, committed 2688K, reserved 1048576K
}
2015-09-01T16:25:14.975-0530: 6.304: Total time for which application threads were stopped: 0.0163064 seconds, Stopping threads took: 0.0000190 seconds
2015-09-01T16:25:14.977-0530: 6.305: Total time for which application threads were stopped: 0.0002030 seconds, Stopping threads took: 0.0001183 seconds
2015-09-01T16:25:14.977-0530: 6.305: Total time for which application threads were stopped: 0.0000880 seconds, Stopping threads took: 0.0000360 seconds
2015-09-01T16:25:14.977-0530: 6.306: Total time for which application threads were stopped: 0.0000944 seconds, Stopping threads took: 0.0000444 seconds
2015-09-01T16:25:14.977-0530: 6.306: Total time for which application threads were stopped: 0.0001691 seconds, Stopping threads took: 0.0000330 seconds
2015-09-01T16:25:15.042-0530: 6.371: Total time for which application threads were stopped: 0.0001597 seconds, Stopping threads took: 0.0000209 seconds
2015-09-01T16:25:15.160-0530: 6.488: Total time for which application threads were stopped: 0.0001304 seconds, Stopping threads took: 0.0000209 seconds
2015-09-01T16:25:15.178-0530: 6.507: Total time for which application threads were stopped: 0.0003452 seconds, Stopping threads took: 0.0000214 seconds
2015-09-01T16:25:15.221-0530: 6.549: Total time for which application threads were stopped: 0.0004009 seconds, Stopping threads took: 0.0000186 seconds
2015-09-01T16:25:15.260-0530: 6.589: Total time for which application threads were stopped: 0.0001343 seconds, Stopping threads took: 0.0000230 seconds
2015-09-01T16:25:15.333-0530: 6.662: Total time for which application threads were stopped: 0.0005169 seconds, Stopping threads took: 0.0000214 seconds
2015-09-01T16:25:15.401-0530: 6.730: Total time for which application threads were stopped: 0.0001382 seconds, Stopping threads took: 0.0000241 seconds
{Heap before GC invocations=2 (full 0):
 par new generation   total 109248K, used 100445K [0x00000007a0000000, 0x00000007a8000000, 0x00000007a8000000)
  eden space 87424K, 100% used [0x00000007a0000000, 0x00000007a5560000, 0x00000007a5560000)
  from space 21824K,  59% used [0x00000007a5560000, 0x00000007a6217528, 0x00000007a6ab0000)
  to   space 21824K,   0% used [0x00000007a6ab0000, 0x00000007a6ab0000, 0x00000007a8000000)
 concurrent mark-sweep generation total 393216K, used 0K [0x00000007a8000000, 0x00000007c0000000, 0x00000007c0000000)
 Metaspace       used 21691K, capacity 22130K, committed 22292K, reserved 1069056K
  class space    used 2572K, capacity 2726K, committed 2764K, reserved 1048576K
2015-09-01T16:25:15.495-0530: 6.824: [GC (Allocation Failure) 2015-09-01T16:25:15.495-0530: 6.824: [ParNew
Desired survivor size 20112992 bytes, new threshold 8 (max 8)
- age   1:    2340432 bytes,    2340432 total
- age   2:    3332944 bytes,    5673376 total
- age   3:    2466216 bytes,    8139592 total
: 100445K->11682K(109248K), 0.0098256 secs] 100445K->11682K(502464K), 0.0099342 secs] [Times: user=0.04 sys=0.00, real=0.01 secs] 
Heap after GC invocations=3 (full 0):
 par new generation   total 109248K, used 11682K [0x00000007a0000000, 0x00000007a8000000, 0x00000007a8000000)
  eden space 87424K,   0% used [0x00000007a0000000, 0x00000007a0000000, 0x00000007a5560000)
  from space 21824K,  53% used [0x00000007a6ab0000, 0x00000007a7618a50, 0x00000007a8000000)
  to   space 21824K,   0% used [0x00000007a5560000, 0x00000007a5560000, 0x00000007a6ab0000)
 concurrent mark-sweep generation total 393216K, used 0K [0x00000007a8000000, 0x00000007c0000000, 0x00000007c0000000)
 Metaspace       used 21691K, capacity 22130K, committed 22292K, reserved 1069056K
  class space    used 2572K, capacity 2726K, committed 2764K, reserved 1048576K
}
2015-09-01T16:25:15.505-0530: 6.834: Total time for which application threads were stopped: 0.0101710 seconds, Stopping threads took: 0.0000503 seconds
2015-09-01T16:25:15.505-0530: 6.834: [GC (CMS Initial Mark) [1 CMS-initial-mark: 0K(393216K)] 11698K(502464K), 0.0028985 secs] [Times: user=0.01 sys=0.00, real=0.00 secs] 
2015-09-01T16:25:15.508-0530: 6.837: Total time for which application threads were stopped: 0.0032073 seconds, Stopping threads took: 0.0001945 seconds
2015-09-01T16:25:15.508-0530: 6.837: [CMS-concurrent-mark-start]
2015-09-01T16:25:15.509-0530: 6.837: [CMS-concurrent-mark: 0.000/0.000 secs] [Times: user=0.00 sys=0.00, real=0.00 secs] 
2015-09-01T16:25:15.509-0530: 6.837: [CMS-concurrent-preclean-start]
2015-09-01T16:25:15.510-0530: 6.838: [CMS-concurrent-preclean: 0.001/0.001 secs] [Times: user=0.00 sys=0.00, real=0.01 secs] 
2015-09-01T16:25:15.510-0530: 6.838: Total time for which application threads were stopped: 0.0001348 seconds, Stopping threads took: 0.0000675 seconds
2015-09-01T16:25:15.510-0530: 6.839: [GC (CMS Final Remark) [YG occupancy: 11698 K (109248 K)]{Heap before GC invocations=3 (full 1):
 par new generation   total 109248K, used 11698K [0x00000007a0000000, 0x00000007a8000000, 0x00000007a8000000)
  eden space 87424K,   0% used [0x00000007a0000000, 0x00000007a0004028, 0x00000007a5560000)
  from space 21824K,  53% used [0x00000007a6ab0000, 0x00000007a7618a50, 0x00000007a8000000)
  to   space 21824K,   0% used [0x00000007a5560000, 0x00000007a5560000, 0x00000007a6ab0000)
 concurrent mark-sweep generation total 393216K, used 0K [0x00000007a8000000, 0x00000007c0000000, 0x00000007c0000000)
 Metaspace       used 21692K, capacity 22130K, committed 22292K, reserved 1069056K
  class space    used 2572K, capacity 2726K, committed 2764K, reserved 1048576K
2015-09-01T16:25:15.510-0530: 6.839: [GC (CMS Final Remark) 2015-09-01T16:25:15.510-0530: 6.839: [ParNew
Desired survivor size 20112992 bytes, new threshold 8 (max 8)
- age   1:      16424 bytes,      16424 total
- age   2:    1829832 bytes,    1846256 total
- age   3:    3332944 bytes,    5179200 total
- age   4:    2466432 bytes,    7645632 total
: 11698K->10634K(109248K), 0.0085578 secs] 11698K->10634K(502464K), 0.0086275 secs] [Times: user=0.03 sys=0.00, real=0.00 secs] 
Heap after GC invocations=4 (full 1):
 par new generation   total 109248K, used 10634K [0x00000007a0000000, 0x00000007a8000000, 0x00000007a8000000)
  eden space 87424K,   0% used [0x00000007a0000000, 0x00000007a0000000, 0x00000007a5560000)
  from space 21824K,  48% used [0x00000007a5560000, 0x00000007a5fc2ac0, 0x00000007a6ab0000)
  to   space 21824K,   0% used [0x00000007a6ab0000, 0x00000007a6ab0000, 0x00000007a8000000)
 concurrent mark-sweep generation total 393216K, used 0K [0x00000007a8000000, 0x00000007c0000000, 0x00000007c0000000)
 Metaspace       used 21692K, capacity 22130K, committed 22292K, reserved 1069056K
  class space    used 2572K, capacity 2726K, committed 2764K, reserved 1048576K
}
2015-09-01T16:25:15.519-0530: 6.847: [Rescan (parallel) , 0.0027302 secs]2015-09-01T16:25:15.522-0530: 6.850: [weak refs processing, 0.0007837 secs]2015-09-01T16:25:15.522-0530: 6.851: [class unloading, 0.0034037 secs]2015-09-01T16:25:15.526-0530: 6.854: [scrub symbol table, 0.0032759 secs]2015-09-01T16:25:15.529-0530: 6.858: [scrub string table, 0.0003507 secs][1 CMS-remark: 0K(393216K)] 10634K(502464K), 0.0205337 secs] [Times: user=0.05 sys=0.00, real=0.02 secs] 
2015-09-01T16:25:15.531-0530: 6.859: Total time for which application threads were stopped: 0.0207041 seconds, Stopping threads took: 0.0000725 seconds
2015-09-01T16:25:15.531-0530: 6.859: [CMS-concurrent-sweep-start]
2015-09-01T16:25:15.531-0530: 6.859: [CMS-concurrent-sweep: 0.000/0.000 secs] [Times: user=0.00 sys=0.00, real=0.00 secs] 
2015-09-01T16:25:15.531-0530: 6.859: [CMS-concurrent-reset-start]
2015-09-01T16:25:15.535-0530: 6.864: [CMS-concurrent-reset: 0.004/0.004 secs] [Times: user=0.01 sys=0.01, real=0.00 secs] 
2015-09-01T16:25:15.605-0530: 6.934: Total time for which application threads were stopped: 0.0001581 seconds, Stopping threads took: 0.0000470 seconds
2015-09-01T16:25:15.699-0530: 7.027: Total time for which application threads were stopped: 0.0000889 seconds, Stopping threads took: 0.0000192 seconds
2015-09-01T16:25:15.699-0530: 7.027: Total time for which application threads were stopped: 0.0000404 seconds, Stopping threads took: 0.0000086 seconds
2015-09-01T16:25:15.699-0530: 7.028: Total time for which application threads were stopped: 0.0000389 seconds, Stopping threads took: 0.0000075 seconds
2015-09-01T16:25:15.702-0530: 7.030: Total time for which application threads were stopped: 0.0001288 seconds, Stopping threads took: 0.0000450 seconds
{Heap before GC invocations=4 (full 1):
 par new generation   total 109248K, used 98058K [0x00000007a0000000, 0x00000007a8000000, 0x00000007a8000000)
  eden space 87424K, 100% used [0x00000007a0000000, 0x00000007a5560000, 0x00000007a5560000)
  from space 21824K,  48% used [0x00000007a5560000, 0x00000007a5fc2ac0, 0x00000007a6ab0000)
  to   space 21824K,   0% used [0x00000007a6ab0000, 0x00000007a6ab0000, 0x00000007a8000000)
 concurrent mark-sweep generation total 393216K, used 0K [0x00000007a8000000, 0x00000007c0000000, 0x00000007c0000000)
 Metaspace       used 22525K, capacity 22956K, committed 23188K, reserved 1069056K
  class space    used 2692K, capacity 2827K, committed 2892K, reserved 1048576K
2015-09-01T16:25:15.717-0530: 7.046: [GC (Allocation Failure) 2015-09-01T16:25:15.717-0530: 7.046: [ParNew
Desired survivor size 20112992 bytes, new threshold 8 (max 8)
- age   1:     811376 bytes,     811376 total
- age   3:    1191344 bytes,    2002720 total
- age   4:    3328072 bytes,    5330792 total
- age   5:    2466384 bytes,    7797176 total
: 98058K->8258K(109248K), 0.0102203 secs] 98058K->8258K(502464K), 0.0103150 secs] [Times: user=0.03 sys=0.00, real=0.01 secs] 
Heap after GC invocations=5 (full 1):
 par new generation   total 109248K, used 8258K [0x00000007a0000000, 0x00000007a8000000, 0x00000007a8000000)
  eden space 87424K,   0% used [0x00000007a0000000, 0x00000007a0000000, 0x00000007a5560000)
  from space 21824K,  37% used [0x00000007a6ab0000, 0x00000007a72c0940, 0x00000007a8000000)
  to   space 21824K,   0% used [0x00000007a5560000, 0x00000007a5560000, 0x00000007a6ab0000)
 concurrent mark-sweep generation total 393216K, used 0K [0x00000007a8000000, 0x00000007c0000000, 0x00000007c0000000)
 Metaspace       used 22525K, capacity 22956K, committed 23188K, reserved 1069056K
  class space    used 2692K, capacity 2827K, committed 2892K, reserved 1048576K
}
2015-09-01T16:25:15.727-0530: 7.056: Total time for which application threads were stopped: 0.0104876 seconds, Stopping threads took: 0.0000215 seconds
2015-09-01T16:25:15.728-0530: 7.056: Total time for which application threads were stopped: 0.0001253 seconds, Stopping threads took: 0.0000384 seconds
2015-09-01T16:25:15.782-0530: 7.111: Total time for which application threads were stopped: 0.0001257 seconds, Stopping threads took: 0.0000552 seconds
2015-09-01T16:25:15.788-0530: 7.116: Total time for which application threads were stopped: 0.0000964 seconds, Stopping threads took: 0.0000181 seconds
2015-09-01T16:25:15.789-0530: 7.117: Total time for which application threads were stopped: 0.0000655 seconds, Stopping threads took: 0.0000119 seconds
2015-09-01T16:25:15.789-0530: 7.118: Total time for which application threads were stopped: 0.0001334 seconds, Stopping threads took: 0.0000568 seconds
2015-09-01T16:25:15.790-0530: 7.119: Total time for which application threads were stopped: 0.0000900 seconds, Stopping threads took: 0.0000343 seconds
2015-09-01T16:25:15.884-0530: 7.213: Total time for which application threads were stopped: 0.0005029 seconds, Stopping threads took: 0.0000454 seconds
2015-09-01T16:25:16.012-0530: 7.341: Total time for which application threads were stopped: 0.0003751 seconds, Stopping threads took: 0.0000210 seconds
2015-09-01T16:25:16.030-0530: 7.358: Total time for which application threads were stopped: 0.0003820 seconds, Stopping threads took: 0.0000217 seconds
2015-09-01T16:25:16.095-0530: 7.423: Total time for which application threads were stopped: 0.0001669 seconds, Stopping threads took: 0.0000458 seconds
2015-09-01T16:25:16.096-0530: 7.425: Total time for which application threads were stopped: 0.0001718 seconds, Stopping threads took: 0.0000645 seconds
2015-09-01T16:25:16.105-0530: 7.434: Total time for which application threads were stopped: 0.0001048 seconds, Stopping threads took: 0.0000206 seconds
2015-09-01T16:25:16.105-0530: 7.434: Total time for which application threads were stopped: 0.0000595 seconds, Stopping threads took: 0.0000095 seconds
2015-09-01T16:25:16.231-0530: 7.559: Total time for which application threads were stopped: 0.0001070 seconds, Stopping threads took: 0.0000208 seconds
2015-09-01T16:25:16.231-0530: 7.559: Total time for which application threads were stopped: 0.0000882 seconds, Stopping threads took: 0.0000191 seconds
2015-09-01T16:25:16.292-0530: 7.621: Total time for which application threads were stopped: 0.0001233 seconds, Stopping threads took: 0.0000207 seconds
2015-09-01T16:25:16.407-0530: 7.735: Total time for which application threads were stopped: 0.0002201 seconds, Stopping threads took: 0.0001139 seconds
2015-09-01T16:25:16.451-0530: 7.779: Total time for which application threads were stopped: 0.0001349 seconds, Stopping threads took: 0.0000222 seconds
2015-09-01T16:25:16.467-0530: 7.795: Total time for which application threads were stopped: 0.0001203 seconds, Stopping threads took: 0.0000397 seconds
2015-09-01T16:25:16.467-0530: 7.796: Total time for which application threads were stopped: 0.0001098 seconds, Stopping threads took: 0.0000473 seconds
2015-09-01T16:25:16.468-0530: 7.797: Total time for which application threads were stopped: 0.0001783 seconds, Stopping threads took: 0.0000966 seconds
2015-09-01T16:25:16.469-0530: 7.797: Total time for which application threads were stopped: 0.0004242 seconds, Stopping threads took: 0.0003496 seconds
2015-09-01T16:25:16.476-0530: 7.805: Total time for which application threads were stopped: 0.0000802 seconds, Stopping threads took: 0.0000208 seconds
2015-09-01T16:25:16.495-0530: 7.824: Total time for which application threads were stopped: 0.0003396 seconds, Stopping threads took: 0.0000183 seconds
2015-09-01T16:25:16.536-0530: 7.864: Total time for which application threads were stopped: 0.0001088 seconds, Stopping threads took: 0.0000439 seconds
2015-09-01T16:25:16.536-0530: 7.865: Total time for which application threads were stopped: 0.0000397 seconds, Stopping threads took: 0.0000074 seconds
2015-09-01T16:25:16.548-0530: 7.876: Total time for which application threads were stopped: 0.0001169 seconds, Stopping threads took: 0.0000290 seconds
2015-09-01T16:25:16.548-0530: 7.876: Total time for which application threads were stopped: 0.0000714 seconds, Stopping threads took: 0.0000076 seconds
2015-09-01T16:25:16.565-0530: 7.894: Total time for which application threads were stopped: 0.0000759 seconds, Stopping threads took: 0.0000204 seconds
2015-09-01T16:25:16.565-0530: 7.894: Total time for which application threads were stopped: 0.0000599 seconds, Stopping threads took: 0.0000111 seconds
2015-09-01T16:25:16.613-0530: 7.942: Total time for which application threads were stopped: 0.0001089 seconds, Stopping threads took: 0.0000205 seconds
2015-09-01T16:25:16.614-0530: 7.943: Total time for which application threads were stopped: 0.0004473 seconds, Stopping threads took: 0.0003787 seconds
2015-09-01T16:25:16.616-0530: 7.944: Total time for which application threads were stopped: 0.0000882 seconds, Stopping threads took: 0.0000207 seconds
2015-09-01T16:25:16.621-0530: 7.950: Total time for which application threads were stopped: 0.0000999 seconds, Stopping threads took: 0.0000215 seconds
2015-09-01T16:25:16.622-0530: 7.951: Total time for which application threads were stopped: 0.0000959 seconds, Stopping threads took: 0.0000197 seconds
2015-09-01T16:25:16.625-0530: 7.953: Total time for which application threads were stopped: 0.0000919 seconds, Stopping threads took: 0.0000214 seconds
2015-09-01T16:25:16.625-0530: 7.954: Total time for which application threads were stopped: 0.0000663 seconds, Stopping threads took: 0.0000132 seconds
2015-09-01T16:25:16.626-0530: 7.954: Total time for which application threads were stopped: 0.0000748 seconds, Stopping threads took: 0.0000161 seconds
2015-09-01T16:25:16.629-0530: 7.958: Total time for which application threads were stopped: 0.0000948 seconds, Stopping threads took: 0.0000217 seconds
2015-09-01T16:25:16.629-0530: 7.958: Total time for which application threads were stopped: 0.0000473 seconds, Stopping threads took: 0.0000098 seconds
2015-09-01T16:25:16.629-0530: 7.958: Total time for which application threads were stopped: 0.0000766 seconds, Stopping threads took: 0.0000297 seconds
2015-09-01T16:25:16.635-0530: 7.964: Total time for which application threads were stopped: 0.0000983 seconds, Stopping threads took: 0.0000241 seconds
2015-09-01T16:25:16.639-0530: 7.968: Total time for which application threads were stopped: 0.0001077 seconds, Stopping threads took: 0.0000225 seconds
{Heap before GC invocations=5 (full 1):
 par new generation   total 109248K, used 95682K [0x00000007a0000000, 0x00000007a8000000, 0x00000007a8000000)
  eden space 87424K, 100% used [0x00000007a0000000, 0x00000007a5560000, 0x00000007a5560000)
  from space 21824K,  37% used [0x00000007a6ab0000, 0x00000007a72c0940, 0x00000007a8000000)
  to   space 21824K,   0% used [0x00000007a5560000, 0x00000007a5560000, 0x00000007a6ab0000)
 concurrent mark-sweep generation total 393216K, used 0K [0x00000007a8000000, 0x00000007c0000000, 0x00000007c0000000)
 Metaspace       used 28846K, capacity 29294K, committed 29516K, reserved 1075200K
  class space    used 3449K, capacity 3596K, committed 3660K, reserved 1048576K
2015-09-01T16:25:16.646-0530: 7.974: [GC (Allocation Failure) 2015-09-01T16:25:16.646-0530: 7.974: [ParNew
Desired survivor size 20112992 bytes, new threshold 8 (max 8)
- age   1:   11592272 bytes,   11592272 total
- age   2:     160464 bytes,   11752736 total
- age   4:     446448 bytes,   12199184 total
- age   5:    3289592 bytes,   15488776 total
- age   6:    2468152 bytes,   17956928 total
: 95682K->20719K(109248K), 0.0237145 secs] 95682K->20719K(502464K), 0.0238635 secs] [Times: user=0.05 sys=0.01, real=0.03 secs] 
Heap after GC invocations=6 (full 1):
 par new generation   total 109248K, used 20719K [0x00000007a0000000, 0x00000007a8000000, 0x00000007a8000000)
  eden space 87424K,   0% used [0x00000007a0000000, 0x00000007a0000000, 0x00000007a5560000)
  from space 21824K,  94% used [0x00000007a5560000, 0x00000007a699bd10, 0x00000007a6ab0000)
  to   space 21824K,   0% used [0x00000007a6ab0000, 0x00000007a6ab0000, 0x00000007a8000000)
 concurrent mark-sweep generation total 393216K, used 0K [0x00000007a8000000, 0x00000007c0000000, 0x00000007c0000000)
 Metaspace       used 28846K, capacity 29294K, committed 29516K, reserved 1075200K
  class space    used 3449K, capacity 3596K, committed 3660K, reserved 1048576K
}
2015-09-01T16:25:16.670-0530: 7.998: Total time for which application threads were stopped: 0.0240965 seconds, Stopping threads took: 0.0000235 seconds
2015-09-01T16:25:16.672-0530: 8.000: Total time for which application threads were stopped: 0.0000986 seconds, Stopping threads took: 0.0000336 seconds
2015-09-01T16:25:16.680-0530: 8.008: Total time for which application threads were stopped: 0.0001392 seconds, Stopping threads took: 0.0000478 seconds
2015-09-01T16:25:16.697-0530: 8.026: Total time for which application threads were stopped: 0.0001340 seconds, Stopping threads took: 0.0000547 seconds
2015-09-01T16:25:16.698-0530: 8.027: Total time for which application threads were stopped: 0.0000746 seconds, Stopping threads took: 0.0000188 seconds
2015-09-01T16:25:16.699-0530: 8.028: Total time for which application threads were stopped: 0.0000751 seconds, Stopping threads took: 0.0000145 seconds
2015-09-01T16:25:16.700-0530: 8.029: Total time for which application threads were stopped: 0.0000798 seconds, Stopping threads took: 0.0000188 seconds
2015-09-01T16:25:16.701-0530: 8.030: Total time for which application threads were stopped: 0.0000775 seconds, Stopping threads took: 0.0000161 seconds
2015-09-01T16:25:16.702-0530: 8.030: Total time for which application threads were stopped: 0.0000807 seconds, Stopping threads took: 0.0000168 seconds
2015-09-01T16:25:16.702-0530: 8.031: Total time for which application threads were stopped: 0.0000852 seconds, Stopping threads took: 0.0000167 seconds
2015-09-01T16:25:16.703-0530: 8.032: Total time for which application threads were stopped: 0.0000878 seconds, Stopping threads took: 0.0000198 seconds
2015-09-01T16:25:16.704-0530: 8.033: Total time for which application threads were stopped: 0.0001959 seconds, Stopping threads took: 0.0001276 seconds
2015-09-01T16:25:16.705-0530: 8.034: Total time for which application threads were stopped: 0.0000923 seconds, Stopping threads took: 0.0000201 seconds
2015-09-01T16:25:16.706-0530: 8.035: Total time for which application threads were stopped: 0.0000908 seconds, Stopping threads took: 0.0000187 seconds
2015-09-01T16:25:16.723-0530: 8.052: Total time for which application threads were stopped: 0.0001181 seconds, Stopping threads took: 0.0000429 seconds
2015-09-01T16:25:16.731-0530: 8.059: Total time for which application threads were stopped: 0.0001627 seconds, Stopping threads took: 0.0000692 seconds
2015-09-01T16:25:16.734-0530: 8.063: Total time for which application threads were stopped: 0.0004487 seconds, Stopping threads took: 0.0002602 seconds
2015-09-01T16:25:16.899-0530: 8.228: Total time for which application threads were stopped: 0.0001671 seconds, Stopping threads took: 0.0000254 seconds
2015-09-01T16:25:16.900-0530: 8.228: Total time for which application threads were stopped: 0.0001173 seconds, Stopping threads took: 0.0000418 seconds
2015-09-01T16:25:16.900-0530: 8.229: Total time for which application threads were stopped: 0.0000867 seconds, Stopping threads took: 0.0000291 seconds
2015-09-01T16:25:16.900-0530: 8.229: Total time for which application threads were stopped: 0.0001012 seconds, Stopping threads took: 0.0000366 seconds
2015-09-01T16:25:16.923-0530: 8.252: Total time for which application threads were stopped: 0.0000988 seconds, Stopping threads took: 0.0000199 seconds
2015-09-01T16:25:16.923-0530: 8.252: Total time for which application threads were stopped: 0.0000573 seconds, Stopping threads took: 0.0000103 seconds
2015-09-01T16:25:16.983-0530: 8.312: Total time for which application threads were stopped: 0.0001285 seconds, Stopping threads took: 0.0000240 seconds
2015-09-01T16:25:16.989-0530: 8.317: Total time for which application threads were stopped: 0.0001263 seconds, Stopping threads took: 0.0000450 seconds
2015-09-01T16:25:17.006-0530: 8.335: Total time for which application threads were stopped: 0.0000990 seconds, Stopping threads took: 0.0000207 seconds
2015-09-01T16:25:17.008-0530: 8.337: Total time for which application threads were stopped: 0.0001073 seconds, Stopping threads took: 0.0000340 seconds
2015-09-01T16:25:17.009-0530: 8.337: Total time for which application threads were stopped: 0.0000716 seconds, Stopping threads took: 0.0000122 seconds
2015-09-01T16:25:17.016-0530: 8.344: Total time for which application threads were stopped: 0.0001116 seconds, Stopping threads took: 0.0000356 seconds
2015-09-01T16:25:17.054-0530: 8.382: Total time for which application threads were stopped: 0.0001315 seconds, Stopping threads took: 0.0000275 seconds
2015-09-01T16:25:17.058-0530: 8.387: Total time for which application threads were stopped: 0.0001549 seconds, Stopping threads took: 0.0000503 seconds
2015-09-01T16:25:18.063-0530: 9.392: Total time for which application threads were stopped: 0.0001693 seconds, Stopping threads took: 0.0000376 seconds
2015-09-01T16:25:23.870-0530: 15.198: Total time for which application threads were stopped: 0.0000748 seconds, Stopping threads took: 0.0000179 seconds
2015-09-01T16:25:23.979-0530: 15.308: Total time for which application threads were stopped: 0.0001125 seconds, Stopping threads took: 0.0000222 seconds
2015-09-01T16:25:23.981-0530: 15.310: Total time for which application threads were stopped: 0.0001213 seconds, Stopping threads took: 0.0000391 seconds
2015-09-01T16:25:23.985-0530: 15.314: Total time for which application threads were stopped: 0.0001084 seconds, Stopping threads took: 0.0000205 seconds
2015-09-01T16:25:23.988-0530: 15.317: Total time for which application threads were stopped: 0.0001436 seconds, Stopping threads took: 0.0000430 seconds
2015-09-01T16:25:23.991-0530: 15.320: Total time for which application threads were stopped: 0.0001050 seconds, Stopping threads took: 0.0000221 seconds
2015-09-01T16:25:23.997-0530: 15.325: Total time for which application threads were stopped: 0.0001145 seconds, Stopping threads took: 0.0000246 seconds
2015-09-01T16:25:23.998-0530: 15.327: Total time for which application threads were stopped: 0.0001307 seconds, Stopping threads took: 0.0000304 seconds
2015-09-01T16:25:23.998-0530: 15.327: Total time for which application threads were stopped: 0.0001077 seconds, Stopping threads took: 0.0000149 seconds
2015-09-01T16:25:24.003-0530: 15.332: Total time for which application threads were stopped: 0.0001346 seconds, Stopping threads took: 0.0000241 seconds
2015-09-01T16:25:24.004-0530: 15.333: Total time for which application threads were stopped: 0.0001058 seconds, Stopping threads took: 0.0000222 seconds
2015-09-01T16:25:24.009-0530: 15.338: Total time for which application threads were stopped: 0.0001206 seconds, Stopping threads took: 0.0000387 seconds
2015-09-01T16:25:24.009-0530: 15.338: Total time for which application threads were stopped: 0.0000865 seconds, Stopping threads took: 0.0000301 seconds
2015-09-01T16:25:24.009-0530: 15.338: Total time for which application threads were stopped: 0.0001606 seconds, Stopping threads took: 0.0000106 seconds
2015-09-01T16:25:24.033-0530: 15.362: Total time for which application threads were stopped: 0.0001247 seconds, Stopping threads took: 0.0000435 seconds
2015-09-01T16:25:24.109-0530: 15.438: Total time for which application threads were stopped: 0.0000724 seconds, Stopping threads took: 0.0000182 seconds
2015-09-01T16:25:24.154-0530: 15.483: Total time for which application threads were stopped: 0.0000865 seconds, Stopping threads took: 0.0000178 seconds
2015-09-01T16:25:24.164-0530: 15.493: Total time for which application threads were stopped: 0.0001537 seconds, Stopping threads took: 0.0000238 seconds
2015-09-01T16:25:24.165-0530: 15.494: Total time for which application threads were stopped: 0.0001314 seconds, Stopping threads took: 0.0000462 seconds
2015-09-01T16:25:24.166-0530: 15.495: Total time for which application threads were stopped: 0.0001475 seconds, Stopping threads took: 0.0000534 seconds
2015-09-01T16:25:24.167-0530: 15.496: Total time for which application threads were stopped: 0.0001576 seconds, Stopping threads took: 0.0000493 seconds
2015-09-01T16:25:24.168-0530: 15.497: Total time for which application threads were stopped: 0.0001099 seconds, Stopping threads took: 0.0000222 seconds
2015-09-01T16:25:24.176-0530: 15.505: Total time for which application threads were stopped: 0.0001296 seconds, Stopping threads took: 0.0000476 seconds
2015-09-01T16:25:24.178-0530: 15.507: Total time for which application threads were stopped: 0.0006268 seconds, Stopping threads took: 0.0005279 seconds
2015-09-01T16:25:24.197-0530: 15.525: Total time for which application threads were stopped: 0.0001678 seconds, Stopping threads took: 0.0000386 seconds
2015-09-01T16:25:24.200-0530: 15.528: Total time for which application threads were stopped: 0.0001140 seconds, Stopping threads took: 0.0000220 seconds
2015-09-01T16:25:24.207-0530: 15.536: Total time for which application threads were stopped: 0.0001079 seconds, Stopping threads took: 0.0000216 seconds
2015-09-01T16:25:24.211-0530: 15.540: Total time for which application threads were stopped: 0.0001280 seconds, Stopping threads took: 0.0000458 seconds
2015-09-01T16:25:24.211-0530: 15.540: Total time for which application threads were stopped: 0.0000935 seconds, Stopping threads took: 0.0000301 seconds
2015-09-01T16:25:24.212-0530: 15.540: Total time for which application threads were stopped: 0.0000999 seconds, Stopping threads took: 0.0000301 seconds
2015-09-01T16:25:24.213-0530: 15.541: Total time for which application threads were stopped: 0.0000927 seconds, Stopping threads took: 0.0000165 seconds
2015-09-01T16:25:24.217-0530: 15.546: Total time for which application threads were stopped: 0.0001336 seconds, Stopping threads took: 0.0000484 seconds
2015-09-01T16:25:24.222-0530: 15.551: Total time for which application threads were stopped: 0.0001531 seconds, Stopping threads took: 0.0000455 seconds
2015-09-01T16:25:24.223-0530: 15.552: Total time for which application threads were stopped: 0.0002358 seconds, Stopping threads took: 0.0000408 seconds
2015-09-01T16:25:24.348-0530: 15.677: Total time for which application threads were stopped: 0.0001282 seconds, Stopping threads took: 0.0000194 seconds
2015-09-01T16:25:24.348-0530: 15.677: Total time for which application threads were stopped: 0.0000787 seconds, Stopping threads took: 0.0000107 seconds
2015-09-01T16:25:24.355-0530: 15.683: Total time for which application threads were stopped: 0.0001290 seconds, Stopping threads took: 0.0000526 seconds
2015-09-01T16:25:24.355-0530: 15.683: Total time for which application threads were stopped: 0.0000706 seconds, Stopping threads took: 0.0000273 seconds
2015-09-01T16:25:40.050-0530: 31.379: Total time for which application threads were stopped: 0.0001543 seconds, Stopping threads took: 0.0000226 seconds
2015-09-01T16:25:40.050-0530: 31.379: Total time for which application threads were stopped: 0.0000687 seconds, Stopping threads took: 0.0000101 seconds
2015-09-01T16:25:40.061-0530: 31.390: Total time for which application threads were stopped: 0.0001598 seconds, Stopping threads took: 0.0000572 seconds
2015-09-01T16:25:40.061-0530: 31.390: Total time for which application threads were stopped: 0.0000924 seconds, Stopping threads took: 0.0000288 seconds
2015-09-01T16:25:41.062-0530: 32.391: Total time for which application threads were stopped: 0.0002655 seconds, Stopping threads took: 0.0000986 seconds
2015-09-01T16:25:42.470-0530: 33.799: Total time for which application threads were stopped: 0.0001327 seconds, Stopping threads took: 0.0000235 seconds
2015-09-01T16:25:42.522-0530: 33.851: Total time for which application threads were stopped: 0.0002280 seconds, Stopping threads took: 0.0000238 seconds
2015-09-01T16:25:42.523-0530: 33.851: Total time for which application threads were stopped: 0.0000675 seconds, Stopping threads took: 0.0000101 seconds
2015-09-01T16:25:42.531-0530: 33.860: Total time for which application threads were stopped: 0.0001055 seconds, Stopping threads took: 0.0000201 seconds
2015-09-01T16:25:42.531-0530: 33.860: Total time for which application threads were stopped: 0.0000859 seconds, Stopping threads took: 0.0000405 seconds
2015-09-01T16:26:38.652-0530: 89.982: Total time for which application threads were stopped: 0.0002348 seconds, Stopping threads took: 0.0000414 seconds
2015-09-01T16:26:42.532-0530: 93.862: Total time for which application threads were stopped: 0.0001314 seconds, Stopping threads took: 0.0000341 seconds
2015-09-01T16:27:17.288-0530: 128.618: Total time for which application threads were stopped: 0.0000745 seconds, Stopping threads took: 0.0000183 seconds
2015-09-01T16:27:18.288-0530: 129.619: Total time for which application threads were stopped: 0.0002025 seconds, Stopping threads took: 0.0000434 seconds
2015-09-01T16:27:33.171-0530: 144.501: Total time for which application threads were stopped: 0.0000824 seconds, Stopping threads took: 0.0000191 seconds
2015-09-01T16:27:33.173-0530: 144.503: Total time for which application threads were stopped: 0.0001263 seconds, Stopping threads took: 0.0000449 seconds
2015-09-01T16:27:33.214-0530: 144.545: Total time for which application threads were stopped: 0.0001117 seconds, Stopping threads took: 0.0000465 seconds
2015-09-01T16:28:18.344-0530: 189.675: Total time for which application threads were stopped: 0.0002337 seconds, Stopping threads took: 0.0000447 seconds
2015-09-01T16:28:48.238-0530: 219.570: Total time for which application threads were stopped: 0.0000826 seconds, Stopping threads took: 0.0000197 seconds
2015-09-01T16:28:48.241-0530: 219.572: Total time for which application threads were stopped: 0.0001196 seconds, Stopping threads took: 0.0000386 seconds
2015-09-01T16:28:48.247-0530: 219.579: Total time for which application threads were stopped: 0.0001119 seconds, Stopping threads took: 0.0000239 seconds
2015-09-01T16:28:48.247-0530: 219.579: Total time for which application threads were stopped: 0.0000625 seconds, Stopping threads took: 0.0000105 seconds
2015-09-01T16:28:48.247-0530: 219.579: Total time for which application threads were stopped: 0.0000558 seconds, Stopping threads took: 0.0000094 seconds
2015-09-01T16:30:07.776-0530: 299.109: Total time for which application threads were stopped: 0.0000908 seconds, Stopping threads took: 0.0000232 seconds
2015-09-01T16:30:07.781-0530: 299.114: Total time for which application threads were stopped: 0.0001345 seconds, Stopping threads took: 0.0000321 seconds
2015-09-01T16:30:08.784-0530: 300.117: Total time for which application threads were stopped: 0.0001644 seconds, Stopping threads took: 0.0000802 seconds
2015-09-01T16:33:36.480-0530: 507.816: Total time for which application threads were stopped: 0.0001120 seconds, Stopping threads took: 0.0000258 seconds
2015-09-01T16:33:36.482-0530: 507.818: Total time for which application threads were stopped: 0.0001041 seconds, Stopping threads took: 0.0000228 seconds
2015-09-01T16:33:36.482-0530: 507.818: Total time for which application threads were stopped: 0.0000602 seconds, Stopping threads took: 0.0000097 seconds
2015-09-01T16:33:47.757-0530: 519.093: Total time for which application threads were stopped: 0.0000812 seconds, Stopping threads took: 0.0000191 seconds
2015-09-01T16:33:57.775-0530: 529.111: Total time for which application threads were stopped: 0.0001109 seconds, Stopping threads took: 0.0000286 seconds
2015-09-01T16:34:01.783-0530: 533.119: Total time for which application threads were stopped: 0.0001112 seconds, Stopping threads took: 0.0000286 seconds
2015-09-01T16:36:27.520-0530: 678.859: Total time for which application threads were stopped: 0.0000975 seconds, Stopping threads took: 0.0000352 seconds
2015-09-01T16:36:28.521-0530: 679.860: Total time for which application threads were stopped: 0.0001581 seconds, Stopping threads took: 0.0000344 seconds
2015-09-01T16:36:38.086-0530: 689.425: Total time for which application threads were stopped: 0.0001096 seconds, Stopping threads took: 0.0000432 seconds
2015-09-01T16:36:39.086-0530: 690.425: Total time for which application threads were stopped: 0.0001359 seconds, Stopping threads took: 0.0000271 seconds
2015-09-01T16:37:28.214-0530: 739.554: Total time for which application threads were stopped: 0.0001200 seconds, Stopping threads took: 0.0000311 seconds
2015-09-01T16:47:06.654-0530: 1318.001: Total time for which application threads were stopped: 0.0002380 seconds, Stopping threads took: 0.0000619 seconds
2015-09-01T16:54:16.472-0530: 1658.657: Total time for which application threads were stopped: 0.0001504 seconds, Stopping threads took: 0.0000362 seconds
2015-09-01T17:09:39.555-0530: 2581.753: Total time for which application threads were stopped: 0.0000934 seconds, Stopping threads took: 0.0000322 seconds
2015-09-01T17:11:32.221-0530: 2694.421: Total time for which application threads were stopped: 0.0002021 seconds, Stopping threads took: 0.0000525 seconds
2015-09-01T17:11:39.271-0530: 2701.472: Total time for which application threads were stopped: 0.0001775 seconds, Stopping threads took: 0.0000412 seconds
2015-09-01T17:23:51.228-0530: 3032.438: Total time for which application threads were stopped: 0.0002582 seconds, Stopping threads took: 0.0001032 seconds
2015-09-01T19:11:35.202-0530: 3716.188: Total time for which application threads were stopped: 0.0084548 seconds, Stopping threads took: 0.0014783 seconds
2015-09-01T20:03:57.605-0530: 6371.837: Total time for which application threads were stopped: 0.0001870 seconds, Stopping threads took: 0.0000452 seconds
2015-09-01T20:09:27.720-0530: 6701.956: Total time for which application threads were stopped: 0.0001709 seconds, Stopping threads took: 0.0000438 seconds
2015-09-01T20:13:28.012-0530: 6942.252: Total time for which application threads were stopped: 0.0000947 seconds, Stopping threads took: 0.0000220 seconds
2015-09-02T13:57:13.998-0530: 9248.057: Total time for which application threads were stopped: 0.0019328 seconds, Stopping threads took: 0.0001943 seconds
2015-09-02T13:57:15.003-0530: 9249.062: Total time for which application threads were stopped: 0.0002056 seconds, Stopping threads took: 0.0000439 seconds
2015-09-02T13:57:31.724-0530: 9265.784: Total time for which application threads were stopped: 0.0004323 seconds, Stopping threads took: 0.0000479 seconds
2015-09-02T13:57:32.727-0530: 9266.787: Total time for which application threads were stopped: 0.0003058 seconds, Stopping threads took: 0.0000420 seconds
2015-09-02T14:02:18.824-0530: 9552.888: Total time for which application threads were stopped: 0.0000785 seconds, Stopping threads took: 0.0000163 seconds
2015-09-02T14:02:18.887-0530: 9552.951: Total time for which application threads were stopped: 0.0013902 seconds, Stopping threads took: 0.0000148 seconds
2015-09-02T14:02:18.891-0530: 9552.955: Total time for which application threads were stopped: 0.0000779 seconds, Stopping threads took: 0.0000141 seconds
2015-09-02T14:02:18.891-0530: 9552.955: Total time for which application threads were stopped: 0.0000714 seconds, Stopping threads took: 0.0000101 seconds
2015-09-02T14:02:18.891-0530: 9552.955: Total time for which application threads were stopped: 0.0000472 seconds, Stopping threads took: 0.0000088 seconds
2015-09-02T14:02:18.990-0530: 9553.054: Total time for which application threads were stopped: 0.0000805 seconds, Stopping threads took: 0.0000154 seconds
2015-09-02T14:02:18.992-0530: 9553.056: Total time for which application threads were stopped: 0.0000617 seconds, Stopping threads took: 0.0000086 seconds
2015-09-02T14:02:19.025-0530: 9553.089: Total time for which application threads were stopped: 0.0000853 seconds, Stopping threads took: 0.0000174 seconds
2015-09-02T14:02:19.029-0530: 9553.093: Total time for which application threads were stopped: 0.0001066 seconds, Stopping threads took: 0.0000137 seconds
2015-09-02T14:02:19.040-0530: 9553.103: Total time for which application threads were stopped: 0.0001076 seconds, Stopping threads took: 0.0000163 seconds
2015-09-02T14:02:19.040-0530: 9553.104: Total time for which application threads were stopped: 0.0000396 seconds, Stopping threads took: 0.0000068 seconds
2015-09-02T14:02:19.050-0530: 9553.114: Total time for which application threads were stopped: 0.0004035 seconds, Stopping threads took: 0.0000175 seconds
2015-09-02T14:02:20.054-0530: 9554.118: Total time for which application threads were stopped: 0.0001890 seconds, Stopping threads took: 0.0000418 seconds
2015-09-02T14:22:18.412-0530: 10752.493: Total time for which application threads were stopped: 0.0001854 seconds, Stopping threads took: 0.0000404 seconds
2015-09-02T14:24:19.092-0530: 10873.175: Total time for which application threads were stopped: 0.0001913 seconds, Stopping threads took: 0.0000417 seconds
2015-09-03T10:25:59.667-0530: 26225.531: Total time for which application threads were stopped: 0.0012236 seconds, Stopping threads took: 0.0004294 seconds
2015-09-03T10:25:59.739-0530: 26225.602: Total time for which application threads were stopped: 0.0001324 seconds, Stopping threads took: 0.0000194 seconds
2015-09-03T10:25:59.812-0530: 26225.675: Total time for which application threads were stopped: 0.0105546 seconds, Stopping threads took: 0.0104407 seconds
2015-09-03T10:25:59.813-0530: 26225.677: Total time for which application threads were stopped: 0.0001284 seconds, Stopping threads took: 0.0000239 seconds
2015-09-03T10:25:59.813-0530: 26225.677: Total time for which application threads were stopped: 0.0000787 seconds, Stopping threads took: 0.0000109 seconds
2015-09-03T10:25:59.813-0530: 26225.677: Total time for which application threads were stopped: 0.0000827 seconds, Stopping threads took: 0.0000251 seconds
2015-09-03T10:25:59.827-0530: 26225.690: Total time for which application threads were stopped: 0.0009679 seconds, Stopping threads took: 0.0008454 seconds
2015-09-03T10:25:59.827-0530: 26225.691: Total time for which application threads were stopped: 0.0001080 seconds, Stopping threads took: 0.0000415 seconds
2015-09-03T10:25:59.868-0530: 26225.732: Total time for which application threads were stopped: 0.0014014 seconds, Stopping threads took: 0.0000543 seconds
2015-09-03T10:25:59.882-0530: 26225.745: Total time for which application threads were stopped: 0.0117959 seconds, Stopping threads took: 0.0104567 seconds
2015-09-03T10:25:59.883-0530: 26225.746: Total time for which application threads were stopped: 0.0001474 seconds, Stopping threads took: 0.0000213 seconds
2015-09-03T10:25:59.894-0530: 26225.758: Total time for which application threads were stopped: 0.0107539 seconds, Stopping threads took: 0.0105282 seconds
2015-09-03T10:25:59.896-0530: 26225.759: Total time for which application threads were stopped: 0.0002828 seconds, Stopping threads took: 0.0001711 seconds
2015-09-03T10:25:59.897-0530: 26225.760: Total time for which application threads were stopped: 0.0001905 seconds, Stopping threads took: 0.0000537 seconds
2015-09-03T10:25:59.931-0530: 26225.795: Total time for which application threads were stopped: 0.0001381 seconds, Stopping threads took: 0.0000464 seconds
2015-09-03T10:26:40.995-0530: 26266.860: Total time for which application threads were stopped: 0.0001515 seconds, Stopping threads took: 0.0000258 seconds
2015-09-03T10:26:59.829-0530: 26285.693: Total time for which application threads were stopped: 0.0001040 seconds, Stopping threads took: 0.0000221 seconds
2015-09-03T11:41:17.926-0530: 29540.902: Total time for which application threads were stopped: 0.0001013 seconds, Stopping threads took: 0.0000397 seconds
2015-09-03T11:41:17.927-0530: 29540.903: Total time for which application threads were stopped: 0.0000767 seconds, Stopping threads took: 0.0000139 seconds
2015-09-03T11:41:17.928-0530: 29540.904: Total time for which application threads were stopped: 0.0000557 seconds, Stopping threads took: 0.0000092 seconds
2015-09-03T11:41:17.928-0530: 29540.904: Total time for which application threads were stopped: 0.0000400 seconds, Stopping threads took: 0.0000077 seconds
2015-09-03T11:41:17.928-0530: 29540.904: Total time for which application threads were stopped: 0.0000359 seconds, Stopping threads took: 0.0000062 seconds
2015-09-03T11:41:17.929-0530: 29540.904: Total time for which application threads were stopped: 0.0000359 seconds, Stopping threads took: 0.0000070 seconds
2015-09-03T11:41:17.929-0530: 29540.905: Total time for which application threads were stopped: 0.0000357 seconds, Stopping threads took: 0.0000069 seconds
2015-09-03T11:41:17.929-0530: 29540.905: Total time for which application threads were stopped: 0.0000368 seconds, Stopping threads took: 0.0000065 seconds
2015-09-03T11:41:17.929-0530: 29540.905: Total time for which application threads were stopped: 0.0000577 seconds, Stopping threads took: 0.0000093 seconds
2015-09-03T11:41:17.929-0530: 29540.905: Total time for which application threads were stopped: 0.0000514 seconds, Stopping threads took: 0.0000090 seconds
2015-09-03T11:41:17.929-0530: 29540.905: Total time for which application threads were stopped: 0.0000349 seconds, Stopping threads took: 0.0000060 seconds
2015-09-03T11:41:17.929-0530: 29540.905: Total time for which application threads were stopped: 0.0000512 seconds, Stopping threads took: 0.0000068 seconds
2015-09-03T11:41:17.929-0530: 29540.905: Total time for which application threads were stopped: 0.0000400 seconds, Stopping threads took: 0.0000074 seconds
2015-09-03T11:41:17.929-0530: 29540.905: Total time for which application threads were stopped: 0.0000457 seconds, Stopping threads took: 0.0000082 seconds
2015-09-03T11:41:17.929-0530: 29540.905: Total time for which application threads were stopped: 0.0000704 seconds, Stopping threads took: 0.0000403 seconds
2015-09-03T11:41:17.930-0530: 29540.905: Total time for which application threads were stopped: 0.0000409 seconds, Stopping threads took: 0.0000076 seconds
2015-09-03T11:41:17.930-0530: 29540.906: Total time for which application threads were stopped: 0.0000696 seconds, Stopping threads took: 0.0000390 seconds
2015-09-03T11:41:17.930-0530: 29540.906: Total time for which application threads were stopped: 0.0000514 seconds, Stopping threads took: 0.0000083 seconds
2015-09-03T11:41:17.930-0530: 29540.906: Total time for which application threads were stopped: 0.0000852 seconds, Stopping threads took: 0.0000320 seconds
2015-09-03T11:41:17.930-0530: 29540.906: Total time for which application threads were stopped: 0.0000893 seconds, Stopping threads took: 0.0000487 seconds
2015-09-03T11:41:17.931-0530: 29540.907: Total time for which application threads were stopped: 0.0000755 seconds, Stopping threads took: 0.0000281 seconds
2015-09-03T11:41:17.931-0530: 29540.907: Total time for which application threads were stopped: 0.0000740 seconds, Stopping threads took: 0.0000324 seconds
2015-09-03T11:41:17.946-0530: 29540.922: Total time for which application threads were stopped: 0.0012108 seconds, Stopping threads took: 0.0011453 seconds
2015-09-03T11:41:17.948-0530: 29540.924: Total time for which application threads were stopped: 0.0001201 seconds, Stopping threads took: 0.0000590 seconds
2015-09-03T11:41:17.948-0530: 29540.924: Total time for which application threads were stopped: 0.0000446 seconds, Stopping threads took: 0.0000074 seconds
2015-09-03T11:41:17.951-0530: 29540.927: Total time for which application threads were stopped: 0.0000632 seconds, Stopping threads took: 0.0000127 seconds
2015-09-03T11:41:17.951-0530: 29540.927: Total time for which application threads were stopped: 0.0000405 seconds, Stopping threads took: 0.0000075 seconds
2015-09-03T11:41:17.952-0530: 29540.928: Total time for which application threads were stopped: 0.0000473 seconds, Stopping threads took: 0.0000089 seconds
2015-09-03T11:41:17.956-0530: 29540.931: Total time for which application threads were stopped: 0.0002590 seconds, Stopping threads took: 0.0001900 seconds
2015-09-03T11:41:17.965-0530: 29540.941: Total time for which application threads were stopped: 0.0000742 seconds, Stopping threads took: 0.0000147 seconds
2015-09-03T11:41:17.965-0530: 29540.941: Total time for which application threads were stopped: 0.0000403 seconds, Stopping threads took: 0.0000080 seconds
2015-09-03T11:41:17.967-0530: 29540.943: Total time for which application threads were stopped: 0.0000483 seconds, Stopping threads took: 0.0000100 seconds
2015-09-03T11:41:17.968-0530: 29540.944: Total time for which application threads were stopped: 0.0000481 seconds, Stopping threads took: 0.0000089 seconds
2015-09-03T11:41:17.968-0530: 29540.944: Total time for which application threads were stopped: 0.0000379 seconds, Stopping threads took: 0.0000073 seconds
2015-09-03T11:41:17.968-0530: 29540.944: Total time for which application threads were stopped: 0.0000332 seconds, Stopping threads took: 0.0000062 seconds
2015-09-03T11:41:17.970-0530: 29540.946: Total time for which application threads were stopped: 0.0000952 seconds, Stopping threads took: 0.0000184 seconds
2015-09-03T11:41:17.989-0530: 29540.965: Total time for which application threads were stopped: 0.0000623 seconds, Stopping threads took: 0.0000189 seconds
2015-09-03T11:41:17.990-0530: 29540.965: Total time for which application threads were stopped: 0.0000407 seconds, Stopping threads took: 0.0000077 seconds
2015-09-03T11:41:17.990-0530: 29540.966: Total time for which application threads were stopped: 0.0000271 seconds, Stopping threads took: 0.0000072 seconds
2015-09-03T11:41:17.990-0530: 29540.966: Total time for which application threads were stopped: 0.0000227 seconds, Stopping threads took: 0.0000049 seconds
Heap
 par new generation   total 109248K, used 55519K [0x00000007a0000000, 0x00000007a8000000, 0x00000007a8000000)
  eden space 87424K,  39% used [0x00000007a0000000, 0x00000007a21fbf08, 0x00000007a5560000)
  from space 21824K,  94% used [0x00000007a5560000, 0x00000007a699bd10, 0x00000007a6ab0000)
  to   space 21824K,   0% used [0x00000007a6ab0000, 0x00000007a6ab0000, 0x00000007a8000000)
 concurrent mark-sweep generation total 393216K, used 0K [0x00000007a8000000, 0x00000007c0000000, 0x00000007c0000000)
 Metaspace       used 32291K, capacity 32672K, committed 33100K, reserved 1079296K
  class space    used 3778K, capacity 3887K, committed 3916K, reserved 1048576K
