Java HotSpot(TM) 64-Bit Server VM (25.60-b23) for bsd-amd64 JRE (1.8.0_60-b27), built on Aug  4 2015 10:47:24 by "java_re" with gcc 4.2.1 (Based on Apple Inc. build 5658) (LLVM build 2336.11.00)
Memory: 4k page, physical 16777216k(1418236k free)

/proc/meminfo:

CommandLine flags: -XX:CMSInitiatingOccupancyFraction=50 -XX:CMSMaxAbortablePrecleanTime=6000 -XX:+CMSParallelRemarkEnabled -XX:+CMSScavengeBeforeRemark -XX:ConcGCThreads=4 -XX:InitialHeapSize=536870912 -XX:MaxHeapSize=536870912 -XX:MaxTenuringThreshold=8 -XX:NewRatio=3 -XX:OldPLABSize=16 -XX:ParallelGCThreads=4 -XX:+ParallelRefProcEnabled -XX:PretenureSizeThreshold=67108864 -XX:+PrintGC -XX:+PrintGCApplicationStoppedTime -XX:+PrintGCDateStamps -XX:+PrintGCDetails -XX:+PrintGCTimeStamps -XX:+PrintHeapAtGC -XX:+PrintTenuringDistribution -XX:SurvivorRatio=4 -XX:TargetSurvivorRatio=90 -XX:ThreadStackSize=256 -XX:+UseCMSInitiatingOccupancyOnly -XX:+UseCompressedClassPointers -XX:+UseCompressedOops -XX:+UseConcMarkSweepGC -XX:+UseParNewGC 
2015-10-12T14:51:42.752-0530: 0.406: Total time for which application threads were stopped: 0.0001946 seconds, Stopping threads took: 0.0000483 seconds
2015-10-12T14:51:42.872-0530: 0.525: Total time for which application threads were stopped: 0.0001718 seconds, Stopping threads took: 0.0000597 seconds
2015-10-12T14:51:43.048-0530: 0.701: Total time for which application threads were stopped: 0.0001536 seconds, Stopping threads took: 0.0000131 seconds
2015-10-12T14:51:43.110-0530: 0.763: Total time for which application threads were stopped: 0.0001612 seconds, Stopping threads took: 0.0000147 seconds
2015-10-12T14:51:43.136-0530: 0.790: Total time for which application threads were stopped: 0.0002353 seconds, Stopping threads took: 0.0000196 seconds
2015-10-12T14:51:43.156-0530: 0.809: Total time for which application threads were stopped: 0.0002412 seconds, Stopping threads took: 0.0000182 seconds
{Heap before GC invocations=0 (full 0):
 par new generation   total 109248K, used 87424K [0x00000007a0000000, 0x00000007a8000000, 0x00000007a8000000)
  eden space 87424K, 100% used [0x00000007a0000000, 0x00000007a5560000, 0x00000007a5560000)
  from space 21824K,   0% used [0x00000007a5560000, 0x00000007a5560000, 0x00000007a6ab0000)
  to   space 21824K,   0% used [0x00000007a6ab0000, 0x00000007a6ab0000, 0x00000007a8000000)
 concurrent mark-sweep generation total 393216K, used 0K [0x00000007a8000000, 0x00000007c0000000, 0x00000007c0000000)
 Metaspace       used 10062K, capacity 10204K, committed 10496K, reserved 1058816K
  class space    used 1157K, capacity 1208K, committed 1280K, reserved 1048576K
2015-10-12T14:51:43.474-0530: 1.127: [GC (Allocation Failure) 2015-10-12T14:51:43.474-0530: 1.127: [ParNew
Desired survivor size 20112992 bytes, new threshold 8 (max 8)
- age   1:    5537504 bytes,    5537504 total
: 87424K->5482K(109248K), 0.0102648 secs] 87424K->5482K(502464K), 0.0103861 secs] [Times: user=0.03 sys=0.00, real=0.01 secs] 
Heap after GC invocations=1 (full 0):
 par new generation   total 109248K, used 5482K [0x00000007a0000000, 0x00000007a8000000, 0x00000007a8000000)
  eden space 87424K,   0% used [0x00000007a0000000, 0x00000007a0000000, 0x00000007a5560000)
  from space 21824K,  25% used [0x00000007a6ab0000, 0x00000007a700a940, 0x00000007a8000000)
  to   space 21824K,   0% used [0x00000007a5560000, 0x00000007a5560000, 0x00000007a6ab0000)
 concurrent mark-sweep generation total 393216K, used 0K [0x00000007a8000000, 0x00000007c0000000, 0x00000007c0000000)
 Metaspace       used 10062K, capacity 10204K, committed 10496K, reserved 1058816K
  class space    used 1157K, capacity 1208K, committed 1280K, reserved 1048576K
}
2015-10-12T14:51:43.484-0530: 1.137: Total time for which application threads were stopped: 0.0106618 seconds, Stopping threads took: 0.0000380 seconds
2015-10-12T14:51:43.644-0530: 1.297: Total time for which application threads were stopped: 0.0002154 seconds, Stopping threads took: 0.0000165 seconds
2015-10-12T14:51:44.193-0530: 1.846: Total time for which application threads were stopped: 0.0003439 seconds, Stopping threads took: 0.0000216 seconds
2015-10-12T14:51:44.194-0530: 1.848: Total time for which application threads were stopped: 0.0001780 seconds, Stopping threads took: 0.0000112 seconds
2015-10-12T14:51:44.198-0530: 1.852: Total time for which application threads were stopped: 0.0002039 seconds, Stopping threads took: 0.0000219 seconds
2015-10-12T14:51:44.520-0530: 2.174: Total time for which application threads were stopped: 0.0003576 seconds, Stopping threads took: 0.0001020 seconds
{Heap before GC invocations=1 (full 0):
 par new generation   total 109248K, used 92906K [0x00000007a0000000, 0x00000007a8000000, 0x00000007a8000000)
  eden space 87424K, 100% used [0x00000007a0000000, 0x00000007a5560000, 0x00000007a5560000)
  from space 21824K,  25% used [0x00000007a6ab0000, 0x00000007a700a940, 0x00000007a8000000)
  to   space 21824K,   0% used [0x00000007a5560000, 0x00000007a5560000, 0x00000007a6ab0000)
 concurrent mark-sweep generation total 393216K, used 0K [0x00000007a8000000, 0x00000007c0000000, 0x00000007c0000000)
 Metaspace       used 19240K, capacity 19502K, committed 19584K, reserved 1067008K
  class space    used 2275K, capacity 2386K, committed 2432K, reserved 1048576K
2015-10-12T14:51:44.753-0530: 2.407: [GC (Allocation Failure) 2015-10-12T14:51:44.753-0530: 2.407: [ParNew
Desired survivor size 20112992 bytes, new threshold 8 (max 8)
- age   1:    9353704 bytes,    9353704 total
- age   2:    2492768 bytes,   11846472 total
: 92906K->14133K(109248K), 0.0132117 secs] 92906K->14133K(502464K), 0.0133128 secs] [Times: user=0.04 sys=0.01, real=0.01 secs] 
Heap after GC invocations=2 (full 0):
 par new generation   total 109248K, used 14133K [0x00000007a0000000, 0x00000007a8000000, 0x00000007a8000000)
  eden space 87424K,   0% used [0x00000007a0000000, 0x00000007a0000000, 0x00000007a5560000)
  from space 21824K,  64% used [0x00000007a5560000, 0x00000007a632d780, 0x00000007a6ab0000)
  to   space 21824K,   0% used [0x00000007a6ab0000, 0x00000007a6ab0000, 0x00000007a8000000)
 concurrent mark-sweep generation total 393216K, used 0K [0x00000007a8000000, 0x00000007c0000000, 0x00000007c0000000)
 Metaspace       used 19240K, capacity 19502K, committed 19584K, reserved 1067008K
  class space    used 2275K, capacity 2386K, committed 2432K, reserved 1048576K
}
2015-10-12T14:51:44.766-0530: 2.420: Total time for which application threads were stopped: 0.0135310 seconds, Stopping threads took: 0.0000354 seconds
2015-10-12T14:51:44.908-0530: 2.561: Total time for which application threads were stopped: 0.0003851 seconds, Stopping threads took: 0.0000207 seconds
2015-10-12T14:51:44.960-0530: 2.614: Total time for which application threads were stopped: 0.0004103 seconds, Stopping threads took: 0.0001144 seconds
2015-10-12T14:51:45.004-0530: 2.658: Total time for which application threads were stopped: 0.0003162 seconds, Stopping threads took: 0.0000201 seconds
{Heap before GC invocations=2 (full 0):
 par new generation   total 109248K, used 101557K [0x00000007a0000000, 0x00000007a8000000, 0x00000007a8000000)
  eden space 87424K, 100% used [0x00000007a0000000, 0x00000007a5560000, 0x00000007a5560000)
  from space 21824K,  64% used [0x00000007a5560000, 0x00000007a632d780, 0x00000007a6ab0000)
  to   space 21824K,   0% used [0x00000007a6ab0000, 0x00000007a6ab0000, 0x00000007a8000000)
 concurrent mark-sweep generation total 393216K, used 0K [0x00000007a8000000, 0x00000007c0000000, 0x00000007c0000000)
 Metaspace       used 20515K, capacity 20846K, committed 20992K, reserved 1067008K
  class space    used 2414K, capacity 2514K, committed 2560K, reserved 1048576K
2015-10-12T14:51:45.279-0530: 2.933: [GC (Allocation Failure) 2015-10-12T14:51:45.279-0530: 2.933: [ParNew
Desired survivor size 20112992 bytes, new threshold 8 (max 8)
- age   1:    2479912 bytes,    2479912 total
- age   2:    3601744 bytes,    6081656 total
- age   3:    2489208 bytes,    8570864 total
: 101557K->11950K(109248K), 0.0144783 secs] 101557K->11950K(502464K), 0.0145625 secs] [Times: user=0.04 sys=0.01, real=0.02 secs] 
Heap after GC invocations=3 (full 0):
 par new generation   total 109248K, used 11950K [0x00000007a0000000, 0x00000007a8000000, 0x00000007a8000000)
  eden space 87424K,   0% used [0x00000007a0000000, 0x00000007a0000000, 0x00000007a5560000)
  from space 21824K,  54% used [0x00000007a6ab0000, 0x00000007a765b800, 0x00000007a8000000)
  to   space 21824K,   0% used [0x00000007a5560000, 0x00000007a5560000, 0x00000007a6ab0000)
 concurrent mark-sweep generation total 393216K, used 0K [0x00000007a8000000, 0x00000007c0000000, 0x00000007c0000000)
 Metaspace       used 20515K, capacity 20846K, committed 20992K, reserved 1067008K
  class space    used 2414K, capacity 2514K, committed 2560K, reserved 1048576K
}
2015-10-12T14:51:45.294-0530: 2.947: Total time for which application threads were stopped: 0.0148988 seconds, Stopping threads took: 0.0000481 seconds
2015-10-12T14:51:45.371-0530: 3.024: Total time for which application threads were stopped: 0.0001340 seconds, Stopping threads took: 0.0000221 seconds
2015-10-12T14:51:45.429-0530: 3.083: Total time for which application threads were stopped: 0.0001550 seconds, Stopping threads took: 0.0000234 seconds
{Heap before GC invocations=3 (full 0):
 par new generation   total 109248K, used 99374K [0x00000007a0000000, 0x00000007a8000000, 0x00000007a8000000)
  eden space 87424K, 100% used [0x00000007a0000000, 0x00000007a5560000, 0x00000007a5560000)
  from space 21824K,  54% used [0x00000007a6ab0000, 0x00000007a765b800, 0x00000007a8000000)
  to   space 21824K,   0% used [0x00000007a5560000, 0x00000007a5560000, 0x00000007a6ab0000)
 concurrent mark-sweep generation total 393216K, used 0K [0x00000007a8000000, 0x00000007c0000000, 0x00000007c0000000)
 Metaspace       used 21273K, capacity 21606K, committed 21884K, reserved 1069056K
  class space    used 2516K, capacity 2614K, committed 2684K, reserved 1048576K
2015-10-12T14:51:45.476-0530: 3.129: [GC (Allocation Failure) 2015-10-12T14:51:45.476-0530: 3.129: [ParNew
Desired survivor size 20112992 bytes, new threshold 8 (max 8)
- age   1:    1034712 bytes,    1034712 total
- age   2:    1427472 bytes,    2462184 total
- age   3:    3596752 bytes,    6058936 total
- age   4:    2489208 bytes,    8548144 total
: 99374K->9675K(109248K), 0.0124039 secs] 99374K->9675K(502464K), 0.0125121 secs] [Times: user=0.04 sys=0.00, real=0.01 secs] 
Heap after GC invocations=4 (full 0):
 par new generation   total 109248K, used 9675K [0x00000007a0000000, 0x00000007a8000000, 0x00000007a8000000)
  eden space 87424K,   0% used [0x00000007a0000000, 0x00000007a0000000, 0x00000007a5560000)
  from space 21824K,  44% used [0x00000007a5560000, 0x00000007a5ed2d40, 0x00000007a6ab0000)
  to   space 21824K,   0% used [0x00000007a6ab0000, 0x00000007a6ab0000, 0x00000007a8000000)
 concurrent mark-sweep generation total 393216K, used 0K [0x00000007a8000000, 0x00000007c0000000, 0x00000007c0000000)
 Metaspace       used 21273K, capacity 21606K, committed 21884K, reserved 1069056K
  class space    used 2516K, capacity 2614K, committed 2684K, reserved 1048576K
}
2015-10-12T14:51:45.488-0530: 3.142: Total time for which application threads were stopped: 0.0127248 seconds, Stopping threads took: 0.0000244 seconds
2015-10-12T14:51:45.489-0530: 3.142: [GC (CMS Initial Mark) [1 CMS-initial-mark: 0K(393216K)] 10289K(502464K), 0.0028086 secs] [Times: user=0.01 sys=0.00, real=0.01 secs] 
2015-10-12T14:51:45.491-0530: 3.145: Total time for which application threads were stopped: 0.0030056 seconds, Stopping threads took: 0.0000841 seconds
2015-10-12T14:51:45.491-0530: 3.145: [CMS-concurrent-mark-start]
2015-10-12T14:51:45.502-0530: 3.155: [CMS-concurrent-mark: 0.010/0.010 secs] [Times: user=0.04 sys=0.00, real=0.01 secs] 
2015-10-12T14:51:45.502-0530: 3.155: [CMS-concurrent-preclean-start]
2015-10-12T14:51:45.503-0530: 3.157: [CMS-concurrent-preclean: 0.001/0.001 secs] [Times: user=0.00 sys=0.00, real=0.00 secs] 
2015-10-12T14:51:45.503-0530: 3.157: [CMS-concurrent-abortable-preclean-start]
{Heap before GC invocations=4 (full 1):
 par new generation   total 109248K, used 97099K [0x00000007a0000000, 0x00000007a8000000, 0x00000007a8000000)
  eden space 87424K, 100% used [0x00000007a0000000, 0x00000007a5560000, 0x00000007a5560000)
  from space 21824K,  44% used [0x00000007a5560000, 0x00000007a5ed2d40, 0x00000007a6ab0000)
  to   space 21824K,   0% used [0x00000007a6ab0000, 0x00000007a6ab0000, 0x00000007a8000000)
 concurrent mark-sweep generation total 393216K, used 0K [0x00000007a8000000, 0x00000007c0000000, 0x00000007c0000000)
 Metaspace       used 21428K, capacity 21854K, committed 21960K, reserved 1069056K
  class space    used 2535K, capacity 2650K, committed 2684K, reserved 1048576K
2015-10-12T14:51:45.607-0530: 3.260: [GC (Allocation Failure) 2015-10-12T14:51:45.607-0530: 3.260: [ParNew
Desired survivor size 20112992 bytes, new threshold 8 (max 8)
- age   1:     655992 bytes,     655992 total
- age   2:     140616 bytes,     796608 total
- age   3:    1427296 bytes,    2223904 total
- age   4:    3596304 bytes,    5820208 total
- age   5:    2489208 bytes,    8309416 total
: 97099K->11464K(109248K), 0.0112621 secs] 97099K->11464K(502464K), 0.0113618 secs] [Times: user=0.03 sys=0.00, real=0.01 secs] 
Heap after GC invocations=5 (full 1):
 par new generation   total 109248K, used 11464K [0x00000007a0000000, 0x00000007a8000000, 0x00000007a8000000)
  eden space 87424K,   0% used [0x00000007a0000000, 0x00000007a0000000, 0x00000007a5560000)
  from space 21824K,  52% used [0x00000007a6ab0000, 0x00000007a75e2200, 0x00000007a8000000)
  to   space 21824K,   0% used [0x00000007a5560000, 0x00000007a5560000, 0x00000007a6ab0000)
 concurrent mark-sweep generation total 393216K, used 0K [0x00000007a8000000, 0x00000007c0000000, 0x00000007c0000000)
 Metaspace       used 21428K, capacity 21854K, committed 21960K, reserved 1069056K
  class space    used 2535K, capacity 2650K, committed 2684K, reserved 1048576K
}
2015-10-12T14:51:45.618-0530: 3.272: Total time for which application threads were stopped: 0.0121949 seconds, Stopping threads took: 0.0006425 seconds
2015-10-12T14:51:45.655-0530: 3.308: Total time for which application threads were stopped: 0.0001447 seconds, Stopping threads took: 0.0000226 seconds
2015-10-12T14:51:45.828-0530: 3.482: Total time for which application threads were stopped: 0.0001594 seconds, Stopping threads took: 0.0000185 seconds
2015-10-12T14:51:45.853-0530: 3.506: Total time for which application threads were stopped: 0.0003494 seconds, Stopping threads took: 0.0000279 seconds
2015-10-12T14:51:45.853-0530: 3.506: [CMS-concurrent-abortable-preclean: 0.174/0.350 secs] [Times: user=1.15 sys=0.04, real=0.35 secs] 
2015-10-12T14:51:45.853-0530: 3.507: [GC (CMS Final Remark) [YG occupancy: 96643 K (109248 K)]{Heap before GC invocations=5 (full 1):
 par new generation   total 109248K, used 96643K [0x00000007a0000000, 0x00000007a8000000, 0x00000007a8000000)
  eden space 87424K,  97% used [0x00000007a0000000, 0x00000007a532ebe8, 0x00000007a5560000)
  from space 21824K,  52% used [0x00000007a6ab0000, 0x00000007a75e2200, 0x00000007a8000000)
  to   space 21824K,   0% used [0x00000007a5560000, 0x00000007a5560000, 0x00000007a6ab0000)
 concurrent mark-sweep generation total 393216K, used 0K [0x00000007a8000000, 0x00000007c0000000, 0x00000007c0000000)
 Metaspace       used 21959K, capacity 22310K, committed 22624K, reserved 1069056K
  class space    used 2600K, capacity 2716K, committed 2812K, reserved 1048576K
2015-10-12T14:51:45.853-0530: 3.507: [GC (CMS Final Remark) 2015-10-12T14:51:45.853-0530: 3.507: [ParNew
Desired survivor size 20112992 bytes, new threshold 8 (max 8)
- age   1:     587832 bytes,     587832 total
- age   2:     133152 bytes,     720984 total
- age   3:     139112 bytes,     860096 total
- age   4:    1426376 bytes,    2286472 total
- age   5:    3593232 bytes,    5879704 total
- age   6:    2489208 bytes,    8368912 total
: 96643K->9907K(109248K), 0.0155251 secs] 96643K->9907K(502464K), 0.0155814 secs] [Times: user=0.04 sys=0.00, real=0.01 secs] 
Heap after GC invocations=6 (full 1):
 par new generation   total 109248K, used 9907K [0x00000007a0000000, 0x00000007a8000000, 0x00000007a8000000)
  eden space 87424K,   0% used [0x00000007a0000000, 0x00000007a0000000, 0x00000007a5560000)
  from space 21824K,  45% used [0x00000007a5560000, 0x00000007a5f0ce00, 0x00000007a6ab0000)
  to   space 21824K,   0% used [0x00000007a6ab0000, 0x00000007a6ab0000, 0x00000007a8000000)
 concurrent mark-sweep generation total 393216K, used 0K [0x00000007a8000000, 0x00000007c0000000, 0x00000007c0000000)
 Metaspace       used 21959K, capacity 22310K, committed 22624K, reserved 1069056K
  class space    used 2600K, capacity 2716K, committed 2812K, reserved 1048576K
}
2015-10-12T14:51:45.869-0530: 3.522: [Rescan (parallel) , 0.0050860 secs]2015-10-12T14:51:45.874-0530: 3.527: [weak refs processing, 0.0021821 secs]2015-10-12T14:51:45.876-0530: 3.530: [class unloading, 0.0042367 secs]2015-10-12T14:51:45.880-0530: 3.534: [scrub symbol table, 0.0039623 secs]2015-10-12T14:51:45.884-0530: 3.538: [scrub string table, 0.0003171 secs][1 CMS-remark: 0K(393216K)] 9907K(502464K), 0.0328581 secs] [Times: user=0.08 sys=0.01, real=0.03 secs] 
2015-10-12T14:51:45.886-0530: 3.539: Total time for which application threads were stopped: 0.0329579 seconds, Stopping threads took: 0.0000064 seconds
2015-10-12T14:51:45.886-0530: 3.540: [CMS-concurrent-sweep-start]
2015-10-12T14:51:45.886-0530: 3.540: [CMS-concurrent-sweep: 0.000/0.000 secs] [Times: user=0.00 sys=0.00, real=0.00 secs] 
2015-10-12T14:51:45.886-0530: 3.540: [CMS-concurrent-reset-start]
2015-10-12T14:51:45.890-0530: 3.544: [CMS-concurrent-reset: 0.004/0.004 secs] [Times: user=0.01 sys=0.00, real=0.01 secs] 
2015-10-12T14:51:45.989-0530: 3.642: Total time for which application threads were stopped: 0.0003579 seconds, Stopping threads took: 0.0000201 seconds
2015-10-12T14:51:46.211-0530: 3.864: Total time for which application threads were stopped: 0.0004265 seconds, Stopping threads took: 0.0000316 seconds
2015-10-12T14:51:46.236-0530: 3.889: Total time for which application threads were stopped: 0.0003695 seconds, Stopping threads took: 0.0000202 seconds
2015-10-12T14:51:46.463-0530: 4.116: Total time for which application threads were stopped: 0.0003797 seconds, Stopping threads took: 0.0000370 seconds
2015-10-12T14:51:46.463-0530: 4.117: Total time for which application threads were stopped: 0.0001173 seconds, Stopping threads took: 0.0000392 seconds
2015-10-12T14:51:46.464-0530: 4.117: Total time for which application threads were stopped: 0.0000544 seconds, Stopping threads took: 0.0000084 seconds
2015-10-12T14:51:46.464-0530: 4.117: Total time for which application threads were stopped: 0.0000622 seconds, Stopping threads took: 0.0000103 seconds
2015-10-12T14:51:46.464-0530: 4.118: Total time for which application threads were stopped: 0.0000771 seconds, Stopping threads took: 0.0000262 seconds
2015-10-12T14:51:46.465-0530: 4.118: Total time for which application threads were stopped: 0.0000533 seconds, Stopping threads took: 0.0000076 seconds
2015-10-12T14:51:46.465-0530: 4.118: Total time for which application threads were stopped: 0.0000499 seconds, Stopping threads took: 0.0000077 seconds
2015-10-12T14:51:46.465-0530: 4.119: Total time for which application threads were stopped: 0.0000771 seconds, Stopping threads took: 0.0000313 seconds
2015-10-12T14:51:46.465-0530: 4.119: Total time for which application threads were stopped: 0.0000717 seconds, Stopping threads took: 0.0000298 seconds
2015-10-12T14:51:46.465-0530: 4.119: Total time for which application threads were stopped: 0.0000484 seconds, Stopping threads took: 0.0000063 seconds
2015-10-12T14:51:46.466-0530: 4.119: Total time for which application threads were stopped: 0.0000732 seconds, Stopping threads took: 0.0000243 seconds
2015-10-12T14:51:46.466-0530: 4.119: Total time for which application threads were stopped: 0.0000724 seconds, Stopping threads took: 0.0000296 seconds
2015-10-12T14:51:46.466-0530: 4.119: Total time for which application threads were stopped: 0.0000447 seconds, Stopping threads took: 0.0000066 seconds
2015-10-12T14:51:46.466-0530: 4.120: Total time for which application threads were stopped: 0.0000739 seconds, Stopping threads took: 0.0000312 seconds
2015-10-12T14:51:46.466-0530: 4.120: Total time for which application threads were stopped: 0.0000695 seconds, Stopping threads took: 0.0000285 seconds
2015-10-12T14:51:46.466-0530: 4.120: Total time for which application threads were stopped: 0.0000444 seconds, Stopping threads took: 0.0000066 seconds
2015-10-12T14:51:46.467-0530: 4.120: Total time for which application threads were stopped: 0.0000737 seconds, Stopping threads took: 0.0000265 seconds
2015-10-12T14:51:46.467-0530: 4.121: Total time for which application threads were stopped: 0.0000727 seconds, Stopping threads took: 0.0000308 seconds
2015-10-12T14:51:46.467-0530: 4.121: Total time for which application threads were stopped: 0.0000474 seconds, Stopping threads took: 0.0000063 seconds
2015-10-12T14:51:46.467-0530: 4.121: Total time for which application threads were stopped: 0.0000667 seconds, Stopping threads took: 0.0000217 seconds
2015-10-12T14:51:46.468-0530: 4.121: Total time for which application threads were stopped: 0.0001250 seconds, Stopping threads took: 0.0000304 seconds
2015-10-12T14:51:46.468-0530: 4.122: Total time for which application threads were stopped: 0.0000771 seconds, Stopping threads took: 0.0000290 seconds
2015-10-12T14:51:46.468-0530: 4.122: Total time for which application threads were stopped: 0.0000840 seconds, Stopping threads took: 0.0000351 seconds
2015-10-12T14:51:46.469-0530: 4.122: Total time for which application threads were stopped: 0.0000488 seconds, Stopping threads took: 0.0000074 seconds
2015-10-12T14:51:46.469-0530: 4.123: Total time for which application threads were stopped: 0.0000849 seconds, Stopping threads took: 0.0000343 seconds
2015-10-12T14:51:46.469-0530: 4.123: Total time for which application threads were stopped: 0.0000573 seconds, Stopping threads took: 0.0000085 seconds
2015-10-12T14:51:46.469-0530: 4.123: Total time for which application threads were stopped: 0.0000480 seconds, Stopping threads took: 0.0000069 seconds
2015-10-12T14:51:46.470-0530: 4.123: Total time for which application threads were stopped: 0.0001102 seconds, Stopping threads took: 0.0000355 seconds
2015-10-12T14:51:46.470-0530: 4.124: Total time for which application threads were stopped: 0.0000848 seconds, Stopping threads took: 0.0000187 seconds
2015-10-12T14:51:46.470-0530: 4.124: Total time for which application threads were stopped: 0.0001249 seconds, Stopping threads took: 0.0000249 seconds
2015-10-12T14:51:46.471-0530: 4.124: Total time for which application threads were stopped: 0.0001116 seconds, Stopping threads took: 0.0000121 seconds
2015-10-12T14:51:46.472-0530: 4.126: Total time for which application threads were stopped: 0.0003238 seconds, Stopping threads took: 0.0002550 seconds
2015-10-12T14:51:46.473-0530: 4.126: Total time for which application threads were stopped: 0.0000768 seconds, Stopping threads took: 0.0000185 seconds
2015-10-12T14:51:46.473-0530: 4.127: Total time for which application threads were stopped: 0.0001704 seconds, Stopping threads took: 0.0001058 seconds
2015-10-12T14:51:46.474-0530: 4.128: Total time for which application threads were stopped: 0.0001614 seconds, Stopping threads took: 0.0000372 seconds
2015-10-12T14:51:46.475-0530: 4.128: Total time for which application threads were stopped: 0.0000789 seconds, Stopping threads took: 0.0000294 seconds
2015-10-12T14:51:46.475-0530: 4.129: Total time for which application threads were stopped: 0.0000858 seconds, Stopping threads took: 0.0000324 seconds
2015-10-12T14:51:46.475-0530: 4.129: Total time for which application threads were stopped: 0.0000898 seconds, Stopping threads took: 0.0000271 seconds
2015-10-12T14:51:46.475-0530: 4.129: Total time for which application threads were stopped: 0.0000588 seconds, Stopping threads took: 0.0000218 seconds
2015-10-12T14:51:46.476-0530: 4.129: Total time for which application threads were stopped: 0.0000703 seconds, Stopping threads took: 0.0000200 seconds
2015-10-12T14:51:46.476-0530: 4.129: Total time for which application threads were stopped: 0.0001133 seconds, Stopping threads took: 0.0000072 seconds
2015-10-12T14:51:46.479-0530: 4.132: Total time for which application threads were stopped: 0.0001571 seconds, Stopping threads took: 0.0000529 seconds
2015-10-12T14:51:46.479-0530: 4.133: Total time for which application threads were stopped: 0.0001271 seconds, Stopping threads took: 0.0000351 seconds
2015-10-12T14:51:46.479-0530: 4.133: Total time for which application threads were stopped: 0.0001009 seconds, Stopping threads took: 0.0000360 seconds
2015-10-12T14:51:46.480-0530: 4.133: Total time for which application threads were stopped: 0.0001084 seconds, Stopping threads took: 0.0000517 seconds
2015-10-12T14:51:46.480-0530: 4.133: Total time for which application threads were stopped: 0.0000816 seconds, Stopping threads took: 0.0000314 seconds
2015-10-12T14:51:46.480-0530: 4.134: Total time for which application threads were stopped: 0.0000867 seconds, Stopping threads took: 0.0000402 seconds
2015-10-12T14:51:46.482-0530: 4.136: Total time for which application threads were stopped: 0.0001567 seconds, Stopping threads took: 0.0000882 seconds
2015-10-12T14:51:46.489-0530: 4.143: Total time for which application threads were stopped: 0.0001882 seconds, Stopping threads took: 0.0001084 seconds
2015-10-12T14:51:46.496-0530: 4.150: Total time for which application threads were stopped: 0.0000979 seconds, Stopping threads took: 0.0000347 seconds
2015-10-12T14:51:46.500-0530: 4.154: Total time for which application threads were stopped: 0.0001430 seconds, Stopping threads took: 0.0000615 seconds
2015-10-12T14:51:46.500-0530: 4.154: Total time for which application threads were stopped: 0.0000581 seconds, Stopping threads took: 0.0000105 seconds
2015-10-12T14:51:46.500-0530: 4.154: Total time for which application threads were stopped: 0.0000453 seconds, Stopping threads took: 0.0000065 seconds
2015-10-12T14:51:46.503-0530: 4.157: Total time for which application threads were stopped: 0.0001222 seconds, Stopping threads took: 0.0000327 seconds
2015-10-12T14:51:46.503-0530: 4.157: Total time for which application threads were stopped: 0.0000848 seconds, Stopping threads took: 0.0000317 seconds
2015-10-12T14:51:46.503-0530: 4.157: Total time for which application threads were stopped: 0.0000671 seconds, Stopping threads took: 0.0000230 seconds
2015-10-12T14:51:46.507-0530: 4.161: Total time for which application threads were stopped: 0.0001458 seconds, Stopping threads took: 0.0000543 seconds
2015-10-12T14:51:46.508-0530: 4.162: Total time for which application threads were stopped: 0.0001232 seconds, Stopping threads took: 0.0000414 seconds
2015-10-12T14:51:46.509-0530: 4.163: Total time for which application threads were stopped: 0.0001164 seconds, Stopping threads took: 0.0000381 seconds
2015-10-12T14:51:46.511-0530: 4.165: Total time for which application threads were stopped: 0.0002349 seconds, Stopping threads took: 0.0001262 seconds
2015-10-12T14:51:46.515-0530: 4.169: Total time for which application threads were stopped: 0.0001200 seconds, Stopping threads took: 0.0000411 seconds
2015-10-12T14:51:46.517-0530: 4.170: Total time for which application threads were stopped: 0.0001485 seconds, Stopping threads took: 0.0000136 seconds
2015-10-12T14:51:46.521-0530: 4.174: Total time for which application threads were stopped: 0.0000967 seconds, Stopping threads took: 0.0000214 seconds
2015-10-12T14:51:46.521-0530: 4.174: Total time for which application threads were stopped: 0.0000658 seconds, Stopping threads took: 0.0000255 seconds
2015-10-12T14:51:46.523-0530: 4.177: Total time for which application threads were stopped: 0.0001003 seconds, Stopping threads took: 0.0000173 seconds
2015-10-12T14:51:46.524-0530: 4.177: Total time for which application threads were stopped: 0.0000936 seconds, Stopping threads took: 0.0000390 seconds
2015-10-12T14:51:46.524-0530: 4.177: Total time for which application threads were stopped: 0.0000692 seconds, Stopping threads took: 0.0000202 seconds
2015-10-12T14:51:46.528-0530: 4.182: Total time for which application threads were stopped: 0.0000974 seconds, Stopping threads took: 0.0000183 seconds
2015-10-12T14:51:46.537-0530: 4.190: Total time for which application threads were stopped: 0.0000948 seconds, Stopping threads took: 0.0000186 seconds
2015-10-12T14:51:46.539-0530: 4.193: Total time for which application threads were stopped: 0.0001111 seconds, Stopping threads took: 0.0000356 seconds
2015-10-12T14:51:46.544-0530: 4.198: Total time for which application threads were stopped: 0.0001442 seconds, Stopping threads took: 0.0000264 seconds
2015-10-12T14:51:46.546-0530: 4.200: Total time for which application threads were stopped: 0.0001773 seconds, Stopping threads took: 0.0000907 seconds
2015-10-12T14:51:46.568-0530: 4.221: Total time for which application threads were stopped: 0.0001026 seconds, Stopping threads took: 0.0000210 seconds
2015-10-12T14:51:46.568-0530: 4.221: Total time for which application threads were stopped: 0.0000763 seconds, Stopping threads took: 0.0000149 seconds
2015-10-12T14:51:46.568-0530: 4.222: Total time for which application threads were stopped: 0.0000538 seconds, Stopping threads took: 0.0000133 seconds
2015-10-12T14:51:46.586-0530: 4.240: Total time for which application threads were stopped: 0.0001227 seconds, Stopping threads took: 0.0000366 seconds
2015-10-12T14:51:46.601-0530: 4.255: Total time for which application threads were stopped: 0.0001322 seconds, Stopping threads took: 0.0000444 seconds
2015-10-12T14:51:46.615-0530: 4.269: Total time for which application threads were stopped: 0.0001031 seconds, Stopping threads took: 0.0000378 seconds
2015-10-12T14:51:46.618-0530: 4.272: Total time for which application threads were stopped: 0.0001172 seconds, Stopping threads took: 0.0000367 seconds
2015-10-12T14:51:46.619-0530: 4.272: Total time for which application threads were stopped: 0.0000724 seconds, Stopping threads took: 0.0000359 seconds
2015-10-12T14:51:46.620-0530: 4.274: Total time for which application threads were stopped: 0.0001896 seconds, Stopping threads took: 0.0001222 seconds
2015-10-12T14:51:46.628-0530: 4.281: Total time for which application threads were stopped: 0.0001970 seconds, Stopping threads took: 0.0001050 seconds
2015-10-12T14:51:46.653-0530: 4.307: Total time for which application threads were stopped: 0.0001304 seconds, Stopping threads took: 0.0000477 seconds
2015-10-12T14:51:46.654-0530: 4.308: Total time for which application threads were stopped: 0.0000702 seconds, Stopping threads took: 0.0000136 seconds
2015-10-12T14:51:46.660-0530: 4.314: Total time for which application threads were stopped: 0.0001152 seconds, Stopping threads took: 0.0000506 seconds
2015-10-12T14:51:46.661-0530: 4.315: Total time for which application threads were stopped: 0.0001287 seconds, Stopping threads took: 0.0000447 seconds
2015-10-12T14:51:46.682-0530: 4.335: Total time for which application threads were stopped: 0.0001469 seconds, Stopping threads took: 0.0000486 seconds
2015-10-12T14:51:46.696-0530: 4.350: Total time for which application threads were stopped: 0.0000903 seconds, Stopping threads took: 0.0000173 seconds
2015-10-12T14:51:46.698-0530: 4.352: Total time for which application threads were stopped: 0.0001674 seconds, Stopping threads took: 0.0000316 seconds
2015-10-12T14:51:46.699-0530: 4.352: Total time for which application threads were stopped: 0.0003191 seconds, Stopping threads took: 0.0002635 seconds
2015-10-12T14:51:46.699-0530: 4.352: Total time for which application threads were stopped: 0.0000944 seconds, Stopping threads took: 0.0000107 seconds
2015-10-12T14:51:46.714-0530: 4.368: Total time for which application threads were stopped: 0.0001059 seconds, Stopping threads took: 0.0000206 seconds
2015-10-12T14:51:46.820-0530: 4.473: Total time for which application threads were stopped: 0.0002126 seconds, Stopping threads took: 0.0000632 seconds
2015-10-12T14:51:46.880-0530: 4.534: Total time for which application threads were stopped: 0.0004232 seconds, Stopping threads took: 0.0000666 seconds
{Heap before GC invocations=6 (full 1):
 par new generation   total 109248K, used 97331K [0x00000007a0000000, 0x00000007a8000000, 0x00000007a8000000)
  eden space 87424K, 100% used [0x00000007a0000000, 0x00000007a5560000, 0x00000007a5560000)
  from space 21824K,  45% used [0x00000007a5560000, 0x00000007a5f0ce00, 0x00000007a6ab0000)
  to   space 21824K,   0% used [0x00000007a6ab0000, 0x00000007a6ab0000, 0x00000007a8000000)
 concurrent mark-sweep generation total 393216K, used 0K [0x00000007a8000000, 0x00000007c0000000, 0x00000007c0000000)
 Metaspace       used 26255K, capacity 26662K, committed 27132K, reserved 1073152K
  class space    used 3089K, capacity 3202K, committed 3324K, reserved 1048576K
2015-10-12T14:51:46.884-0530: 4.537: [GC (Allocation Failure) 2015-10-12T14:51:46.884-0530: 4.537: [ParNew
Desired survivor size 20112992 bytes, new threshold 8 (max 8)
- age   1:   10086136 bytes,   10086136 total
- age   2:     193984 bytes,   10280120 total
- age   3:     133120 bytes,   10413240 total
- age   4:     133672 bytes,   10546912 total
- age   5:     306128 bytes,   10853040 total
- age   6:    3584560 bytes,   14437600 total
- age   7:    2488984 bytes,   16926584 total
: 97331K->21824K(109248K), 0.0204227 secs] 97331K->21824K(502464K), 0.0205324 secs] [Times: user=0.07 sys=0.01, real=0.02 secs] 
Heap after GC invocations=7 (full 1):
 par new generation   total 109248K, used 21824K [0x00000007a0000000, 0x00000007a8000000, 0x00000007a8000000)
  eden space 87424K,   0% used [0x00000007a0000000, 0x00000007a0000000, 0x00000007a5560000)
  from space 21824K, 100% used [0x00000007a6ab0000, 0x00000007a8000000, 0x00000007a8000000)
  to   space 21824K,   0% used [0x00000007a5560000, 0x00000007a5560000, 0x00000007a6ab0000)
 concurrent mark-sweep generation total 393216K, used 0K [0x00000007a8000000, 0x00000007c0000000, 0x00000007c0000000)
 Metaspace       used 26255K, capacity 26662K, committed 27132K, reserved 1073152K
  class space    used 3089K, capacity 3202K, committed 3324K, reserved 1048576K
}
2015-10-12T14:51:46.904-0530: 4.558: Total time for which application threads were stopped: 0.0207600 seconds, Stopping threads took: 0.0000465 seconds
2015-10-12T14:51:47.009-0530: 4.663: Total time for which application threads were stopped: 0.0001687 seconds, Stopping threads took: 0.0000236 seconds
2015-10-12T14:51:47.009-0530: 4.663: Total time for which application threads were stopped: 0.0003304 seconds, Stopping threads took: 0.0002407 seconds
2015-10-12T14:51:47.031-0530: 4.685: Total time for which application threads were stopped: 0.0001108 seconds, Stopping threads took: 0.0000225 seconds
2015-10-12T14:51:47.054-0530: 4.708: Total time for which application threads were stopped: 0.0003333 seconds, Stopping threads took: 0.0000417 seconds
2015-10-12T14:51:47.069-0530: 4.723: Total time for which application threads were stopped: 0.0001688 seconds, Stopping threads took: 0.0000653 seconds
2015-10-12T14:51:47.087-0530: 4.741: Total time for which application threads were stopped: 0.0001309 seconds, Stopping threads took: 0.0000524 seconds
2015-10-12T14:51:47.113-0530: 4.767: Total time for which application threads were stopped: 0.0002030 seconds, Stopping threads took: 0.0000222 seconds
2015-10-12T14:51:47.125-0530: 4.778: Total time for which application threads were stopped: 0.0001459 seconds, Stopping threads took: 0.0000520 seconds
2015-10-12T14:51:48.126-0530: 5.779: Total time for which application threads were stopped: 0.0001972 seconds, Stopping threads took: 0.0000421 seconds
2015-10-12T14:51:49.377-0530: 7.031: Total time for which application threads were stopped: 0.0004074 seconds, Stopping threads took: 0.0000199 seconds
2015-10-12T14:51:49.412-0530: 7.065: Total time for which application threads were stopped: 0.0003865 seconds, Stopping threads took: 0.0003034 seconds
2015-10-12T14:51:49.412-0530: 7.066: Total time for which application threads were stopped: 0.0001074 seconds, Stopping threads took: 0.0000229 seconds
2015-10-12T14:51:49.506-0530: 7.160: Total time for which application threads were stopped: 0.0001193 seconds, Stopping threads took: 0.0000377 seconds
2015-10-12T14:51:49.507-0530: 7.160: Total time for which application threads were stopped: 0.0000964 seconds, Stopping threads took: 0.0000347 seconds
2015-10-12T14:51:49.507-0530: 7.161: Total time for which application threads were stopped: 0.0000491 seconds, Stopping threads took: 0.0000111 seconds
2015-10-12T14:51:49.530-0530: 7.184: Total time for which application threads were stopped: 0.0001810 seconds, Stopping threads took: 0.0000531 seconds
2015-10-12T14:51:49.542-0530: 7.196: Total time for which application threads were stopped: 0.0000989 seconds, Stopping threads took: 0.0000216 seconds
2015-10-12T14:51:49.550-0530: 7.204: Total time for which application threads were stopped: 0.0000985 seconds, Stopping threads took: 0.0000238 seconds
2015-10-12T14:51:49.550-0530: 7.204: Total time for which application threads were stopped: 0.0000592 seconds, Stopping threads took: 0.0000196 seconds
2015-10-12T14:51:49.551-0530: 7.204: Total time for which application threads were stopped: 0.0000578 seconds, Stopping threads took: 0.0000108 seconds
2015-10-12T14:51:50.554-0530: 8.208: Total time for which application threads were stopped: 0.0001535 seconds, Stopping threads took: 0.0000304 seconds
2015-10-12T14:52:18.614-0530: 36.269: Total time for which application threads were stopped: 0.0001072 seconds, Stopping threads took: 0.0000241 seconds
2015-10-12T14:52:18.618-0530: 36.273: Total time for which application threads were stopped: 0.0000937 seconds, Stopping threads took: 0.0000226 seconds
2015-10-12T14:52:19.621-0530: 37.277: Total time for which application threads were stopped: 0.0001818 seconds, Stopping threads took: 0.0000423 seconds
2015-10-12T14:53:28.053-0530: 105.713: Total time for which application threads were stopped: 0.0000734 seconds, Stopping threads took: 0.0000169 seconds
2015-10-12T14:53:28.062-0530: 105.722: Total time for which application threads were stopped: 0.0001065 seconds, Stopping threads took: 0.0000511 seconds
2015-10-12T14:53:29.066-0530: 106.726: Total time for which application threads were stopped: 0.0001570 seconds, Stopping threads took: 0.0000372 seconds
2015-10-12T14:53:44.058-0530: 121.719: Total time for which application threads were stopped: 0.0000897 seconds, Stopping threads took: 0.0000291 seconds
2015-10-12T14:53:45.063-0530: 122.724: Total time for which application threads were stopped: 0.0001275 seconds, Stopping threads took: 0.0000332 seconds
2015-10-12T14:54:15.506-0530: 153.168: Total time for which application threads were stopped: 0.0000819 seconds, Stopping threads took: 0.0000249 seconds
2015-10-12T14:54:15.574-0530: 153.237: Total time for which application threads were stopped: 0.0000782 seconds, Stopping threads took: 0.0000190 seconds
2015-10-12T14:54:16.576-0530: 154.239: Total time for which application threads were stopped: 0.0001275 seconds, Stopping threads took: 0.0000357 seconds
2015-10-12T14:54:26.597-0530: 164.260: Total time for which application threads were stopped: 0.0001225 seconds, Stopping threads took: 0.0000282 seconds
2015-10-12T14:54:35.685-0530: 173.348: Total time for which application threads were stopped: 0.0001012 seconds, Stopping threads took: 0.0000232 seconds
2015-10-12T14:54:35.694-0530: 173.358: Total time for which application threads were stopped: 0.0001038 seconds, Stopping threads took: 0.0000235 seconds
2015-10-12T14:54:36.695-0530: 174.359: Total time for which application threads were stopped: 0.0001274 seconds, Stopping threads took: 0.0000324 seconds
2015-10-12T14:54:52.842-0530: 190.507: Total time for which application threads were stopped: 0.0001167 seconds, Stopping threads took: 0.0000222 seconds
2015-10-12T14:54:52.846-0530: 190.511: Total time for which application threads were stopped: 0.0001028 seconds, Stopping threads took: 0.0000235 seconds
2015-10-12T14:54:52.910-0530: 190.574: Total time for which application threads were stopped: 0.0001046 seconds, Stopping threads took: 0.0000211 seconds
2015-10-12T14:54:52.910-0530: 190.574: Total time for which application threads were stopped: 0.0000483 seconds, Stopping threads took: 0.0000106 seconds
2015-10-12T14:54:52.912-0530: 190.577: Total time for which application threads were stopped: 0.0005638 seconds, Stopping threads took: 0.0000347 seconds
2015-10-12T14:54:52.913-0530: 190.577: Total time for which application threads were stopped: 0.0001132 seconds, Stopping threads took: 0.0000336 seconds
2015-10-12T14:54:52.913-0530: 190.578: Total time for which application threads were stopped: 0.0000808 seconds, Stopping threads took: 0.0000295 seconds
2015-10-12T14:54:52.913-0530: 190.578: Total time for which application threads were stopped: 0.0000751 seconds, Stopping threads took: 0.0000260 seconds
2015-10-12T14:54:52.913-0530: 190.578: Total time for which application threads were stopped: 0.0000537 seconds, Stopping threads took: 0.0000093 seconds
2015-10-12T14:54:53.915-0530: 191.580: Total time for which application threads were stopped: 0.0002496 seconds, Stopping threads took: 0.0000504 seconds
2015-10-12T14:54:54.920-0530: 192.585: Total time for which application threads were stopped: 0.0001098 seconds, Stopping threads took: 0.0000284 seconds
2015-10-12T14:55:02.942-0530: 200.607: Total time for which application threads were stopped: 0.0001360 seconds, Stopping threads took: 0.0000265 seconds
2015-10-12T14:55:21.193-0530: 218.860: Total time for which application threads were stopped: 0.0001386 seconds, Stopping threads took: 0.0000272 seconds
2015-10-12T14:55:21.207-0530: 218.874: Total time for which application threads were stopped: 0.0001416 seconds, Stopping threads took: 0.0000213 seconds
2015-10-12T14:55:22.210-0530: 219.876: Total time for which application threads were stopped: 0.0001814 seconds, Stopping threads took: 0.0000377 seconds
2015-10-12T14:55:38.772-0530: 236.439: Total time for which application threads were stopped: 0.0001293 seconds, Stopping threads took: 0.0000263 seconds
2015-10-12T14:55:38.786-0530: 236.453: Total time for which application threads were stopped: 0.0000974 seconds, Stopping threads took: 0.0000186 seconds
2015-10-12T14:55:38.812-0530: 236.479: Total time for which application threads were stopped: 0.0000980 seconds, Stopping threads took: 0.0000202 seconds
2015-10-12T14:55:38.813-0530: 236.480: Total time for which application threads were stopped: 0.0001011 seconds, Stopping threads took: 0.0000211 seconds
2015-10-12T14:55:38.870-0530: 236.538: Total time for which application threads were stopped: 0.0001430 seconds, Stopping threads took: 0.0000200 seconds
2015-10-12T14:55:39.874-0530: 237.541: Total time for which application threads were stopped: 0.0002290 seconds, Stopping threads took: 0.0000616 seconds
2015-10-12T14:55:56.977-0530: 254.645: Total time for which application threads were stopped: 0.0001277 seconds, Stopping threads took: 0.0000240 seconds
2015-10-12T14:55:56.982-0530: 254.651: Total time for which application threads were stopped: 0.0001273 seconds, Stopping threads took: 0.0000229 seconds
2015-10-12T14:55:57.986-0530: 255.654: Total time for which application threads were stopped: 0.0001791 seconds, Stopping threads took: 0.0000399 seconds
2015-10-12T15:02:14.968-0530: 632.659: Total time for which application threads were stopped: 0.0001052 seconds, Stopping threads took: 0.0000275 seconds
2015-10-12T15:04:59.457-0530: 797.157: Total time for which application threads were stopped: 0.0001413 seconds, Stopping threads took: 0.0000366 seconds
2015-10-12T15:05:00.457-0530: 798.158: Total time for which application threads were stopped: 0.0001461 seconds, Stopping threads took: 0.0000334 seconds
2015-10-12T15:05:55.539-0530: 853.243: Total time for which application threads were stopped: 0.0001379 seconds, Stopping threads took: 0.0000225 seconds
2015-10-12T15:05:55.549-0530: 853.253: Total time for which application threads were stopped: 0.0001185 seconds, Stopping threads took: 0.0000257 seconds
2015-10-12T15:05:55.570-0530: 853.274: Total time for which application threads were stopped: 0.0001005 seconds, Stopping threads took: 0.0000196 seconds
2015-10-12T15:05:55.572-0530: 853.276: Total time for which application threads were stopped: 0.0000704 seconds, Stopping threads took: 0.0000093 seconds
2015-10-12T15:05:55.577-0530: 853.281: Total time for which application threads were stopped: 0.0000871 seconds, Stopping threads took: 0.0000207 seconds
2015-10-12T15:05:55.577-0530: 853.281: Total time for which application threads were stopped: 0.0000625 seconds, Stopping threads took: 0.0000100 seconds
2015-10-12T15:05:55.589-0530: 853.293: Total time for which application threads were stopped: 0.0001178 seconds, Stopping threads took: 0.0000236 seconds
2015-10-12T15:05:55.591-0530: 853.295: Total time for which application threads were stopped: 0.0001368 seconds, Stopping threads took: 0.0000124 seconds
2015-10-12T15:05:55.602-0530: 853.306: Total time for which application threads were stopped: 0.0005702 seconds, Stopping threads took: 0.0000219 seconds
2015-10-12T15:05:55.608-0530: 853.312: Total time for which application threads were stopped: 0.0001085 seconds, Stopping threads took: 0.0000164 seconds
2015-10-12T15:05:55.608-0530: 853.312: Total time for which application threads were stopped: 0.0000874 seconds, Stopping threads took: 0.0000154 seconds
2015-10-12T15:05:55.608-0530: 853.312: Total time for which application threads were stopped: 0.0000799 seconds, Stopping threads took: 0.0000108 seconds
{Heap before GC invocations=7 (full 1):
 par new generation   total 109248K, used 109248K [0x00000007a0000000, 0x00000007a8000000, 0x00000007a8000000)
  eden space 87424K, 100% used [0x00000007a0000000, 0x00000007a5560000, 0x00000007a5560000)
  from space 21824K, 100% used [0x00000007a6ab0000, 0x00000007a8000000, 0x00000007a8000000)
  to   space 21824K,   0% used [0x00000007a5560000, 0x00000007a5560000, 0x00000007a6ab0000)
 concurrent mark-sweep generation total 393216K, used 0K [0x00000007a8000000, 0x00000007c0000000, 0x00000007c0000000)
 Metaspace       used 30765K, capacity 31098K, committed 31356K, reserved 1077248K
  class space    used 3566K, capacity 3656K, committed 3708K, reserved 1048576K
2015-10-12T15:05:55.614-0530: 853.318: [GC (Allocation Failure) 2015-10-12T15:05:55.614-0530: 853.318: [ParNew
Desired survivor size 20112992 bytes, new threshold 8 (max 8)
- age   1:    6931120 bytes,    6931120 total
- age   2:    6469640 bytes,   13400760 total
- age   3:     193584 bytes,   13594344 total
- age   4:     132352 bytes,   13726696 total
- age   5:     133464 bytes,   13860160 total
- age   6:     304352 bytes,   14164512 total
- age   7:    3520512 bytes,   17685024 total
- age   8:    2487768 bytes,   20172792 total
: 109248K->21824K(109248K), 0.0253307 secs] 109248K->21824K(502464K), 0.0254304 secs] [Times: user=0.07 sys=0.01, real=0.02 secs] 
Heap after GC invocations=8 (full 1):
 par new generation   total 109248K, used 21824K [0x00000007a0000000, 0x00000007a8000000, 0x00000007a8000000)
  eden space 87424K,   0% used [0x00000007a0000000, 0x00000007a0000000, 0x00000007a5560000)
  from space 21824K, 100% used [0x00000007a5560000, 0x00000007a6ab0000, 0x00000007a6ab0000)
  to   space 21824K,   0% used [0x00000007a6ab0000, 0x00000007a6ab0000, 0x00000007a8000000)
 concurrent mark-sweep generation total 393216K, used 0K [0x00000007a8000000, 0x00000007c0000000, 0x00000007c0000000)
 Metaspace       used 30765K, capacity 31098K, committed 31356K, reserved 1077248K
  class space    used 3566K, capacity 3656K, committed 3708K, reserved 1048576K
}
2015-10-12T15:05:55.639-0530: 853.343: Total time for which application threads were stopped: 0.0256269 seconds, Stopping threads took: 0.0000172 seconds
2015-10-12T15:05:55.647-0530: 853.351: Total time for which application threads were stopped: 0.0004068 seconds, Stopping threads took: 0.0002301 seconds
2015-10-12T15:05:55.647-0530: 853.351: Total time for which application threads were stopped: 0.0001103 seconds, Stopping threads took: 0.0000430 seconds
2015-10-12T15:05:55.662-0530: 853.366: Total time for which application threads were stopped: 0.0001406 seconds, Stopping threads took: 0.0000384 seconds
2015-10-12T15:05:55.665-0530: 853.369: Total time for which application threads were stopped: 0.0001302 seconds, Stopping threads took: 0.0000257 seconds
2015-10-12T15:05:55.665-0530: 853.369: Total time for which application threads were stopped: 0.0000627 seconds, Stopping threads took: 0.0000105 seconds
2015-10-12T15:05:55.665-0530: 853.369: Total time for which application threads were stopped: 0.0000609 seconds, Stopping threads took: 0.0000108 seconds
2015-10-12T15:05:55.666-0530: 853.369: Total time for which application threads were stopped: 0.0000597 seconds, Stopping threads took: 0.0000103 seconds
2015-10-12T15:05:55.666-0530: 853.370: Total time for which application threads were stopped: 0.0000503 seconds, Stopping threads took: 0.0000098 seconds
2015-10-12T15:05:55.666-0530: 853.370: Total time for which application threads were stopped: 0.0000759 seconds, Stopping threads took: 0.0000097 seconds
2015-10-12T15:05:55.701-0530: 853.405: Total time for which application threads were stopped: 0.0001356 seconds, Stopping threads took: 0.0000198 seconds
2015-10-12T15:05:55.702-0530: 853.406: Total time for which application threads were stopped: 0.0001501 seconds, Stopping threads took: 0.0000297 seconds
2015-10-12T15:05:55.703-0530: 853.407: Total time for which application threads were stopped: 0.0000556 seconds, Stopping threads took: 0.0000107 seconds
2015-10-12T15:05:55.703-0530: 853.407: Total time for which application threads were stopped: 0.0000440 seconds, Stopping threads took: 0.0000080 seconds
2015-10-12T15:05:55.703-0530: 853.407: Total time for which application threads were stopped: 0.0000421 seconds, Stopping threads took: 0.0000079 seconds
2015-10-12T15:05:55.705-0530: 853.409: Total time for which application threads were stopped: 0.0001010 seconds, Stopping threads took: 0.0000161 seconds
2015-10-12T15:05:55.705-0530: 853.409: Total time for which application threads were stopped: 0.0000506 seconds, Stopping threads took: 0.0000089 seconds
2015-10-12T15:05:55.706-0530: 853.410: Total time for which application threads were stopped: 0.0000809 seconds, Stopping threads took: 0.0000262 seconds
2015-10-12T15:05:55.706-0530: 853.410: Total time for which application threads were stopped: 0.0000833 seconds, Stopping threads took: 0.0000340 seconds
2015-10-12T15:05:55.707-0530: 853.411: Total time for which application threads were stopped: 0.0000732 seconds, Stopping threads took: 0.0000145 seconds
2015-10-12T15:05:55.707-0530: 853.411: Total time for which application threads were stopped: 0.0000455 seconds, Stopping threads took: 0.0000090 seconds
2015-10-12T15:05:55.707-0530: 853.411: Total time for which application threads were stopped: 0.0000401 seconds, Stopping threads took: 0.0000075 seconds
2015-10-12T15:05:55.707-0530: 853.411: Total time for which application threads were stopped: 0.0000713 seconds, Stopping threads took: 0.0000073 seconds
2015-10-12T15:05:56.709-0530: 854.413: Total time for which application threads were stopped: 0.0001254 seconds, Stopping threads took: 0.0000288 seconds
2015-10-12T15:05:59.715-0530: 857.419: Total time for which application threads were stopped: 0.0001978 seconds, Stopping threads took: 0.0000462 seconds
2015-10-12T15:06:05.730-0530: 863.435: Total time for which application threads were stopped: 0.0001205 seconds, Stopping threads took: 0.0000306 seconds
2015-10-12T15:06:20.774-0530: 878.479: Total time for which application threads were stopped: 0.0003085 seconds, Stopping threads took: 0.0000679 seconds
2015-10-12T15:06:25.642-0530: 883.348: Total time for which application threads were stopped: 0.0001310 seconds, Stopping threads took: 0.0000253 seconds
2015-10-12T15:06:25.648-0530: 883.354: Total time for which application threads were stopped: 0.0001320 seconds, Stopping threads took: 0.0000269 seconds
2015-10-12T15:06:25.651-0530: 883.357: Total time for which application threads were stopped: 0.0001063 seconds, Stopping threads took: 0.0000218 seconds
2015-10-12T15:06:25.663-0530: 883.369: Total time for which application threads were stopped: 0.0001217 seconds, Stopping threads took: 0.0000236 seconds
2015-10-12T15:06:25.666-0530: 883.371: Total time for which application threads were stopped: 0.0001207 seconds, Stopping threads took: 0.0000241 seconds
2015-10-12T15:06:25.670-0530: 883.376: Total time for which application threads were stopped: 0.0001374 seconds, Stopping threads took: 0.0000225 seconds
2015-10-12T15:06:25.680-0530: 883.385: Total time for which application threads were stopped: 0.0001876 seconds, Stopping threads took: 0.0000562 seconds
2015-10-12T15:06:25.682-0530: 883.388: Total time for which application threads were stopped: 0.0002404 seconds, Stopping threads took: 0.0001235 seconds
2015-10-12T15:06:25.683-0530: 883.388: Total time for which application threads were stopped: 0.0000982 seconds, Stopping threads took: 0.0000173 seconds
2015-10-12T15:06:25.692-0530: 883.397: Total time for which application threads were stopped: 0.0001502 seconds, Stopping threads took: 0.0000510 seconds
2015-10-12T15:06:25.692-0530: 883.398: Total time for which application threads were stopped: 0.0000864 seconds, Stopping threads took: 0.0000289 seconds
2015-10-12T15:06:25.692-0530: 883.398: Total time for which application threads were stopped: 0.0000883 seconds, Stopping threads took: 0.0000271 seconds
2015-10-12T15:06:25.692-0530: 883.398: Total time for which application threads were stopped: 0.0000813 seconds, Stopping threads took: 0.0000276 seconds
2015-10-12T15:06:25.692-0530: 883.398: Total time for which application threads were stopped: 0.0001073 seconds, Stopping threads took: 0.0000416 seconds
2015-10-12T15:06:25.693-0530: 883.399: Total time for which application threads were stopped: 0.0001209 seconds, Stopping threads took: 0.0000333 seconds
2015-10-12T15:06:25.693-0530: 883.399: Total time for which application threads were stopped: 0.0000862 seconds, Stopping threads took: 0.0000275 seconds
2015-10-12T15:06:25.693-0530: 883.399: Total time for which application threads were stopped: 0.0000876 seconds, Stopping threads took: 0.0000294 seconds
2015-10-12T15:06:25.694-0530: 883.399: Total time for which application threads were stopped: 0.0000790 seconds, Stopping threads took: 0.0000141 seconds
2015-10-12T15:06:25.694-0530: 883.400: Total time for which application threads were stopped: 0.0000772 seconds, Stopping threads took: 0.0000246 seconds
2015-10-12T15:06:25.694-0530: 883.400: Total time for which application threads were stopped: 0.0000729 seconds, Stopping threads took: 0.0000226 seconds
2015-10-12T15:06:25.696-0530: 883.402: Total time for which application threads were stopped: 0.0001331 seconds, Stopping threads took: 0.0000396 seconds
2015-10-12T15:06:25.704-0530: 883.410: Total time for which application threads were stopped: 0.0002755 seconds, Stopping threads took: 0.0001310 seconds
2015-10-12T15:06:25.704-0530: 883.410: Total time for which application threads were stopped: 0.0001501 seconds, Stopping threads took: 0.0000305 seconds
2015-10-12T15:06:25.705-0530: 883.411: Total time for which application threads were stopped: 0.0001325 seconds, Stopping threads took: 0.0000512 seconds
2015-10-12T15:06:25.729-0530: 883.435: Total time for which application threads were stopped: 0.0002046 seconds, Stopping threads took: 0.0000522 seconds
2015-10-12T15:06:25.729-0530: 883.435: Total time for which application threads were stopped: 0.0000932 seconds, Stopping threads took: 0.0000277 seconds
2015-10-12T15:06:25.730-0530: 883.436: Total time for which application threads were stopped: 0.0002541 seconds, Stopping threads took: 0.0001256 seconds
2015-10-12T15:06:25.731-0530: 883.437: Total time for which application threads were stopped: 0.0003461 seconds, Stopping threads took: 0.0001411 seconds
2015-10-12T15:06:25.740-0530: 883.446: Total time for which application threads were stopped: 0.0001421 seconds, Stopping threads took: 0.0000356 seconds
2015-10-12T15:06:25.743-0530: 883.448: Total time for which application threads were stopped: 0.0001286 seconds, Stopping threads took: 0.0000244 seconds
2015-10-12T15:06:25.755-0530: 883.461: Total time for which application threads were stopped: 0.0001584 seconds, Stopping threads took: 0.0000419 seconds
2015-10-12T15:06:25.776-0530: 883.482: Total time for which application threads were stopped: 0.0001459 seconds, Stopping threads took: 0.0000424 seconds
2015-10-12T15:06:25.777-0530: 883.482: Total time for which application threads were stopped: 0.0001054 seconds, Stopping threads took: 0.0000342 seconds
2015-10-12T15:06:25.777-0530: 883.483: Total time for which application threads were stopped: 0.0001163 seconds, Stopping threads took: 0.0000277 seconds
2015-10-12T15:06:30.794-0530: 888.500: Total time for which application threads were stopped: 0.0002714 seconds, Stopping threads took: 0.0000600 seconds
2015-10-12T15:06:35.807-0530: 893.513: Total time for which application threads were stopped: 0.0001708 seconds, Stopping threads took: 0.0000385 seconds
2015-10-12T15:06:46.961-0530: 904.668: Total time for which application threads were stopped: 0.0001169 seconds, Stopping threads took: 0.0000211 seconds
2015-10-12T15:06:46.963-0530: 904.670: Total time for which application threads were stopped: 0.0001561 seconds, Stopping threads took: 0.0000247 seconds
2015-10-12T15:06:46.967-0530: 904.674: Total time for which application threads were stopped: 0.0001243 seconds, Stopping threads took: 0.0000234 seconds
2015-10-12T15:06:46.970-0530: 904.677: Total time for which application threads were stopped: 0.0001261 seconds, Stopping threads took: 0.0000378 seconds
2015-10-12T15:06:46.971-0530: 904.679: Total time for which application threads were stopped: 0.0001646 seconds, Stopping threads took: 0.0000247 seconds
2015-10-12T15:06:46.974-0530: 904.681: Total time for which application threads were stopped: 0.0001595 seconds, Stopping threads took: 0.0000493 seconds
2015-10-12T15:06:46.980-0530: 904.687: Total time for which application threads were stopped: 0.0001813 seconds, Stopping threads took: 0.0000546 seconds
2015-10-12T15:06:46.984-0530: 904.691: Total time for which application threads were stopped: 0.0001535 seconds, Stopping threads took: 0.0000258 seconds
2015-10-12T15:06:46.984-0530: 904.691: Total time for which application threads were stopped: 0.0001568 seconds, Stopping threads took: 0.0000473 seconds
2015-10-12T15:06:46.985-0530: 904.692: Total time for which application threads were stopped: 0.0001855 seconds, Stopping threads took: 0.0000872 seconds
2015-10-12T15:06:46.989-0530: 904.696: Total time for which application threads were stopped: 0.0001277 seconds, Stopping threads took: 0.0000254 seconds
2015-10-12T15:06:46.989-0530: 904.696: Total time for which application threads were stopped: 0.0001087 seconds, Stopping threads took: 0.0000198 seconds
2015-10-12T15:06:46.990-0530: 904.697: Total time for which application threads were stopped: 0.0001669 seconds, Stopping threads took: 0.0000372 seconds
2015-10-12T15:06:46.993-0530: 904.700: Total time for which application threads were stopped: 0.0001378 seconds, Stopping threads took: 0.0000441 seconds
2015-10-12T15:06:47.031-0530: 904.739: Total time for which application threads were stopped: 0.0001687 seconds, Stopping threads took: 0.0000292 seconds
2015-10-12T15:06:47.032-0530: 904.739: Total time for which application threads were stopped: 0.0000993 seconds, Stopping threads took: 0.0000347 seconds
2015-10-12T15:06:47.032-0530: 904.739: Total time for which application threads were stopped: 0.0000715 seconds, Stopping threads took: 0.0000103 seconds
2015-10-12T15:06:47.032-0530: 904.739: Total time for which application threads were stopped: 0.0000611 seconds, Stopping threads took: 0.0000092 seconds
2015-10-12T15:06:47.032-0530: 904.739: Total time for which application threads were stopped: 0.0000965 seconds, Stopping threads took: 0.0000359 seconds
2015-10-12T15:06:47.033-0530: 904.740: Total time for which application threads were stopped: 0.0001046 seconds, Stopping threads took: 0.0000364 seconds
2015-10-12T15:08:26.724-0530: 1004.437: Total time for which application threads were stopped: 0.0001341 seconds, Stopping threads took: 0.0000291 seconds
2015-10-12T15:08:27.725-0530: 1005.438: Total time for which application threads were stopped: 0.0002011 seconds, Stopping threads took: 0.0000408 seconds
2015-10-12T15:08:53.962-0530: 1031.676: Total time for which application threads were stopped: 0.0001192 seconds, Stopping threads took: 0.0000236 seconds
2015-10-12T15:08:53.962-0530: 1031.677: Total time for which application threads were stopped: 0.0001008 seconds, Stopping threads took: 0.0000188 seconds
2015-10-12T15:08:53.965-0530: 1031.680: Total time for which application threads were stopped: 0.0001281 seconds, Stopping threads took: 0.0000239 seconds
2015-10-12T15:08:53.993-0530: 1031.708: Total time for which application threads were stopped: 0.0001212 seconds, Stopping threads took: 0.0000260 seconds
2015-10-12T15:08:53.995-0530: 1031.710: Total time for which application threads were stopped: 0.0001155 seconds, Stopping threads took: 0.0000249 seconds
2015-10-12T15:08:54.009-0530: 1031.724: Total time for which application threads were stopped: 0.0001072 seconds, Stopping threads took: 0.0000222 seconds
2015-10-12T15:08:54.037-0530: 1031.751: Total time for which application threads were stopped: 0.0001442 seconds, Stopping threads took: 0.0000277 seconds
2015-10-12T15:08:54.041-0530: 1031.755: Total time for which application threads were stopped: 0.0002039 seconds, Stopping threads took: 0.0001227 seconds
2015-10-12T15:08:54.041-0530: 1031.756: Total time for which application threads were stopped: 0.0001401 seconds, Stopping threads took: 0.0000417 seconds
2015-10-12T15:08:54.042-0530: 1031.756: Total time for which application threads were stopped: 0.0000757 seconds, Stopping threads took: 0.0000126 seconds
2015-10-12T15:08:54.042-0530: 1031.756: Total time for which application threads were stopped: 0.0000815 seconds, Stopping threads took: 0.0000256 seconds
2015-10-12T15:08:54.042-0530: 1031.756: Total time for which application threads were stopped: 0.0000650 seconds, Stopping threads took: 0.0000099 seconds
2015-10-12T15:08:54.042-0530: 1031.757: Total time for which application threads were stopped: 0.0000702 seconds, Stopping threads took: 0.0000113 seconds
2015-10-12T15:08:54.042-0530: 1031.757: Total time for which application threads were stopped: 0.0000650 seconds, Stopping threads took: 0.0000100 seconds
2015-10-12T15:08:54.042-0530: 1031.757: Total time for which application threads were stopped: 0.0000614 seconds, Stopping threads took: 0.0000101 seconds
2015-10-12T15:08:54.042-0530: 1031.757: Total time for which application threads were stopped: 0.0000867 seconds, Stopping threads took: 0.0000099 seconds
2015-10-12T15:08:54.043-0530: 1031.757: Total time for which application threads were stopped: 0.0000806 seconds, Stopping threads took: 0.0000097 seconds
2015-10-12T15:08:54.044-0530: 1031.759: Total time for which application threads were stopped: 0.0001085 seconds, Stopping threads took: 0.0000215 seconds
2015-10-12T15:09:52.985-0530: 1090.703: Total time for which application threads were stopped: 0.0001235 seconds, Stopping threads took: 0.0000239 seconds
2015-10-12T15:09:52.992-0530: 1090.710: Total time for which application threads were stopped: 0.0001161 seconds, Stopping threads took: 0.0000239 seconds
2015-10-12T15:09:52.993-0530: 1090.711: Total time for which application threads were stopped: 0.0001056 seconds, Stopping threads took: 0.0000205 seconds
2015-10-12T15:09:52.994-0530: 1090.712: Total time for which application threads were stopped: 0.0001202 seconds, Stopping threads took: 0.0000380 seconds
2015-10-12T15:09:52.998-0530: 1090.716: Total time for which application threads were stopped: 0.0002640 seconds, Stopping threads took: 0.0000438 seconds
2015-10-12T15:09:53.013-0530: 1090.731: Total time for which application threads were stopped: 0.0001776 seconds, Stopping threads took: 0.0000633 seconds
2015-10-12T15:09:53.015-0530: 1090.733: Total time for which application threads were stopped: 0.0002029 seconds, Stopping threads took: 0.0000691 seconds
2015-10-12T15:09:53.015-0530: 1090.733: Total time for which application threads were stopped: 0.0001885 seconds, Stopping threads took: 0.0000144 seconds
2015-10-12T15:09:53.055-0530: 1090.773: Total time for which application threads were stopped: 0.0001441 seconds, Stopping threads took: 0.0000262 seconds
2015-10-12T15:09:53.056-0530: 1090.775: Total time for which application threads were stopped: 0.0001163 seconds, Stopping threads took: 0.0000224 seconds
2015-10-12T15:09:53.057-0530: 1090.775: Total time for which application threads were stopped: 0.0000889 seconds, Stopping threads took: 0.0000301 seconds
2015-10-12T15:09:53.057-0530: 1090.775: Total time for which application threads were stopped: 0.0000940 seconds, Stopping threads took: 0.0000363 seconds
2015-10-12T15:09:53.057-0530: 1090.775: Total time for which application threads were stopped: 0.0000774 seconds, Stopping threads took: 0.0000239 seconds
2015-10-12T15:09:54.061-0530: 1091.779: Total time for which application threads were stopped: 0.0002179 seconds, Stopping threads took: 0.0000314 seconds
2015-10-12T15:09:55.064-0530: 1092.783: Total time for which application threads were stopped: 0.0001129 seconds, Stopping threads took: 0.0000235 seconds
2015-10-12T15:10:03.086-0530: 1100.805: Total time for which application threads were stopped: 0.0001093 seconds, Stopping threads took: 0.0000276 seconds
2015-10-12T15:12:35.455-0530: 1253.183: Total time for which application threads were stopped: 0.0001687 seconds, Stopping threads took: 0.0000437 seconds
2015-10-12T15:14:12.263-0530: 1349.997: Total time for which application threads were stopped: 0.0000955 seconds, Stopping threads took: 0.0000180 seconds
2015-10-12T15:14:12.340-0530: 1350.074: Total time for which application threads were stopped: 0.0000996 seconds, Stopping threads took: 0.0000225 seconds
2015-10-12T15:14:13.345-0530: 1351.078: Total time for which application threads were stopped: 0.0002153 seconds, Stopping threads took: 0.0000490 seconds
2015-10-12T15:14:14.348-0530: 1352.082: Total time for which application threads were stopped: 0.0001336 seconds, Stopping threads took: 0.0000270 seconds
2015-10-12T15:17:05.230-0530: 1522.974: Total time for which application threads were stopped: 0.0001055 seconds, Stopping threads took: 0.0000189 seconds
2015-10-12T15:17:06.232-0530: 1523.976: Total time for which application threads were stopped: 0.0001195 seconds, Stopping threads took: 0.0000254 seconds
2015-10-12T15:17:22.785-0530: 1540.530: Total time for which application threads were stopped: 0.0000945 seconds, Stopping threads took: 0.0000226 seconds
2015-10-12T15:17:23.788-0530: 1541.534: Total time for which application threads were stopped: 0.0003013 seconds, Stopping threads took: 0.0000324 seconds
2015-10-12T15:17:27.804-0530: 1545.549: Total time for which application threads were stopped: 0.0002562 seconds, Stopping threads took: 0.0000551 seconds
2015-10-12T15:17:47.850-0530: 1565.597: Total time for which application threads were stopped: 0.0001891 seconds, Stopping threads took: 0.0000459 seconds
2015-10-12T15:17:59.882-0530: 1577.630: Total time for which application threads were stopped: 0.0003209 seconds, Stopping threads took: 0.0000651 seconds
2015-10-12T15:18:11.909-0530: 1589.657: Total time for which application threads were stopped: 0.0001554 seconds, Stopping threads took: 0.0000444 seconds
2015-10-12T15:19:06.062-0530: 1643.813: Total time for which application threads were stopped: 0.0002396 seconds, Stopping threads took: 0.0000554 seconds
2015-10-12T15:20:14.216-0530: 1711.972: Total time for which application threads were stopped: 0.0000831 seconds, Stopping threads took: 0.0000212 seconds
2015-10-12T15:21:28.981-0530: 1786.741: Total time for which application threads were stopped: 0.0002490 seconds, Stopping threads took: 0.0000215 seconds
2015-10-12T15:21:29.043-0530: 1786.803: Total time for which application threads were stopped: 0.0000975 seconds, Stopping threads took: 0.0000232 seconds
2015-10-12T15:21:29.043-0530: 1786.803: Total time for which application threads were stopped: 0.0000706 seconds, Stopping threads took: 0.0000100 seconds
{Heap before GC invocations=8 (full 1):
 par new generation   total 109248K, used 109248K [0x00000007a0000000, 0x00000007a8000000, 0x00000007a8000000)
  eden space 87424K, 100% used [0x00000007a0000000, 0x00000007a5560000, 0x00000007a5560000)
  from space 21824K, 100% used [0x00000007a5560000, 0x00000007a6ab0000, 0x00000007a6ab0000)
  to   space 21824K,   0% used [0x00000007a6ab0000, 0x00000007a6ab0000, 0x00000007a8000000)
 concurrent mark-sweep generation total 393216K, used 0K [0x00000007a8000000, 0x00000007c0000000, 0x00000007c0000000)
 Metaspace       used 31771K, capacity 32134K, committed 32508K, reserved 1077248K
  class space    used 3613K, capacity 3722K, committed 3836K, reserved 1048576K
2015-10-12T15:21:29.950-0530: 1787.709: [GC (Allocation Failure) 2015-10-12T15:21:29.950-0530: 1787.709: [ParNew
Desired survivor size 20112992 bytes, new threshold 8 (max 8)
- age   1:    1160536 bytes,    1160536 total
- age   2:    3395368 bytes,    4555904 total
- age   3:    5908744 bytes,   10464648 total
- age   4:     186416 bytes,   10651064 total
- age   5:     121952 bytes,   10773016 total
- age   6:     117232 bytes,   10890248 total
- age   7:     293872 bytes,   11184120 total
- age   8:    3395672 bytes,   14579792 total
: 109248K->21824K(109248K), 0.0736474 secs] 109248K->24454K(502464K), 0.0737696 secs] [Times: user=0.16 sys=0.01, real=0.07 secs] 
Heap after GC invocations=9 (full 1):
 par new generation   total 109248K, used 21824K [0x00000007a0000000, 0x00000007a8000000, 0x00000007a8000000)
  eden space 87424K,   0% used [0x00000007a0000000, 0x00000007a0000000, 0x00000007a5560000)
  from space 21824K, 100% used [0x00000007a6ab0000, 0x00000007a8000000, 0x00000007a8000000)
  to   space 21824K,   0% used [0x00000007a5560000, 0x00000007a5560000, 0x00000007a6ab0000)
 concurrent mark-sweep generation total 393216K, used 2630K [0x00000007a8000000, 0x00000007c0000000, 0x00000007c0000000)
 Metaspace       used 31771K, capacity 32134K, committed 32508K, reserved 1077248K
  class space    used 3613K, capacity 3722K, committed 3836K, reserved 1048576K
}
2015-10-12T15:21:30.023-0530: 1787.783: Total time for which application threads were stopped: 0.0741001 seconds, Stopping threads took: 0.0000261 seconds
2015-10-12T15:21:30.024-0530: 1787.784: Total time for which application threads were stopped: 0.0002698 seconds, Stopping threads took: 0.0000497 seconds
2015-10-12T15:21:31.026-0530: 1788.786: Total time for which application threads were stopped: 0.0001489 seconds, Stopping threads took: 0.0000368 seconds
2015-10-12T15:21:36.043-0530: 1793.803: Total time for which application threads were stopped: 0.0002463 seconds, Stopping threads took: 0.0000628 seconds
2015-10-12T15:21:39.050-0530: 1796.810: Total time for which application threads were stopped: 0.0001208 seconds, Stopping threads took: 0.0000273 seconds
2015-10-12T15:22:10.673-0530: 1828.435: Total time for which application threads were stopped: 0.0001393 seconds, Stopping threads took: 0.0000234 seconds
2015-10-12T15:22:11.674-0530: 1829.436: Total time for which application threads were stopped: 0.0001181 seconds, Stopping threads took: 0.0000275 seconds
2015-10-12T15:22:20.698-0530: 1838.461: Total time for which application threads were stopped: 0.0001076 seconds, Stopping threads took: 0.0000243 seconds
2015-10-12T15:25:04.774-0530: 2002.547: Total time for which application threads were stopped: 0.0001660 seconds, Stopping threads took: 0.0000259 seconds
2015-10-12T15:25:04.864-0530: 2002.636: Total time for which application threads were stopped: 0.0001317 seconds, Stopping threads took: 0.0000239 seconds
2015-10-12T15:25:04.866-0530: 2002.639: Total time for which application threads were stopped: 0.0001124 seconds, Stopping threads took: 0.0000218 seconds
2015-10-12T15:25:04.867-0530: 2002.639: Total time for which application threads were stopped: 0.0000994 seconds, Stopping threads took: 0.0000296 seconds
2015-10-12T15:25:04.869-0530: 2002.642: Total time for which application threads were stopped: 0.0001463 seconds, Stopping threads took: 0.0000286 seconds
2015-10-12T15:25:04.884-0530: 2002.656: Total time for which application threads were stopped: 0.0002009 seconds, Stopping threads took: 0.0000304 seconds
2015-10-12T15:25:04.884-0530: 2002.657: Total time for which application threads were stopped: 0.0001827 seconds, Stopping threads took: 0.0000881 seconds
2015-10-12T15:25:04.884-0530: 2002.657: Total time for which application threads were stopped: 0.0001042 seconds, Stopping threads took: 0.0000398 seconds
2015-10-12T15:25:04.885-0530: 2002.657: Total time for which application threads were stopped: 0.0001036 seconds, Stopping threads took: 0.0000307 seconds
2015-10-12T15:25:04.885-0530: 2002.658: Total time for which application threads were stopped: 0.0000961 seconds, Stopping threads took: 0.0000378 seconds
2015-10-12T15:25:04.885-0530: 2002.658: Total time for which application threads were stopped: 0.0000579 seconds, Stopping threads took: 0.0000178 seconds
2015-10-12T15:25:04.885-0530: 2002.658: Total time for which application threads were stopped: 0.0000604 seconds, Stopping threads took: 0.0000101 seconds
2015-10-12T15:25:04.885-0530: 2002.658: Total time for which application threads were stopped: 0.0000831 seconds, Stopping threads took: 0.0000082 seconds
2015-10-12T15:25:04.885-0530: 2002.658: Total time for which application threads were stopped: 0.0000652 seconds, Stopping threads took: 0.0000093 seconds
2015-10-12T15:25:04.886-0530: 2002.658: Total time for which application threads were stopped: 0.0000730 seconds, Stopping threads took: 0.0000283 seconds
2015-10-12T15:25:04.894-0530: 2002.666: Total time for which application threads were stopped: 0.0001949 seconds, Stopping threads took: 0.0000286 seconds
2015-10-12T15:25:04.897-0530: 2002.670: Total time for which application threads were stopped: 0.0001797 seconds, Stopping threads took: 0.0000434 seconds
2015-10-12T15:25:04.898-0530: 2002.670: Total time for which application threads were stopped: 0.0001656 seconds, Stopping threads took: 0.0000405 seconds
2015-10-12T15:25:04.899-0530: 2002.672: Total time for which application threads were stopped: 0.0001712 seconds, Stopping threads took: 0.0000414 seconds
2015-10-12T15:25:04.926-0530: 2002.698: Total time for which application threads were stopped: 0.0001727 seconds, Stopping threads took: 0.0000556 seconds
2015-10-12T15:25:04.926-0530: 2002.699: Total time for which application threads were stopped: 0.0000978 seconds, Stopping threads took: 0.0000360 seconds
2015-10-12T15:25:04.926-0530: 2002.699: Total time for which application threads were stopped: 0.0000901 seconds, Stopping threads took: 0.0000314 seconds
2015-10-12T15:25:04.927-0530: 2002.699: Total time for which application threads were stopped: 0.0001589 seconds, Stopping threads took: 0.0000096 seconds
2015-10-12T15:25:05.928-0530: 2003.701: Total time for which application threads were stopped: 0.0001045 seconds, Stopping threads took: 0.0000265 seconds
2015-10-12T15:25:10.290-0530: 2008.063: Total time for which application threads were stopped: 0.0001964 seconds, Stopping threads took: 0.0000204 seconds
2015-10-12T15:25:25.455-0530: 2023.229: Total time for which application threads were stopped: 0.0001012 seconds, Stopping threads took: 0.0000226 seconds
2015-10-12T15:25:25.456-0530: 2023.230: Total time for which application threads were stopped: 0.0000965 seconds, Stopping threads took: 0.0000164 seconds
2015-10-12T15:25:26.459-0530: 2024.233: Total time for which application threads were stopped: 0.0001586 seconds, Stopping threads took: 0.0000437 seconds
2015-10-12T15:26:00.560-0530: 2058.336: Total time for which application threads were stopped: 0.0001828 seconds, Stopping threads took: 0.0000534 seconds
2015-10-12T15:26:12.583-0530: 2070.359: Total time for which application threads were stopped: 0.0001178 seconds, Stopping threads took: 0.0000193 seconds
2015-10-12T15:26:12.583-0530: 2070.360: Total time for which application threads were stopped: 0.0001330 seconds, Stopping threads took: 0.0000216 seconds
2015-10-12T15:26:12.584-0530: 2070.361: Total time for which application threads were stopped: 0.0001113 seconds, Stopping threads took: 0.0000197 seconds
2015-10-12T15:26:12.585-0530: 2070.361: Total time for which application threads were stopped: 0.0001056 seconds, Stopping threads took: 0.0000158 seconds
2015-10-12T15:26:12.588-0530: 2070.365: Total time for which application threads were stopped: 0.0002639 seconds, Stopping threads took: 0.0000226 seconds
2015-10-12T15:26:12.590-0530: 2070.367: Total time for which application threads were stopped: 0.0001280 seconds, Stopping threads took: 0.0000226 seconds
2015-10-12T15:26:12.596-0530: 2070.373: Total time for which application threads were stopped: 0.0001910 seconds, Stopping threads took: 0.0000655 seconds
2015-10-12T15:26:12.596-0530: 2070.373: Total time for which application threads were stopped: 0.0001112 seconds, Stopping threads took: 0.0000160 seconds
2015-10-12T15:26:12.597-0530: 2070.373: Total time for which application threads were stopped: 0.0001417 seconds, Stopping threads took: 0.0000247 seconds
2015-10-12T15:26:12.600-0530: 2070.377: Total time for which application threads were stopped: 0.0001547 seconds, Stopping threads took: 0.0000260 seconds
2015-10-12T15:26:12.632-0530: 2070.408: Total time for which application threads were stopped: 0.0003443 seconds, Stopping threads took: 0.0001768 seconds
2015-10-12T15:26:12.632-0530: 2070.409: Total time for which application threads were stopped: 0.0001570 seconds, Stopping threads took: 0.0000206 seconds
2015-10-12T15:26:12.633-0530: 2070.410: Total time for which application threads were stopped: 0.0002569 seconds, Stopping threads took: 0.0000309 seconds
2015-10-12T15:26:12.636-0530: 2070.412: Total time for which application threads were stopped: 0.0018163 seconds, Stopping threads took: 0.0016662 seconds
2015-10-12T15:26:32.587-0530: 2090.365: Total time for which application threads were stopped: 0.0001089 seconds, Stopping threads took: 0.0000227 seconds
2015-10-12T15:26:33.591-0530: 2091.369: Total time for which application threads were stopped: 0.0001756 seconds, Stopping threads took: 0.0000410 seconds
2015-10-12T15:29:11.870-0530: 2249.657: Total time for which application threads were stopped: 0.0001489 seconds, Stopping threads took: 0.0000252 seconds
2015-10-12T15:29:11.871-0530: 2249.658: Total time for which application threads were stopped: 0.0001235 seconds, Stopping threads took: 0.0000212 seconds
2015-10-12T15:29:11.871-0530: 2249.659: Total time for which application threads were stopped: 0.0000784 seconds, Stopping threads took: 0.0000119 seconds
2015-10-12T15:29:11.871-0530: 2249.659: Total time for which application threads were stopped: 0.0000719 seconds, Stopping threads took: 0.0000127 seconds
2015-10-12T15:29:11.872-0530: 2249.659: Total time for which application threads were stopped: 0.0000840 seconds, Stopping threads took: 0.0000145 seconds
2015-10-12T15:29:11.955-0530: 2249.743: Total time for which application threads were stopped: 0.0001237 seconds, Stopping threads took: 0.0000215 seconds
2015-10-12T15:29:11.958-0530: 2249.745: Total time for which application threads were stopped: 0.0001332 seconds, Stopping threads took: 0.0000228 seconds
2015-10-12T15:29:11.958-0530: 2249.745: Total time for which application threads were stopped: 0.0001076 seconds, Stopping threads took: 0.0000155 seconds
2015-10-12T15:29:11.962-0530: 2249.750: Total time for which application threads were stopped: 0.0002354 seconds, Stopping threads took: 0.0001053 seconds
2015-10-12T15:29:11.962-0530: 2249.750: Total time for which application threads were stopped: 0.0001304 seconds, Stopping threads took: 0.0000353 seconds
2015-10-12T15:29:11.963-0530: 2249.750: Total time for which application threads were stopped: 0.0001273 seconds, Stopping threads took: 0.0000372 seconds
2015-10-12T15:29:12.001-0530: 2249.788: Total time for which application threads were stopped: 0.0001461 seconds, Stopping threads took: 0.0000440 seconds
2015-10-12T15:29:12.001-0530: 2249.789: Total time for which application threads were stopped: 0.0001246 seconds, Stopping threads took: 0.0000684 seconds
2015-10-12T15:29:12.002-0530: 2249.789: Total time for which application threads were stopped: 0.0001369 seconds, Stopping threads took: 0.0000408 seconds
2015-10-12T15:29:12.002-0530: 2249.789: Total time for which application threads were stopped: 0.0000768 seconds, Stopping threads took: 0.0000107 seconds
2015-10-12T15:29:12.002-0530: 2249.790: Total time for which application threads were stopped: 0.0000663 seconds, Stopping threads took: 0.0000092 seconds
2015-10-12T15:29:12.002-0530: 2249.790: Total time for which application threads were stopped: 0.0000736 seconds, Stopping threads took: 0.0000152 seconds
2015-10-12T15:29:12.002-0530: 2249.790: Total time for which application threads were stopped: 0.0000967 seconds, Stopping threads took: 0.0000345 seconds
2015-10-12T15:29:12.002-0530: 2249.790: Total time for which application threads were stopped: 0.0000891 seconds, Stopping threads took: 0.0000308 seconds
2015-10-12T15:29:12.003-0530: 2249.790: Total time for which application threads were stopped: 0.0000777 seconds, Stopping threads took: 0.0000112 seconds
2015-10-12T15:29:18.604-0530: 2256.392: Total time for which application threads were stopped: 0.0001409 seconds, Stopping threads took: 0.0000460 seconds
2015-10-12T15:29:19.608-0530: 2257.396: Total time for which application threads were stopped: 0.0001303 seconds, Stopping threads took: 0.0000318 seconds
2015-10-12T15:31:35.153-0530: 2392.950: Total time for which application threads were stopped: 0.0001793 seconds, Stopping threads took: 0.0000337 seconds
2015-10-12T15:31:35.154-0530: 2392.951: Total time for which application threads were stopped: 0.0001731 seconds, Stopping threads took: 0.0000277 seconds
2015-10-12T15:31:35.155-0530: 2392.951: Total time for which application threads were stopped: 0.0001569 seconds, Stopping threads took: 0.0000231 seconds
2015-10-12T15:31:35.156-0530: 2392.952: Total time for which application threads were stopped: 0.0001476 seconds, Stopping threads took: 0.0000344 seconds
2015-10-12T15:31:36.160-0530: 2393.956: Total time for which application threads were stopped: 0.0001240 seconds, Stopping threads took: 0.0000417 seconds
2015-10-12T15:31:49.198-0530: 2406.995: Total time for which application threads were stopped: 0.0002487 seconds, Stopping threads took: 0.0000324 seconds
2015-10-12T15:32:41.444-0530: 2459.245: Total time for which application threads were stopped: 0.0001316 seconds, Stopping threads took: 0.0000266 seconds
2015-10-12T15:32:41.447-0530: 2459.247: Total time for which application threads were stopped: 0.0001290 seconds, Stopping threads took: 0.0000211 seconds
2015-10-12T15:32:41.541-0530: 2459.341: Total time for which application threads were stopped: 0.0001238 seconds, Stopping threads took: 0.0000225 seconds
2015-10-12T15:32:41.543-0530: 2459.343: Total time for which application threads were stopped: 0.0001499 seconds, Stopping threads took: 0.0000355 seconds
2015-10-12T15:32:41.544-0530: 2459.344: Total time for which application threads were stopped: 0.0001375 seconds, Stopping threads took: 0.0000290 seconds
2015-10-12T15:32:41.546-0530: 2459.347: Total time for which application threads were stopped: 0.0001411 seconds, Stopping threads took: 0.0000432 seconds
2015-10-12T15:32:41.547-0530: 2459.347: Total time for which application threads were stopped: 0.0000666 seconds, Stopping threads took: 0.0000099 seconds
2015-10-12T15:32:41.547-0530: 2459.347: Total time for which application threads were stopped: 0.0001531 seconds, Stopping threads took: 0.0000978 seconds
2015-10-12T15:32:41.547-0530: 2459.347: Total time for which application threads were stopped: 0.0001038 seconds, Stopping threads took: 0.0000526 seconds
2015-10-12T15:32:41.559-0530: 2459.359: Total time for which application threads were stopped: 0.0001422 seconds, Stopping threads took: 0.0000231 seconds
2015-10-12T15:32:41.580-0530: 2459.381: Total time for which application threads were stopped: 0.0002313 seconds, Stopping threads took: 0.0000899 seconds
2015-10-12T15:32:41.581-0530: 2459.381: Total time for which application threads were stopped: 0.0001162 seconds, Stopping threads took: 0.0000170 seconds
2015-10-12T15:32:41.581-0530: 2459.381: Total time for which application threads were stopped: 0.0001037 seconds, Stopping threads took: 0.0000149 seconds
2015-10-12T15:32:41.581-0530: 2459.381: Total time for which application threads were stopped: 0.0000914 seconds, Stopping threads took: 0.0000124 seconds
2015-10-12T15:32:41.581-0530: 2459.382: Total time for which application threads were stopped: 0.0000869 seconds, Stopping threads took: 0.0000120 seconds
2015-10-12T15:32:41.589-0530: 2459.389: Total time for which application threads were stopped: 0.0001812 seconds, Stopping threads took: 0.0000262 seconds
2015-10-12T15:32:41.593-0530: 2459.393: Total time for which application threads were stopped: 0.0001289 seconds, Stopping threads took: 0.0000232 seconds
2015-10-12T15:32:41.602-0530: 2459.402: Total time for which application threads were stopped: 0.0001429 seconds, Stopping threads took: 0.0000242 seconds
2015-10-12T15:32:41.616-0530: 2459.416: Total time for which application threads were stopped: 0.0001541 seconds, Stopping threads took: 0.0000256 seconds
2015-10-12T15:32:41.618-0530: 2459.418: Total time for which application threads were stopped: 0.0001598 seconds, Stopping threads took: 0.0000453 seconds
2015-10-12T15:32:41.618-0530: 2459.418: Total time for which application threads were stopped: 0.0001395 seconds, Stopping threads took: 0.0000264 seconds
2015-10-12T15:32:41.619-0530: 2459.419: Total time for which application threads were stopped: 0.0001215 seconds, Stopping threads took: 0.0000182 seconds
2015-10-12T15:32:41.619-0530: 2459.419: Total time for which application threads were stopped: 0.0001078 seconds, Stopping threads took: 0.0000309 seconds
2015-10-12T15:32:41.619-0530: 2459.419: Total time for which application threads were stopped: 0.0000791 seconds, Stopping threads took: 0.0000211 seconds
2015-10-12T15:32:41.619-0530: 2459.420: Total time for which application threads were stopped: 0.0002124 seconds, Stopping threads took: 0.0000275 seconds
2015-10-12T15:32:52.890-0530: 2470.691: Total time for which application threads were stopped: 0.0001614 seconds, Stopping threads took: 0.0000387 seconds
2015-10-12T15:32:52.901-0530: 2470.702: Total time for which application threads were stopped: 0.0001874 seconds, Stopping threads took: 0.0000223 seconds
2015-10-12T15:32:59.006-0530: 2476.808: Total time for which application threads were stopped: 0.0001169 seconds, Stopping threads took: 0.0000222 seconds
2015-10-12T15:32:59.007-0530: 2476.808: Total time for which application threads were stopped: 0.0001205 seconds, Stopping threads took: 0.0000189 seconds
2015-10-12T15:32:59.008-0530: 2476.809: Total time for which application threads were stopped: 0.0001021 seconds, Stopping threads took: 0.0000156 seconds
2015-10-12T15:32:59.008-0530: 2476.810: Total time for which application threads were stopped: 0.0001858 seconds, Stopping threads took: 0.0000764 seconds
2015-10-12T15:33:09.030-0530: 2486.832: Total time for which application threads were stopped: 0.0002035 seconds, Stopping threads took: 0.0000467 seconds
2015-10-12T15:33:18.570-0530: 2496.372: Total time for which application threads were stopped: 0.0001437 seconds, Stopping threads took: 0.0000255 seconds
2015-10-12T15:33:32.360-0530: 2510.163: Total time for which application threads were stopped: 0.0001513 seconds, Stopping threads took: 0.0000252 seconds
2015-10-12T15:33:32.365-0530: 2510.168: Total time for which application threads were stopped: 0.0001274 seconds, Stopping threads took: 0.0000459 seconds
2015-10-12T15:33:32.556-0530: 2510.359: Total time for which application threads were stopped: 0.0001821 seconds, Stopping threads took: 0.0000231 seconds
2015-10-12T15:33:32.557-0530: 2510.360: Total time for which application threads were stopped: 0.0001665 seconds, Stopping threads took: 0.0000465 seconds
2015-10-12T15:33:32.557-0530: 2510.360: Total time for which application threads were stopped: 0.0000823 seconds, Stopping threads took: 0.0000121 seconds
2015-10-12T15:33:33.561-0530: 2511.364: Total time for which application threads were stopped: 0.0001337 seconds, Stopping threads took: 0.0000350 seconds
2015-10-12T15:33:39.583-0530: 2517.386: Total time for which application threads were stopped: 0.0001307 seconds, Stopping threads took: 0.0000416 seconds
2015-10-12T15:35:02.256-0530: 2600.065: Total time for which application threads were stopped: 0.0001388 seconds, Stopping threads took: 0.0000239 seconds
2015-10-12T15:35:03.258-0530: 2601.067: Total time for which application threads were stopped: 0.0001253 seconds, Stopping threads took: 0.0000305 seconds
2015-10-12T15:35:04.262-0530: 2602.071: Total time for which application threads were stopped: 0.0001117 seconds, Stopping threads took: 0.0000297 seconds
2015-10-12T15:36:55.367-0530: 2713.183: Total time for which application threads were stopped: 0.0001360 seconds, Stopping threads took: 0.0000235 seconds
2015-10-12T15:36:55.494-0530: 2713.309: Total time for which application threads were stopped: 0.0001128 seconds, Stopping threads took: 0.0000252 seconds
2015-10-12T15:36:56.496-0530: 2714.311: Total time for which application threads were stopped: 0.0002411 seconds, Stopping threads took: 0.0000373 seconds
{Heap before GC invocations=9 (full 1):
 par new generation   total 109248K, used 109248K [0x00000007a0000000, 0x00000007a8000000, 0x00000007a8000000)
  eden space 87424K, 100% used [0x00000007a0000000, 0x00000007a5560000, 0x00000007a5560000)
  from space 21824K, 100% used [0x00000007a6ab0000, 0x00000007a8000000, 0x00000007a8000000)
  to   space 21824K,   0% used [0x00000007a5560000, 0x00000007a5560000, 0x00000007a6ab0000)
 concurrent mark-sweep generation total 393216K, used 2630K [0x00000007a8000000, 0x00000007c0000000, 0x00000007c0000000)
 Metaspace       used 31898K, capacity 32262K, committed 32764K, reserved 1079296K
  class space    used 3614K, capacity 3722K, committed 3836K, reserved 1048576K
2015-10-12T15:36:56.774-0530: 2714.590: [GC (Allocation Failure) 2015-10-12T15:36:56.774-0530: 2714.590: [ParNew
Desired survivor size 20112992 bytes, new threshold 8 (max 8)
- age   1:    1140816 bytes,    1140816 total
- age   2:     212520 bytes,    1353336 total
- age   3:    3277568 bytes,    4630904 total
- age   4:    5832736 bytes,   10463640 total
- age   5:     186416 bytes,   10650056 total
- age   6:     121952 bytes,   10772008 total
- age   7:     117232 bytes,   10889240 total
- age   8:     292560 bytes,   11181800 total
: 109248K->14950K(109248K), 0.0552323 secs] 111878K->21057K(502464K), 0.0553209 secs] [Times: user=0.07 sys=0.01, real=0.05 secs] 
Heap after GC invocations=10 (full 1):
 par new generation   total 109248K, used 14950K [0x00000007a0000000, 0x00000007a8000000, 0x00000007a8000000)
  eden space 87424K,   0% used [0x00000007a0000000, 0x00000007a0000000, 0x00000007a5560000)
  from space 21824K,  68% used [0x00000007a5560000, 0x00000007a63f9a50, 0x00000007a6ab0000)
  to   space 21824K,   0% used [0x00000007a6ab0000, 0x00000007a6ab0000, 0x00000007a8000000)
 concurrent mark-sweep generation total 393216K, used 6106K [0x00000007a8000000, 0x00000007c0000000, 0x00000007c0000000)
 Metaspace       used 31898K, capacity 32262K, committed 32764K, reserved 1079296K
  class space    used 3614K, capacity 3722K, committed 3836K, reserved 1048576K
}
2015-10-12T15:36:56.830-0530: 2714.645: Total time for which application threads were stopped: 0.0556292 seconds, Stopping threads took: 0.0000241 seconds
2015-10-12T15:36:57.832-0530: 2715.648: Total time for which application threads were stopped: 0.0001081 seconds, Stopping threads took: 0.0000264 seconds
2015-10-12T15:38:56.668-0530: 2834.491: Total time for which application threads were stopped: 0.0001021 seconds, Stopping threads took: 0.0000220 seconds
2015-10-12T15:38:57.670-0530: 2835.493: Total time for which application threads were stopped: 0.0001201 seconds, Stopping threads took: 0.0000292 seconds
2015-10-12T15:41:58.576-0530: 3016.409: Total time for which application threads were stopped: 0.0001447 seconds, Stopping threads took: 0.0000266 seconds
2015-10-12T15:41:58.731-0530: 3016.565: Total time for which application threads were stopped: 0.0001235 seconds, Stopping threads took: 0.0000254 seconds
2015-10-12T15:41:59.745-0530: 3017.579: Total time for which application threads were stopped: 0.0106528 seconds, Stopping threads took: 0.0104409 seconds
{Heap before GC invocations=10 (full 1):
 par new generation   total 109248K, used 102374K [0x00000007a0000000, 0x00000007a8000000, 0x00000007a8000000)
  eden space 87424K, 100% used [0x00000007a0000000, 0x00000007a5560000, 0x00000007a5560000)
  from space 21824K,  68% used [0x00000007a5560000, 0x00000007a63f9a50, 0x00000007a6ab0000)
  to   space 21824K,   0% used [0x00000007a6ab0000, 0x00000007a6ab0000, 0x00000007a8000000)
 concurrent mark-sweep generation total 393216K, used 6106K [0x00000007a8000000, 0x00000007c0000000, 0x00000007c0000000)
 Metaspace       used 31967K, capacity 32326K, committed 32764K, reserved 1079296K
  class space    used 3615K, capacity 3722K, committed 3836K, reserved 1048576K
2015-10-12T15:42:00.097-0530: 3017.931: [GC (Allocation Failure) 2015-10-12T15:42:00.097-0530: 3017.931: [ParNew
Desired survivor size 20112992 bytes, new threshold 8 (max 8)
- age   1:    1011648 bytes,    1011648 total
- age   2:    1022424 bytes,    2034072 total
- age   3:     195384 bytes,    2229456 total
- age   4:    3237944 bytes,    5467400 total
- age   5:    5832736 bytes,   11300136 total
- age   6:     186416 bytes,   11486552 total
- age   7:     121952 bytes,   11608504 total
- age   8:     117232 bytes,   11725736 total
: 102374K->13659K(109248K), 0.0906782 secs] 108481K->20056K(502464K), 0.0908078 secs] [Times: user=0.11 sys=0.00, real=0.09 secs] 
Heap after GC invocations=11 (full 1):
 par new generation   total 109248K, used 13659K [0x00000007a0000000, 0x00000007a8000000, 0x00000007a8000000)
  eden space 87424K,   0% used [0x00000007a0000000, 0x00000007a0000000, 0x00000007a5560000)
  from space 21824K,  62% used [0x00000007a6ab0000, 0x00000007a7806ea8, 0x00000007a8000000)
  to   space 21824K,   0% used [0x00000007a5560000, 0x00000007a5560000, 0x00000007a6ab0000)
 concurrent mark-sweep generation total 393216K, used 6397K [0x00000007a8000000, 0x00000007c0000000, 0x00000007c0000000)
 Metaspace       used 31967K, capacity 32326K, committed 32764K, reserved 1079296K
  class space    used 3615K, capacity 3722K, committed 3836K, reserved 1048576K
}
2015-10-12T15:42:00.188-0530: 3018.021: Total time for which application threads were stopped: 0.0911102 seconds, Stopping threads took: 0.0000259 seconds
2015-10-12T15:42:01.192-0530: 3019.026: Total time for which application threads were stopped: 0.0001918 seconds, Stopping threads took: 0.0000422 seconds
2015-10-12T15:54:47.821-0530: 3785.702: Total time for which application threads were stopped: 0.0001275 seconds, Stopping threads took: 0.0000206 seconds
2015-10-12T15:54:47.942-0530: 3785.822: Total time for which application threads were stopped: 0.0001128 seconds, Stopping threads took: 0.0000229 seconds
2015-10-12T15:54:48.942-0530: 3786.823: Total time for which application threads were stopped: 0.0001500 seconds, Stopping threads took: 0.0000230 seconds
2015-10-12T15:54:49.946-0530: 3787.827: Total time for which application threads were stopped: 0.0001027 seconds, Stopping threads took: 0.0000252 seconds
2015-10-12T16:20:18.181-0530: 5041.955: Total time for which application threads were stopped: 0.0003089 seconds, Stopping threads took: 0.0000674 seconds
2015-10-12T16:47:51.652-0530: 6512.631: Total time for which application threads were stopped: 0.0001115 seconds, Stopping threads took: 0.0000249 seconds
2015-10-12T16:56:51.088-0530: 7052.100: Total time for which application threads were stopped: 0.0001660 seconds, Stopping threads took: 0.0000460 seconds
2015-10-12T17:07:51.824-0530: 7712.876: Total time for which application threads were stopped: 0.0002394 seconds, Stopping threads took: 0.0000463 seconds
2015-10-12T17:11:30.405-0530: 7931.471: Total time for which application threads were stopped: 0.0001112 seconds, Stopping threads took: 0.0000191 seconds
2015-10-12T17:11:30.510-0530: 7931.576: Total time for which application threads were stopped: 0.0001815 seconds, Stopping threads took: 0.0000396 seconds
2015-10-12T17:11:31.514-0530: 7932.580: Total time for which application threads were stopped: 0.0001204 seconds, Stopping threads took: 0.0000282 seconds
2015-10-12T17:11:49.078-0530: 7950.145: Total time for which application threads were stopped: 0.0003489 seconds, Stopping threads took: 0.0000323 seconds
2015-10-12T17:11:50.083-0530: 7951.150: Total time for which application threads were stopped: 0.0001014 seconds, Stopping threads took: 0.0000242 seconds
2015-10-12T17:12:39.288-0530: 8000.358: Total time for which application threads were stopped: 0.0002126 seconds, Stopping threads took: 0.0000515 seconds
2015-10-12T17:13:13.730-0530: 8034.802: Total time for which application threads were stopped: 0.0001367 seconds, Stopping threads took: 0.0000247 seconds
2015-10-12T17:13:13.808-0530: 8034.880: Total time for which application threads were stopped: 0.0001164 seconds, Stopping threads took: 0.0000237 seconds
2015-10-12T17:13:14.813-0530: 8035.885: Total time for which application threads were stopped: 0.0001816 seconds, Stopping threads took: 0.0000268 seconds
2015-10-12T17:16:55.331-0530: 8256.416: Total time for which application threads were stopped: 0.0003794 seconds, Stopping threads took: 0.0000203 seconds
2015-10-12T17:16:55.411-0530: 8256.496: Total time for which application threads were stopped: 0.0001253 seconds, Stopping threads took: 0.0000242 seconds
2015-10-12T17:16:55.411-0530: 8256.497: Total time for which application threads were stopped: 0.0001071 seconds, Stopping threads took: 0.0000182 seconds
2015-10-12T17:43:14.217-0530: 9784.266: Total time for which application threads were stopped: 0.0001566 seconds, Stopping threads took: 0.0000437 seconds
2015-10-12T17:43:14.337-0530: 9784.386: Total time for which application threads were stopped: 0.0001189 seconds, Stopping threads took: 0.0000237 seconds
2015-10-12T17:43:15.338-0530: 9785.388: Total time for which application threads were stopped: 0.0001454 seconds, Stopping threads took: 0.0000510 seconds
2015-10-12T17:43:56.734-0530: 9826.786: Total time for which application threads were stopped: 0.0001263 seconds, Stopping threads took: 0.0000238 seconds
2015-10-12T17:43:57.739-0530: 9827.791: Total time for which application threads were stopped: 0.0001301 seconds, Stopping threads took: 0.0000411 seconds
2015-10-12T17:44:14.333-0530: 9844.387: Total time for which application threads were stopped: 0.0001057 seconds, Stopping threads took: 0.0000232 seconds
2015-10-12T17:44:15.335-0530: 9845.388: Total time for which application threads were stopped: 0.0001349 seconds, Stopping threads took: 0.0000338 seconds
2015-10-12T17:54:25.086-0530: 10455.177: Total time for which application threads were stopped: 0.0001397 seconds, Stopping threads took: 0.0000237 seconds
2015-10-12T17:54:25.192-0530: 10455.283: Total time for which application threads were stopped: 0.0001293 seconds, Stopping threads took: 0.0000291 seconds
2015-10-12T17:54:26.196-0530: 10456.287: Total time for which application threads were stopped: 0.0001335 seconds, Stopping threads took: 0.0000289 seconds
2015-10-12T18:09:04.744-0530: 11334.889: Total time for which application threads were stopped: 0.0001204 seconds, Stopping threads took: 0.0000227 seconds
2015-10-12T18:09:04.823-0530: 11334.968: Total time for which application threads were stopped: 0.0001187 seconds, Stopping threads took: 0.0000242 seconds
2015-10-12T18:09:05.828-0530: 11335.973: Total time for which application threads were stopped: 0.0001751 seconds, Stopping threads took: 0.0000387 seconds
2015-10-12T18:10:42.655-0530: 11432.807: Total time for which application threads were stopped: 0.0001471 seconds, Stopping threads took: 0.0000242 seconds
2015-10-12T18:10:42.742-0530: 11432.894: Total time for which application threads were stopped: 0.0001201 seconds, Stopping threads took: 0.0000236 seconds
{Heap before GC invocations=11 (full 1):
 par new generation   total 109248K, used 101083K [0x00000007a0000000, 0x00000007a8000000, 0x00000007a8000000)
  eden space 87424K, 100% used [0x00000007a0000000, 0x00000007a5560000, 0x00000007a5560000)
  from space 21824K,  62% used [0x00000007a6ab0000, 0x00000007a7806ea8, 0x00000007a8000000)
  to   space 21824K,   0% used [0x00000007a5560000, 0x00000007a5560000, 0x00000007a6ab0000)
 concurrent mark-sweep generation total 393216K, used 6397K [0x00000007a8000000, 0x00000007c0000000, 0x00000007c0000000)
 Metaspace       used 32121K, capacity 32454K, committed 32764K, reserved 1079296K
  class space    used 3628K, capacity 3722K, committed 3836K, reserved 1048576K
2015-10-12T18:10:42.809-0530: 11432.960: [GC (Allocation Failure) 2015-10-12T18:10:42.809-0530: 11432.960: [ParNew
Desired survivor size 20112992 bytes, new threshold 8 (max 8)
- age   1:     605880 bytes,     605880 total
- age   2:     679904 bytes,    1285784 total
- age   3:     969872 bytes,    2255656 total
- age   4:     195128 bytes,    2450784 total
- age   5:    3237456 bytes,    5688240 total
- age   6:    5832720 bytes,   11520960 total
- age   7:     186416 bytes,   11707376 total
- age   8:     121952 bytes,   11829328 total
: 101083K->14524K(109248K), 0.0274223 secs] 107480K->21040K(502464K), 0.0275406 secs] [Times: user=0.06 sys=0.01, real=0.03 secs] 
Heap after GC invocations=12 (full 1):
 par new generation   total 109248K, used 14524K [0x00000007a0000000, 0x00000007a8000000, 0x00000007a8000000)
  eden space 87424K,   0% used [0x00000007a0000000, 0x00000007a0000000, 0x00000007a5560000)
  from space 21824K,  66% used [0x00000007a5560000, 0x00000007a638f100, 0x00000007a6ab0000)
  to   space 21824K,   0% used [0x00000007a6ab0000, 0x00000007a6ab0000, 0x00000007a8000000)
 concurrent mark-sweep generation total 393216K, used 6516K [0x00000007a8000000, 0x00000007c0000000, 0x00000007c0000000)
 Metaspace       used 32121K, capacity 32454K, committed 32764K, reserved 1079296K
  class space    used 3628K, capacity 3722K, committed 3836K, reserved 1048576K
}
2015-10-12T18:10:42.836-0530: 11432.988: Total time for which application threads were stopped: 0.0278198 seconds, Stopping threads took: 0.0000227 seconds
2015-10-12T18:10:43.840-0530: 11433.992: Total time for which application threads were stopped: 0.0001205 seconds, Stopping threads took: 0.0000298 seconds
2015-10-12T18:14:13.629-0530: 11643.793: Total time for which application threads were stopped: 0.0001554 seconds, Stopping threads took: 0.0000222 seconds
2015-10-12T18:14:13.726-0530: 11643.891: Total time for which application threads were stopped: 0.0001171 seconds, Stopping threads took: 0.0000259 seconds
2015-10-12T18:14:14.730-0530: 11644.894: Total time for which application threads were stopped: 0.0001176 seconds, Stopping threads took: 0.0000277 seconds
2015-10-12T18:17:28.051-0530: 11838.227: Total time for which application threads were stopped: 0.0001393 seconds, Stopping threads took: 0.0000251 seconds
2015-10-12T18:17:28.202-0530: 11838.379: Total time for which application threads were stopped: 0.0001195 seconds, Stopping threads took: 0.0000266 seconds
2015-10-12T18:17:29.205-0530: 11839.381: Total time for which application threads were stopped: 0.0002796 seconds, Stopping threads took: 0.0000618 seconds
2015-10-12T18:19:42.459-0530: 11972.644: Total time for which application threads were stopped: 0.0001353 seconds, Stopping threads took: 0.0000231 seconds
2015-10-12T18:19:42.527-0530: 11972.712: Total time for which application threads were stopped: 0.0001184 seconds, Stopping threads took: 0.0000266 seconds
2015-10-12T18:20:36.916-0530: 12027.104: Total time for which application threads were stopped: 0.0001997 seconds, Stopping threads took: 0.0000334 seconds
2015-10-12T18:21:05.982-0530: 12056.172: Total time for which application threads were stopped: 0.0002890 seconds, Stopping threads took: 0.0000617 seconds
2015-10-12T18:21:21.729-0530: 12071.920: Total time for which application threads were stopped: 0.0001273 seconds, Stopping threads took: 0.0000267 seconds
2015-10-12T18:21:21.803-0530: 12071.993: Total time for which application threads were stopped: 0.0006874 seconds, Stopping threads took: 0.0000214 seconds
2015-10-12T18:21:21.804-0530: 12071.994: Total time for which application threads were stopped: 0.0006697 seconds, Stopping threads took: 0.0000184 seconds
2015-10-12T18:21:21.805-0530: 12071.996: Total time for which application threads were stopped: 0.0001803 seconds, Stopping threads took: 0.0000865 seconds
2015-10-12T18:21:21.805-0530: 12071.996: Total time for which application threads were stopped: 0.0000622 seconds, Stopping threads took: 0.0000091 seconds
2015-10-12T18:21:21.812-0530: 12072.003: Total time for which application threads were stopped: 0.0001697 seconds, Stopping threads took: 0.0000452 seconds
2015-10-12T18:21:21.812-0530: 12072.003: Total time for which application threads were stopped: 0.0001381 seconds, Stopping threads took: 0.0000467 seconds
2015-10-12T18:21:22.814-0530: 12073.005: Total time for which application threads were stopped: 0.0002558 seconds, Stopping threads took: 0.0001306 seconds
2015-10-12T18:21:37.856-0530: 12088.048: Total time for which application threads were stopped: 0.0001409 seconds, Stopping threads took: 0.0000373 seconds
2015-10-12T18:21:58.921-0530: 12109.114: Total time for which application threads were stopped: 0.0002515 seconds, Stopping threads took: 0.0000509 seconds
2015-10-12T18:22:10.953-0530: 12121.147: Total time for which application threads were stopped: 0.0003269 seconds, Stopping threads took: 0.0000699 seconds
2015-10-12T18:22:21.814-0530: 12132.009: Total time for which application threads were stopped: 0.0002326 seconds, Stopping threads took: 0.0000504 seconds
2015-10-12T18:23:35.175-0530: 12205.375: Total time for which application threads were stopped: 0.0001498 seconds, Stopping threads took: 0.0000256 seconds
2015-10-12T18:23:56.464-0530: 12226.664: Total time for which application threads were stopped: 0.0002468 seconds, Stopping threads took: 0.0000238 seconds
2015-10-12T18:23:57.465-0530: 12227.666: Total time for which application threads were stopped: 0.0001434 seconds, Stopping threads took: 0.0000377 seconds
2015-10-12T18:26:26.623-0530: 12376.833: Total time for which application threads were stopped: 0.0001356 seconds, Stopping threads took: 0.0000221 seconds
2015-10-12T18:26:26.695-0530: 12376.905: Total time for which application threads were stopped: 0.0000914 seconds, Stopping threads took: 0.0000222 seconds
2015-10-12T18:26:27.699-0530: 12377.909: Total time for which application threads were stopped: 0.0002474 seconds, Stopping threads took: 0.0000451 seconds
2015-10-12T18:31:33.527-0530: 12683.756: Total time for which application threads were stopped: 0.0000930 seconds, Stopping threads took: 0.0000182 seconds
2015-10-12T18:31:34.531-0530: 12684.760: Total time for which application threads were stopped: 0.0001048 seconds, Stopping threads took: 0.0000266 seconds
2015-10-12T18:32:23.678-0530: 12733.909: Total time for which application threads were stopped: 0.0001704 seconds, Stopping threads took: 0.0000574 seconds
2015-10-12T18:37:50.485-0530: 13060.737: Total time for which application threads were stopped: 0.0001339 seconds, Stopping threads took: 0.0000227 seconds
2015-10-12T18:37:50.487-0530: 13060.740: Total time for which application threads were stopped: 0.0000924 seconds, Stopping threads took: 0.0000198 seconds
2015-10-12T18:37:51.488-0530: 13061.740: Total time for which application threads were stopped: 0.0001672 seconds, Stopping threads took: 0.0000404 seconds
2015-10-12T18:37:57.028-0530: 13067.281: Total time for which application threads were stopped: 0.0001089 seconds, Stopping threads took: 0.0000207 seconds
2015-10-12T18:37:57.031-0530: 13067.283: Total time for which application threads were stopped: 0.0001216 seconds, Stopping threads took: 0.0000246 seconds
2015-10-12T18:39:00.382-0530: 13130.638: Total time for which application threads were stopped: 0.0000960 seconds, Stopping threads took: 0.0000207 seconds
2015-10-12T18:41:58.731-0530: 13308.998: Total time for which application threads were stopped: 0.0001484 seconds, Stopping threads took: 0.0000252 seconds
2015-10-12T18:41:58.812-0530: 13309.080: Total time for which application threads were stopped: 0.0001172 seconds, Stopping threads took: 0.0000264 seconds
2015-10-12T18:42:46.450-0530: 13356.720: Total time for which application threads were stopped: 0.0001062 seconds, Stopping threads took: 0.0000214 seconds
2015-10-12T18:43:13.563-0530: 13383.835: Total time for which application threads were stopped: 0.0000966 seconds, Stopping threads took: 0.0000235 seconds
2015-10-12T18:43:49.487-0530: 13419.762: Total time for which application threads were stopped: 0.0001562 seconds, Stopping threads took: 0.0000525 seconds
2015-10-12T18:43:49.490-0530: 13419.765: Total time for which application threads were stopped: 0.0001700 seconds, Stopping threads took: 0.0000521 seconds
2015-10-12T18:43:49.509-0530: 13419.784: Total time for which application threads were stopped: 0.0001880 seconds, Stopping threads took: 0.0000570 seconds
2015-10-12T18:43:49.510-0530: 13419.785: Total time for which application threads were stopped: 0.0001470 seconds, Stopping threads took: 0.0000217 seconds
2015-10-12T18:43:50.515-0530: 13420.789: Total time for which application threads were stopped: 0.0001962 seconds, Stopping threads took: 0.0000376 seconds
2015-10-12T18:44:03.206-0530: 13433.481: Total time for which application threads were stopped: 0.0002000 seconds, Stopping threads took: 0.0000458 seconds
2015-10-12T18:44:03.208-0530: 13433.483: Total time for which application threads were stopped: 0.0001063 seconds, Stopping threads took: 0.0000187 seconds
2015-10-12T18:44:03.225-0530: 13433.500: Total time for which application threads were stopped: 0.0001817 seconds, Stopping threads took: 0.0000429 seconds
2015-10-12T18:44:03.225-0530: 13433.500: Total time for which application threads were stopped: 0.0001029 seconds, Stopping threads took: 0.0000127 seconds
2015-10-12T18:44:03.225-0530: 13433.500: Total time for which application threads were stopped: 0.0001332 seconds, Stopping threads took: 0.0000499 seconds
2015-10-12T18:44:03.226-0530: 13433.501: Total time for which application threads were stopped: 0.0001537 seconds, Stopping threads took: 0.0000218 seconds
2015-10-12T18:44:03.226-0530: 13433.501: Total time for which application threads were stopped: 0.0001797 seconds, Stopping threads took: 0.0001171 seconds
2015-10-12T18:44:04.230-0530: 13434.506: Total time for which application threads were stopped: 0.0001115 seconds, Stopping threads took: 0.0000240 seconds
2015-10-12T18:44:21.149-0530: 13451.425: Total time for which application threads were stopped: 0.0002687 seconds, Stopping threads took: 0.0000200 seconds
2015-10-12T18:44:21.163-0530: 13451.439: Total time for which application threads were stopped: 0.0003465 seconds, Stopping threads took: 0.0000928 seconds
2015-10-12T18:44:21.163-0530: 13451.440: Total time for which application threads were stopped: 0.0001663 seconds, Stopping threads took: 0.0000342 seconds
2015-10-12T18:44:21.164-0530: 13451.441: Total time for which application threads were stopped: 0.0004779 seconds, Stopping threads took: 0.0000498 seconds
2015-10-12T18:44:21.165-0530: 13451.442: Total time for which application threads were stopped: 0.0002970 seconds, Stopping threads took: 0.0000484 seconds
2015-10-12T18:44:21.166-0530: 13451.442: Total time for which application threads were stopped: 0.0001106 seconds, Stopping threads took: 0.0000226 seconds
2015-10-12T18:44:21.166-0530: 13451.442: Total time for which application threads were stopped: 0.0001049 seconds, Stopping threads took: 0.0000298 seconds
2015-10-12T18:44:22.168-0530: 13452.445: Total time for which application threads were stopped: 0.0002746 seconds, Stopping threads took: 0.0000508 seconds
2015-10-12T18:44:23.665-0530: 13453.942: Total time for which application threads were stopped: 0.0001074 seconds, Stopping threads took: 0.0000216 seconds
2015-10-12T18:44:28.829-0530: 13459.106: Total time for which application threads were stopped: 0.0001997 seconds, Stopping threads took: 0.0000369 seconds
2015-10-12T18:44:28.830-0530: 13459.107: Total time for which application threads were stopped: 0.0001669 seconds, Stopping threads took: 0.0000146 seconds
2015-10-12T18:44:28.831-0530: 13459.108: Total time for which application threads were stopped: 0.0001988 seconds, Stopping threads took: 0.0000476 seconds
2015-10-12T18:44:28.835-0530: 13459.112: Total time for which application threads were stopped: 0.0001194 seconds, Stopping threads took: 0.0000245 seconds
2015-10-12T18:44:28.836-0530: 13459.113: Total time for which application threads were stopped: 0.0001152 seconds, Stopping threads took: 0.0000186 seconds
2015-10-12T18:44:28.836-0530: 13459.113: Total time for which application threads were stopped: 0.0000960 seconds, Stopping threads took: 0.0000140 seconds
2015-10-12T18:44:28.840-0530: 13459.117: Total time for which application threads were stopped: 0.0001362 seconds, Stopping threads took: 0.0000246 seconds
2015-10-12T18:44:29.842-0530: 13460.119: Total time for which application threads were stopped: 0.0001312 seconds, Stopping threads took: 0.0000317 seconds
2015-10-13T16:18:36.884-0530: 32932.568: Total time for which application threads were stopped: 0.0010259 seconds, Stopping threads took: 0.0004994 seconds
2015-10-13T16:18:36.928-0530: 32932.613: Total time for which application threads were stopped: 0.0007965 seconds, Stopping threads took: 0.0000205 seconds
2015-10-13T16:18:36.936-0530: 32932.620: Total time for which application threads were stopped: 0.0002289 seconds, Stopping threads took: 0.0000201 seconds
2015-10-13T16:18:36.937-0530: 32932.621: Total time for which application threads were stopped: 0.0002259 seconds, Stopping threads took: 0.0000155 seconds
2015-10-13T16:18:51.977-0530: 32947.662: Total time for which application threads were stopped: 0.0001104 seconds, Stopping threads took: 0.0000243 seconds
2015-10-13T16:18:58.833-0530: 32954.519: Total time for which application threads were stopped: 0.0001696 seconds, Stopping threads took: 0.0000190 seconds
2015-10-13T16:18:58.856-0530: 32954.541: Total time for which application threads were stopped: 0.0001646 seconds, Stopping threads took: 0.0000523 seconds
2015-10-13T16:18:59.857-0530: 32955.542: Total time for which application threads were stopped: 0.0001437 seconds, Stopping threads took: 0.0000253 seconds
2015-10-13T23:35:00.335-0530: 37595.690: Total time for which application threads were stopped: 0.0011752 seconds, Stopping threads took: 0.0004924 seconds
2015-10-14T16:57:41.267-0530: 49911.740: Total time for which application threads were stopped: 0.0598662 seconds, Stopping threads took: 0.0003777 seconds
2015-10-14T16:57:41.278-0530: 49911.750: Total time for which application threads were stopped: 0.0006001 seconds, Stopping threads took: 0.0000211 seconds
2015-10-14T16:57:41.329-0530: 49911.802: Total time for which application threads were stopped: 0.0014067 seconds, Stopping threads took: 0.0012731 seconds
2015-10-14T16:57:41.373-0530: 49911.845: Total time for which application threads were stopped: 0.0001472 seconds, Stopping threads took: 0.0000333 seconds
2015-10-14T16:57:41.378-0530: 49911.851: Total time for which application threads were stopped: 0.0002129 seconds, Stopping threads took: 0.0000188 seconds
2015-10-14T16:57:41.381-0530: 49911.853: Total time for which application threads were stopped: 0.0000857 seconds, Stopping threads took: 0.0000181 seconds
2015-10-14T16:57:41.397-0530: 49911.869: Total time for which application threads were stopped: 0.0001113 seconds, Stopping threads took: 0.0000320 seconds
2015-10-14T16:57:41.416-0530: 49911.888: Total time for which application threads were stopped: 0.0001214 seconds, Stopping threads took: 0.0000160 seconds
2015-10-14T16:57:41.416-0530: 49911.888: Total time for which application threads were stopped: 0.0000678 seconds, Stopping threads took: 0.0000102 seconds
2015-10-14T16:57:41.416-0530: 49911.888: Total time for which application threads were stopped: 0.0000568 seconds, Stopping threads took: 0.0000097 seconds
2015-10-14T16:57:41.416-0530: 49911.888: Total time for which application threads were stopped: 0.0000450 seconds, Stopping threads took: 0.0000068 seconds
2015-10-14T16:57:41.418-0530: 49911.890: Total time for which application threads were stopped: 0.0000985 seconds, Stopping threads took: 0.0000172 seconds
2015-10-14T16:57:41.418-0530: 49911.891: Total time for which application threads were stopped: 0.0000560 seconds, Stopping threads took: 0.0000092 seconds
2015-10-14T16:57:41.418-0530: 49911.891: Total time for which application threads were stopped: 0.0000368 seconds, Stopping threads took: 0.0000054 seconds
2015-10-14T16:57:41.418-0530: 49911.891: Total time for which application threads were stopped: 0.0000438 seconds, Stopping threads took: 0.0000075 seconds
2015-10-14T16:57:41.418-0530: 49911.891: Total time for which application threads were stopped: 0.0000405 seconds, Stopping threads took: 0.0000082 seconds
2015-10-14T16:57:41.420-0530: 49911.893: Total time for which application threads were stopped: 0.0000942 seconds, Stopping threads took: 0.0000259 seconds
2015-10-14T16:57:41.420-0530: 49911.893: Total time for which application threads were stopped: 0.0001152 seconds, Stopping threads took: 0.0000071 seconds
2015-10-14T16:57:41.432-0530: 49911.904: Total time for which application threads were stopped: 0.0001391 seconds, Stopping threads took: 0.0000156 seconds
2015-10-14T16:57:41.434-0530: 49911.907: Total time for which application threads were stopped: 0.0001214 seconds, Stopping threads took: 0.0000335 seconds
2015-10-14T16:57:41.435-0530: 49911.908: Total time for which application threads were stopped: 0.0000609 seconds, Stopping threads took: 0.0000203 seconds
2015-10-14T16:57:41.435-0530: 49911.908: Total time for which application threads were stopped: 0.0000633 seconds, Stopping threads took: 0.0000326 seconds
2015-10-14T16:57:41.435-0530: 49911.908: Total time for which application threads were stopped: 0.0000780 seconds, Stopping threads took: 0.0000481 seconds
2015-10-14T16:57:41.435-0530: 49911.908: Total time for which application threads were stopped: 0.0000459 seconds, Stopping threads took: 0.0000158 seconds
2015-10-14T16:57:41.436-0530: 49911.908: Total time for which application threads were stopped: 0.0000633 seconds, Stopping threads took: 0.0000355 seconds
2015-10-14T16:57:41.436-0530: 49911.908: Total time for which application threads were stopped: 0.0000496 seconds, Stopping threads took: 0.0000217 seconds
2015-10-14T16:57:41.436-0530: 49911.909: Total time for which application threads were stopped: 0.0000506 seconds, Stopping threads took: 0.0000213 seconds
2015-10-14T16:57:41.436-0530: 49911.909: Total time for which application threads were stopped: 0.0000692 seconds, Stopping threads took: 0.0000366 seconds
2015-10-14T16:57:41.436-0530: 49911.909: Total time for which application threads were stopped: 0.0000538 seconds, Stopping threads took: 0.0000218 seconds
2015-10-14T16:57:41.436-0530: 49911.909: Total time for which application threads were stopped: 0.0000738 seconds, Stopping threads took: 0.0000407 seconds
2015-10-14T16:57:41.437-0530: 49911.909: Total time for which application threads were stopped: 0.0000943 seconds, Stopping threads took: 0.0000617 seconds
2015-10-14T16:57:41.437-0530: 49911.909: Total time for which application threads were stopped: 0.0001223 seconds, Stopping threads took: 0.0000215 seconds
2015-10-14T16:57:41.440-0530: 49911.913: Total time for which application threads were stopped: 0.0000991 seconds, Stopping threads took: 0.0000365 seconds
2015-10-14T16:57:41.447-0530: 49911.919: Total time for which application threads were stopped: 0.0001051 seconds, Stopping threads took: 0.0000443 seconds
2015-10-14T16:57:41.447-0530: 49911.919: Total time for which application threads were stopped: 0.0001024 seconds, Stopping threads took: 0.0000449 seconds
2015-10-14T16:57:41.447-0530: 49911.920: Total time for which application threads were stopped: 0.0000697 seconds, Stopping threads took: 0.0000410 seconds
2015-10-14T16:57:41.447-0530: 49911.920: Total time for which application threads were stopped: 0.0000611 seconds, Stopping threads took: 0.0000273 seconds
2015-10-14T16:57:41.448-0530: 49911.920: Total time for which application threads were stopped: 0.0000729 seconds, Stopping threads took: 0.0000305 seconds
2015-10-14T16:57:41.448-0530: 49911.920: Total time for which application threads were stopped: 0.0000601 seconds, Stopping threads took: 0.0000262 seconds
2015-10-14T16:57:41.448-0530: 49911.920: Total time for which application threads were stopped: 0.0000632 seconds, Stopping threads took: 0.0000269 seconds
2015-10-14T16:57:41.448-0530: 49911.921: Total time for which application threads were stopped: 0.0000980 seconds, Stopping threads took: 0.0000598 seconds
2015-10-14T16:57:41.448-0530: 49911.921: Total time for which application threads were stopped: 0.0001189 seconds, Stopping threads took: 0.0000855 seconds
2015-10-14T16:57:41.449-0530: 49911.921: Total time for which application threads were stopped: 0.0000689 seconds, Stopping threads took: 0.0000412 seconds
2015-10-14T16:57:41.449-0530: 49911.921: Total time for which application threads were stopped: 0.0000657 seconds, Stopping threads took: 0.0000361 seconds
2015-10-14T16:57:41.449-0530: 49911.922: Total time for which application threads were stopped: 0.0000677 seconds, Stopping threads took: 0.0000406 seconds
2015-10-14T16:57:41.449-0530: 49911.922: Total time for which application threads were stopped: 0.0000723 seconds, Stopping threads took: 0.0000376 seconds
2015-10-14T16:57:41.450-0530: 49911.922: Total time for which application threads were stopped: 0.0000581 seconds, Stopping threads took: 0.0000242 seconds
2015-10-14T16:57:41.450-0530: 49911.922: Total time for which application threads were stopped: 0.0000708 seconds, Stopping threads took: 0.0000435 seconds
2015-10-14T16:57:41.450-0530: 49911.922: Total time for which application threads were stopped: 0.0000586 seconds, Stopping threads took: 0.0000255 seconds
2015-10-14T16:57:41.450-0530: 49911.923: Total time for which application threads were stopped: 0.0000554 seconds, Stopping threads took: 0.0000086 seconds
2015-10-14T16:57:41.450-0530: 49911.923: Total time for which application threads were stopped: 0.0000428 seconds, Stopping threads took: 0.0000111 seconds
2015-10-14T16:57:41.450-0530: 49911.923: Total time for which application threads were stopped: 0.0000690 seconds, Stopping threads took: 0.0000411 seconds
2015-10-14T16:57:41.451-0530: 49911.923: Total time for which application threads were stopped: 0.0001315 seconds, Stopping threads took: 0.0000265 seconds
Heap
 par new generation   total 109248K, used 67909K [0x00000007a0000000, 0x00000007a8000000, 0x00000007a8000000)
  eden space 87424K,  61% used [0x00000007a0000000, 0x00000007a3422510, 0x00000007a5560000)
  from space 21824K,  66% used [0x00000007a5560000, 0x00000007a638f100, 0x00000007a6ab0000)
  to   space 21824K,   0% used [0x00000007a6ab0000, 0x00000007a6ab0000, 0x00000007a8000000)
 concurrent mark-sweep generation total 393216K, used 6516K [0x00000007a8000000, 0x00000007c0000000, 0x00000007c0000000)
 Metaspace       used 32403K, capacity 32798K, committed 33276K, reserved 1079296K
  class space    used 3665K, capacity 3768K, committed 3836K, reserved 1048576K
